Archive member included to satisfy reference by file (symbol)

../../libtock-c/libtock/build/cortex-m4/libtock.a(button.o)
                              build/cortex-m4/main.o (button_subscribe)
../../libtock-c/libtock/build/cortex-m4/libtock.a(crt0.o)
                              (_start)
../../libtock-c/libtock/build/cortex-m4/libtock.a(tock.o)
                              ../../libtock-c/libtock/build/cortex-m4/libtock.a(button.o) (tock_command_return_novalue_to_returncode)
../../libtock-c/libtock/build/cortex-m4/libtock.a(led.o)
                              build/cortex-m4/main.o (led_on)
../../libtock-c/newlib/cortex-m/v7-m/libc.a(lib_a-exit.o)
                              ../../libtock-c/libtock/build/cortex-m4/libtock.a(tock.o) (exit)
../../libtock-c/newlib/cortex-m/v7-m/libc.a(lib_a-impure.o)
                              ../../libtock-c/newlib/cortex-m/v7-m/libc.a(lib_a-exit.o) (_global_impure_ptr)
../../libtock-c/newlib/cortex-m/v7-m/libc.a(lib_a-memcpy-stub.o)
                              ../../libtock-c/libtock/build/cortex-m4/libtock.a(crt0.o) (memcpy)
../../libtock-c/newlib/cortex-m/v7-m/libc.a(lib_a-memset.o)
                              ../../libtock-c/libtock/build/cortex-m4/libtock.a(crt0.o) (memset)
../../libtock-c/newlib/cortex-m/v7-m/libc.a(lib_a-printf.o)
                              ../../libtock-c/libtock/build/cortex-m4/libtock.a(tock.o) (printf)
../../libtock-c/newlib/cortex-m/v7-m/libc.a(lib_a-findfp.o)
                              ../../libtock-c/newlib/cortex-m/v7-m/libc.a(lib_a-printf.o) (__sinit)
../../libtock-c/newlib/cortex-m/v7-m/libc.a(lib_a-fwalk.o)
                              ../../libtock-c/newlib/cortex-m/v7-m/libc.a(lib_a-findfp.o) (_fwalk)
../../libtock-c/newlib/cortex-m/v7-m/libc.a(lib_a-nano-mallocr.o)
                              ../../libtock-c/newlib/cortex-m/v7-m/libc.a(lib_a-findfp.o) (_malloc_r)
../../libtock-c/newlib/cortex-m/v7-m/libc.a(lib_a-nano-vfprintf.o)
                              ../../libtock-c/newlib/cortex-m/v7-m/libc.a(lib_a-printf.o) (_vfprintf_r)
../../libtock-c/newlib/cortex-m/v7-m/libc.a(lib_a-nano-vfprintf_i.o)
                              ../../libtock-c/newlib/cortex-m/v7-m/libc.a(lib_a-nano-vfprintf.o) (_printf_i)
../../libtock-c/newlib/cortex-m/v7-m/libc.a(lib_a-sbrkr.o)
                              ../../libtock-c/newlib/cortex-m/v7-m/libc.a(lib_a-nano-mallocr.o) (_sbrk_r)
../../libtock-c/newlib/cortex-m/v7-m/libc.a(lib_a-stdio.o)
                              ../../libtock-c/newlib/cortex-m/v7-m/libc.a(lib_a-findfp.o) (__sread)
../../libtock-c/newlib/cortex-m/v7-m/libc.a(lib_a-wbuf.o)
                              ../../libtock-c/newlib/cortex-m/v7-m/libc.a(lib_a-nano-vfprintf.o) (__swbuf_r)
../../libtock-c/newlib/cortex-m/v7-m/libc.a(lib_a-writer.o)
                              ../../libtock-c/newlib/cortex-m/v7-m/libc.a(lib_a-stdio.o) (_write_r)
../../libtock-c/newlib/cortex-m/v7-m/libc.a(lib_a-wsetup.o)
                              ../../libtock-c/newlib/cortex-m/v7-m/libc.a(lib_a-nano-vfprintf.o) (__swsetup_r)
../../libtock-c/newlib/cortex-m/v7-m/libc.a(lib_a-closer.o)
                              ../../libtock-c/newlib/cortex-m/v7-m/libc.a(lib_a-stdio.o) (_close_r)
../../libtock-c/newlib/cortex-m/v7-m/libc.a(lib_a-fflush.o)
                              ../../libtock-c/newlib/cortex-m/v7-m/libc.a(lib_a-findfp.o) (_fflush_r)
../../libtock-c/newlib/cortex-m/v7-m/libc.a(lib_a-fvwrite.o)
                              ../../libtock-c/newlib/cortex-m/v7-m/libc.a(lib_a-nano-vfprintf.o) (__sfvwrite_r)
../../libtock-c/newlib/cortex-m/v7-m/libc.a(lib_a-lseekr.o)
                              ../../libtock-c/newlib/cortex-m/v7-m/libc.a(lib_a-stdio.o) (_lseek_r)
../../libtock-c/newlib/cortex-m/v7-m/libc.a(lib_a-makebuf.o)
                              ../../libtock-c/newlib/cortex-m/v7-m/libc.a(lib_a-wsetup.o) (__smakebuf_r)
../../libtock-c/newlib/cortex-m/v7-m/libc.a(lib_a-memchr-stub.o)
                              ../../libtock-c/newlib/cortex-m/v7-m/libc.a(lib_a-nano-vfprintf.o) (memchr)
../../libtock-c/newlib/cortex-m/v7-m/libc.a(lib_a-memmove.o)
                              ../../libtock-c/newlib/cortex-m/v7-m/libc.a(lib_a-fvwrite.o) (memmove)
../../libtock-c/newlib/cortex-m/v7-m/libc.a(lib_a-mlock.o)
                              ../../libtock-c/newlib/cortex-m/v7-m/libc.a(lib_a-nano-mallocr.o) (__malloc_lock)
../../libtock-c/newlib/cortex-m/v7-m/libc.a(lib_a-nano-freer.o)
                              ../../libtock-c/newlib/cortex-m/v7-m/libc.a(lib_a-wsetup.o) (_free_r)
../../libtock-c/newlib/cortex-m/v7-m/libc.a(lib_a-nano-reallocr.o)
                              ../../libtock-c/newlib/cortex-m/v7-m/libc.a(lib_a-fvwrite.o) (_realloc_r)
../../libtock-c/newlib/cortex-m/v7-m/libc.a(lib_a-readr.o)
                              ../../libtock-c/newlib/cortex-m/v7-m/libc.a(lib_a-stdio.o) (_read_r)
../../libtock-c/newlib/cortex-m/v7-m/libc.a(lib_a-reent.o)
                              ../../libtock-c/newlib/cortex-m/v7-m/libc.a(lib_a-sbrkr.o) (errno)
../../libtock-c/newlib/cortex-m/v7-m/libc.a(lib_a-fstatr.o)
                              ../../libtock-c/newlib/cortex-m/v7-m/libc.a(lib_a-makebuf.o) (_fstat_r)
../../libtock-c/newlib/cortex-m/v7-m/libc.a(lib_a-isattyr.o)
                              ../../libtock-c/newlib/cortex-m/v7-m/libc.a(lib_a-makebuf.o) (_isatty_r)
../../libtock-c/newlib/cortex-m/v7-m/libc.a(lib_a-nano-msizer.o)
                              ../../libtock-c/newlib/cortex-m/v7-m/libc.a(lib_a-nano-reallocr.o) (_malloc_usable_size_r)
../../libtock-c/libtock/build/cortex-m4/libtock.a(sys.o)
                              ../../libtock-c/newlib/cortex-m/v7-m/libc.a(lib_a-isattyr.o) (_isatty)
../../libtock-c/libtock/build/cortex-m4/libtock.a(console.o)
                              ../../libtock-c/libtock/build/cortex-m4/libtock.a(sys.o) (putnstr)
../../libtock-c/newlib/cortex-m/v7-m/libc.a(lib_a-errno.o)
                              ../../libtock-c/libtock/build/cortex-m4/libtock.a(sys.o) (__errno)
../../libtock-c/newlib/cortex-m/v7-m/libc.a(lib_a-malloc.o)
                              ../../libtock-c/libtock/build/cortex-m4/libtock.a(console.o) (malloc)
../../libtock-c/newlib/cortex-m/v7-m/libc.a(lib_a-strncpy.o)
                              ../../libtock-c/libtock/build/cortex-m4/libtock.a(console.o) (strncpy)

Allocating common symbols
Common symbol       size              file

errno               0x4               ../../libtock-c/newlib/cortex-m/v7-m/libc.a(lib_a-reent.o)

Discarded input sections

 .text          0x0000000000000000        0x0 build/cortex-m4/main.o
 .text          0x0000000000000000        0x0 ../../libtock-c/libtock/build/cortex-m4/libtock.a(button.o)
 .text.button_count
                0x0000000000000000       0x24 ../../libtock-c/libtock/build/cortex-m4/libtock.a(button.o)
 .text.button_disable_interrupt
                0x0000000000000000       0x24 ../../libtock-c/libtock/build/cortex-m4/libtock.a(button.o)
 .text.button_read
                0x0000000000000000       0x26 ../../libtock-c/libtock/build/cortex-m4/libtock.a(button.o)
 .text          0x0000000000000000        0x0 ../../libtock-c/libtock/build/cortex-m4/libtock.a(crt0.o)
 .text._c_start_nopic
                0x0000000000000000       0x38 ../../libtock-c/libtock/build/cortex-m4/libtock.a(crt0.o)
 .text          0x0000000000000000        0x0 ../../libtock-c/libtock/build/cortex-m4/libtock.a(tock.o)
 .text.tock_enqueue
                0x0000000000000000       0x60 ../../libtock-c/libtock/build/cortex-m4/libtock.a(tock.o)
 .text.tock_command_return_u32_to_returncode
                0x0000000000000000       0x30 ../../libtock-c/libtock/build/cortex-m4/libtock.a(tock.o)
 .text.tock_allow_rw_return_to_returncode
                0x0000000000000000       0x20 ../../libtock-c/libtock/build/cortex-m4/libtock.a(tock.o)
 .text.tock_allow_ro_return_to_returncode
                0x0000000000000000       0x20 ../../libtock-c/libtock/build/cortex-m4/libtock.a(tock.o)
 .text.yield_for
                0x0000000000000000       0x10 ../../libtock-c/libtock/build/cortex-m4/libtock.a(tock.o)
 .text.yield_no_wait
                0x0000000000000000       0x20 ../../libtock-c/libtock/build/cortex-m4/libtock.a(tock.o)
 .text.tock_exit
                0x0000000000000000        0x6 ../../libtock-c/libtock/build/cortex-m4/libtock.a(tock.o)
 .text.tock_restart
                0x0000000000000000        0x6 ../../libtock-c/libtock/build/cortex-m4/libtock.a(tock.o)
 .text.allow_readonly
                0x0000000000000000       0x3a ../../libtock-c/libtock/build/cortex-m4/libtock.a(tock.o)
 .text.allow_readwrite
                0x0000000000000000       0x38 ../../libtock-c/libtock/build/cortex-m4/libtock.a(tock.o)
 .text.memop    0x0000000000000000       0x32 ../../libtock-c/libtock/build/cortex-m4/libtock.a(tock.o)
 .text.tock_app_memory_begins_at
                0x0000000000000000       0x1e ../../libtock-c/libtock/build/cortex-m4/libtock.a(tock.o)
 .text.tock_app_memory_ends_at
                0x0000000000000000       0x1e ../../libtock-c/libtock/build/cortex-m4/libtock.a(tock.o)
 .text.tock_app_flash_begins_at
                0x0000000000000000       0x1e ../../libtock-c/libtock/build/cortex-m4/libtock.a(tock.o)
 .text.tock_app_flash_ends_at
                0x0000000000000000       0x1e ../../libtock-c/libtock/build/cortex-m4/libtock.a(tock.o)
 .text.tock_app_grant_begins_at
                0x0000000000000000       0x1e ../../libtock-c/libtock/build/cortex-m4/libtock.a(tock.o)
 .text.tock_app_number_writeable_flash_regions
                0x0000000000000000       0x1e ../../libtock-c/libtock/build/cortex-m4/libtock.a(tock.o)
 .text.tock_app_writeable_flash_region_begins_at
                0x0000000000000000       0x1e ../../libtock-c/libtock/build/cortex-m4/libtock.a(tock.o)
 .text.tock_app_writeable_flash_region_ends_at
                0x0000000000000000       0x1e ../../libtock-c/libtock/build/cortex-m4/libtock.a(tock.o)
 .text.driver_exists
                0x0000000000000000       0x1c ../../libtock-c/libtock/build/cortex-m4/libtock.a(tock.o)
 .rodata.tock_strrcode.str1.1
                0x0000000000000000      0x1c8 ../../libtock-c/libtock/build/cortex-m4/libtock.a(tock.o)
 .text.tock_strrcode
                0x0000000000000000       0xa8 ../../libtock-c/libtock/build/cortex-m4/libtock.a(tock.o)
 .text.tock_strerr
                0x0000000000000000       0x10 ../../libtock-c/libtock/build/cortex-m4/libtock.a(tock.o)
 .rodata.tock_expect.str1.1
                0x0000000000000000       0x65 ../../libtock-c/libtock/build/cortex-m4/libtock.a(tock.o)
 .text.tock_expect
                0x0000000000000000       0x50 ../../libtock-c/libtock/build/cortex-m4/libtock.a(tock.o)
 .text          0x0000000000000000        0x0 ../../libtock-c/libtock/build/cortex-m4/libtock.a(led.o)
 .text.led_count
                0x0000000000000000       0x24 ../../libtock-c/libtock/build/cortex-m4/libtock.a(led.o)
 .text.led_toggle
                0x0000000000000000       0x24 ../../libtock-c/libtock/build/cortex-m4/libtock.a(led.o)
 .text          0x0000000000000000        0x0 ../../libtock-c/newlib/cortex-m/v7-m/libc.a(lib_a-exit.o)
 .text          0x0000000000000000        0x0 ../../libtock-c/newlib/cortex-m/v7-m/libc.a(lib_a-impure.o)
 .text          0x0000000000000000        0x0 ../../libtock-c/newlib/cortex-m/v7-m/libc.a(lib_a-memcpy-stub.o)
 .text          0x0000000000000000        0x0 ../../libtock-c/newlib/cortex-m/v7-m/libc.a(lib_a-memset.o)
 .text          0x0000000000000000        0x0 ../../libtock-c/newlib/cortex-m/v7-m/libc.a(lib_a-printf.o)
 .text._printf_r
                0x0000000000000000       0x28 ../../libtock-c/newlib/cortex-m/v7-m/libc.a(lib_a-printf.o)
 .text.printf   0x0000000000000000       0x34 ../../libtock-c/newlib/cortex-m/v7-m/libc.a(lib_a-printf.o)
 .text          0x0000000000000000        0x0 ../../libtock-c/newlib/cortex-m/v7-m/libc.a(lib_a-findfp.o)
 .text.__fp_lock
                0x0000000000000000        0x4 ../../libtock-c/newlib/cortex-m/v7-m/libc.a(lib_a-findfp.o)
 .text.std      0x0000000000000000       0x58 ../../libtock-c/newlib/cortex-m/v7-m/libc.a(lib_a-findfp.o)
 .text._cleanup_r
                0x0000000000000000       0x10 ../../libtock-c/newlib/cortex-m/v7-m/libc.a(lib_a-findfp.o)
 .text.__fp_unlock
                0x0000000000000000        0x4 ../../libtock-c/newlib/cortex-m/v7-m/libc.a(lib_a-findfp.o)
 .text.__sfmoreglue
                0x0000000000000000       0x2c ../../libtock-c/newlib/cortex-m/v7-m/libc.a(lib_a-findfp.o)
 .text._cleanup
                0x0000000000000000       0x10 ../../libtock-c/newlib/cortex-m/v7-m/libc.a(lib_a-findfp.o)
 .text.__sfp_lock_acquire
                0x0000000000000000        0x2 ../../libtock-c/newlib/cortex-m/v7-m/libc.a(lib_a-findfp.o)
 .text.__sfp_lock_release
                0x0000000000000000        0x2 ../../libtock-c/newlib/cortex-m/v7-m/libc.a(lib_a-findfp.o)
 .text.__sinit_lock_acquire
                0x0000000000000000        0x2 ../../libtock-c/newlib/cortex-m/v7-m/libc.a(lib_a-findfp.o)
 .text.__sinit_lock_release
                0x0000000000000000        0x2 ../../libtock-c/newlib/cortex-m/v7-m/libc.a(lib_a-findfp.o)
 .text.__sinit  0x0000000000000000       0x78 ../../libtock-c/newlib/cortex-m/v7-m/libc.a(lib_a-findfp.o)
 .text.__sfp    0x0000000000000000       0x88 ../../libtock-c/newlib/cortex-m/v7-m/libc.a(lib_a-findfp.o)
 .text.__fp_lock_all
                0x0000000000000000       0x24 ../../libtock-c/newlib/cortex-m/v7-m/libc.a(lib_a-findfp.o)
 .text.__fp_unlock_all
                0x0000000000000000       0x24 ../../libtock-c/newlib/cortex-m/v7-m/libc.a(lib_a-findfp.o)
 .text          0x0000000000000000        0x0 ../../libtock-c/newlib/cortex-m/v7-m/libc.a(lib_a-fwalk.o)
 .text._fwalk   0x0000000000000000       0x3a ../../libtock-c/newlib/cortex-m/v7-m/libc.a(lib_a-fwalk.o)
 .text._fwalk_reent
                0x0000000000000000       0x3e ../../libtock-c/newlib/cortex-m/v7-m/libc.a(lib_a-fwalk.o)
 .text          0x0000000000000000        0x0 ../../libtock-c/newlib/cortex-m/v7-m/libc.a(lib_a-nano-mallocr.o)
 .text._malloc_r
                0x0000000000000000       0xbc ../../libtock-c/newlib/cortex-m/v7-m/libc.a(lib_a-nano-mallocr.o)
 .text          0x0000000000000000        0x0 ../../libtock-c/newlib/cortex-m/v7-m/libc.a(lib_a-nano-vfprintf.o)
 .text.__sfputc_r
                0x0000000000000000       0x2a ../../libtock-c/newlib/cortex-m/v7-m/libc.a(lib_a-nano-vfprintf.o)
 .text.__sfputs_r
                0x0000000000000000       0x24 ../../libtock-c/newlib/cortex-m/v7-m/libc.a(lib_a-nano-vfprintf.o)
 .text.__sprint_r
                0x0000000000000000       0x1a ../../libtock-c/newlib/cortex-m/v7-m/libc.a(lib_a-nano-vfprintf.o)
 .rodata._vfprintf_r.str1.1
                0x0000000000000000       0x11 ../../libtock-c/newlib/cortex-m/v7-m/libc.a(lib_a-nano-vfprintf.o)
 .text._vfprintf_r
                0x0000000000000000      0x23c ../../libtock-c/newlib/cortex-m/v7-m/libc.a(lib_a-nano-vfprintf.o)
 .text.vfprintf
                0x0000000000000000       0x1c ../../libtock-c/newlib/cortex-m/v7-m/libc.a(lib_a-nano-vfprintf.o)
 .text          0x0000000000000000        0x0 ../../libtock-c/newlib/cortex-m/v7-m/libc.a(lib_a-nano-vfprintf_i.o)
 .text._printf_common
                0x0000000000000000       0xde ../../libtock-c/newlib/cortex-m/v7-m/libc.a(lib_a-nano-vfprintf_i.o)
 .rodata._printf_i.str1.1
                0x0000000000000000       0x22 ../../libtock-c/newlib/cortex-m/v7-m/libc.a(lib_a-nano-vfprintf_i.o)
 .text._printf_i
                0x0000000000000000      0x260 ../../libtock-c/newlib/cortex-m/v7-m/libc.a(lib_a-nano-vfprintf_i.o)
 .text          0x0000000000000000        0x0 ../../libtock-c/newlib/cortex-m/v7-m/libc.a(lib_a-sbrkr.o)
 .text._sbrk_r  0x0000000000000000       0x24 ../../libtock-c/newlib/cortex-m/v7-m/libc.a(lib_a-sbrkr.o)
 .text          0x0000000000000000        0x0 ../../libtock-c/newlib/cortex-m/v7-m/libc.a(lib_a-stdio.o)
 .text.__sread  0x0000000000000000       0x22 ../../libtock-c/newlib/cortex-m/v7-m/libc.a(lib_a-stdio.o)
 .text.__seofread
                0x0000000000000000        0x4 ../../libtock-c/newlib/cortex-m/v7-m/libc.a(lib_a-stdio.o)
 .text.__swrite
                0x0000000000000000       0x38 ../../libtock-c/newlib/cortex-m/v7-m/libc.a(lib_a-stdio.o)
 .text.__sseek  0x0000000000000000       0x24 ../../libtock-c/newlib/cortex-m/v7-m/libc.a(lib_a-stdio.o)
 .text.__sclose
                0x0000000000000000        0x8 ../../libtock-c/newlib/cortex-m/v7-m/libc.a(lib_a-stdio.o)
 .text          0x0000000000000000        0x0 ../../libtock-c/newlib/cortex-m/v7-m/libc.a(lib_a-wbuf.o)
 .text.__swbuf_r
                0x0000000000000000       0xb0 ../../libtock-c/newlib/cortex-m/v7-m/libc.a(lib_a-wbuf.o)
 .text.__swbuf  0x0000000000000000       0x14 ../../libtock-c/newlib/cortex-m/v7-m/libc.a(lib_a-wbuf.o)
 .text          0x0000000000000000        0x0 ../../libtock-c/newlib/cortex-m/v7-m/libc.a(lib_a-writer.o)
 .text._write_r
                0x0000000000000000       0x28 ../../libtock-c/newlib/cortex-m/v7-m/libc.a(lib_a-writer.o)
 .text          0x0000000000000000        0x0 ../../libtock-c/newlib/cortex-m/v7-m/libc.a(lib_a-wsetup.o)
 .text.__swsetup_r
                0x0000000000000000       0xec ../../libtock-c/newlib/cortex-m/v7-m/libc.a(lib_a-wsetup.o)
 .text          0x0000000000000000        0x0 ../../libtock-c/newlib/cortex-m/v7-m/libc.a(lib_a-closer.o)
 .text._close_r
                0x0000000000000000       0x24 ../../libtock-c/newlib/cortex-m/v7-m/libc.a(lib_a-closer.o)
 .text          0x0000000000000000        0x0 ../../libtock-c/newlib/cortex-m/v7-m/libc.a(lib_a-fflush.o)
 .text.__sflush_r
                0x0000000000000000      0x10c ../../libtock-c/newlib/cortex-m/v7-m/libc.a(lib_a-fflush.o)
 .text._fflush_r
                0x0000000000000000       0x60 ../../libtock-c/newlib/cortex-m/v7-m/libc.a(lib_a-fflush.o)
 .text.fflush   0x0000000000000000       0x30 ../../libtock-c/newlib/cortex-m/v7-m/libc.a(lib_a-fflush.o)
 .text          0x0000000000000000        0x0 ../../libtock-c/newlib/cortex-m/v7-m/libc.a(lib_a-fvwrite.o)
 .text.__sfvwrite_r
                0x0000000000000000      0x298 ../../libtock-c/newlib/cortex-m/v7-m/libc.a(lib_a-fvwrite.o)
 .text          0x0000000000000000        0x0 ../../libtock-c/newlib/cortex-m/v7-m/libc.a(lib_a-lseekr.o)
 .text._lseek_r
                0x0000000000000000       0x28 ../../libtock-c/newlib/cortex-m/v7-m/libc.a(lib_a-lseekr.o)
 .text          0x0000000000000000        0x0 ../../libtock-c/newlib/cortex-m/v7-m/libc.a(lib_a-makebuf.o)
 .text.__swhatbuf_r
                0x0000000000000000       0x48 ../../libtock-c/newlib/cortex-m/v7-m/libc.a(lib_a-makebuf.o)
 .text.__smakebuf_r
                0x0000000000000000       0x84 ../../libtock-c/newlib/cortex-m/v7-m/libc.a(lib_a-makebuf.o)
 .text          0x0000000000000000        0x0 ../../libtock-c/newlib/cortex-m/v7-m/libc.a(lib_a-memchr-stub.o)
 .text.memchr   0x0000000000000000       0x1c ../../libtock-c/newlib/cortex-m/v7-m/libc.a(lib_a-memchr-stub.o)
 .text          0x0000000000000000        0x0 ../../libtock-c/newlib/cortex-m/v7-m/libc.a(lib_a-memmove.o)
 .text.memmove  0x0000000000000000       0x34 ../../libtock-c/newlib/cortex-m/v7-m/libc.a(lib_a-memmove.o)
 .text          0x0000000000000000        0x0 ../../libtock-c/newlib/cortex-m/v7-m/libc.a(lib_a-mlock.o)
 .text.__malloc_lock
                0x0000000000000000        0x2 ../../libtock-c/newlib/cortex-m/v7-m/libc.a(lib_a-mlock.o)
 .text.__malloc_unlock
                0x0000000000000000        0x2 ../../libtock-c/newlib/cortex-m/v7-m/libc.a(lib_a-mlock.o)
 .text          0x0000000000000000        0x0 ../../libtock-c/newlib/cortex-m/v7-m/libc.a(lib_a-nano-freer.o)
 .text._free_r  0x0000000000000000       0x94 ../../libtock-c/newlib/cortex-m/v7-m/libc.a(lib_a-nano-freer.o)
 .text          0x0000000000000000        0x0 ../../libtock-c/newlib/cortex-m/v7-m/libc.a(lib_a-nano-reallocr.o)
 .text._realloc_r
                0x0000000000000000       0x5e ../../libtock-c/newlib/cortex-m/v7-m/libc.a(lib_a-nano-reallocr.o)
 .text          0x0000000000000000        0x0 ../../libtock-c/newlib/cortex-m/v7-m/libc.a(lib_a-readr.o)
 .text._read_r  0x0000000000000000       0x28 ../../libtock-c/newlib/cortex-m/v7-m/libc.a(lib_a-readr.o)
 .text          0x0000000000000000        0x0 ../../libtock-c/newlib/cortex-m/v7-m/libc.a(lib_a-reent.o)
 .text.cleanup_glue
                0x0000000000000000       0x1a ../../libtock-c/newlib/cortex-m/v7-m/libc.a(lib_a-reent.o)
 .text._reclaim_reent
                0x0000000000000000       0xbc ../../libtock-c/newlib/cortex-m/v7-m/libc.a(lib_a-reent.o)
 COMMON         0x0000000000000000        0x4 ../../libtock-c/newlib/cortex-m/v7-m/libc.a(lib_a-reent.o)
 .text          0x0000000000000000        0x0 ../../libtock-c/newlib/cortex-m/v7-m/libc.a(lib_a-fstatr.o)
 .text._fstat_r
                0x0000000000000000       0x28 ../../libtock-c/newlib/cortex-m/v7-m/libc.a(lib_a-fstatr.o)
 .text          0x0000000000000000        0x0 ../../libtock-c/newlib/cortex-m/v7-m/libc.a(lib_a-isattyr.o)
 .text._isatty_r
                0x0000000000000000       0x24 ../../libtock-c/newlib/cortex-m/v7-m/libc.a(lib_a-isattyr.o)
 .text          0x0000000000000000        0x0 ../../libtock-c/newlib/cortex-m/v7-m/libc.a(lib_a-nano-msizer.o)
 .text._malloc_usable_size_r
                0x0000000000000000       0x10 ../../libtock-c/newlib/cortex-m/v7-m/libc.a(lib_a-nano-msizer.o)
 .text          0x0000000000000000        0x0 ../../libtock-c/libtock/build/cortex-m4/libtock.a(sys.o)
 .text._unlink  0x0000000000000000        0x6 ../../libtock-c/libtock/build/cortex-m4/libtock.a(sys.o)
 .text._isatty  0x0000000000000000        0x8 ../../libtock-c/libtock/build/cortex-m4/libtock.a(sys.o)
 .text._open    0x0000000000000000        0xa ../../libtock-c/libtock/build/cortex-m4/libtock.a(sys.o)
 .text._write   0x0000000000000000       0x10 ../../libtock-c/libtock/build/cortex-m4/libtock.a(sys.o)
 .text._close   0x0000000000000000        0x6 ../../libtock-c/libtock/build/cortex-m4/libtock.a(sys.o)
 .text._fstat   0x0000000000000000        0xa ../../libtock-c/libtock/build/cortex-m4/libtock.a(sys.o)
 .text._lseek   0x0000000000000000        0x4 ../../libtock-c/libtock/build/cortex-m4/libtock.a(sys.o)
 .text._read    0x0000000000000000        0x4 ../../libtock-c/libtock/build/cortex-m4/libtock.a(sys.o)
 .text._getpid  0x0000000000000000        0x4 ../../libtock-c/libtock/build/cortex-m4/libtock.a(sys.o)
 .text._kill    0x0000000000000000        0x6 ../../libtock-c/libtock/build/cortex-m4/libtock.a(sys.o)
 .text._sbrk    0x0000000000000000       0x28 ../../libtock-c/libtock/build/cortex-m4/libtock.a(sys.o)
 .text          0x0000000000000000        0x0 ../../libtock-c/libtock/build/cortex-m4/libtock.a(console.o)
 .text.getnstr_upcall
                0x0000000000000000       0x14 ../../libtock-c/libtock/build/cortex-m4/libtock.a(console.o)
 .text.putnstr_async
                0x0000000000000000       0x66 ../../libtock-c/libtock/build/cortex-m4/libtock.a(console.o)
 .text.putnstr  0x0000000000000000       0x90 ../../libtock-c/libtock/build/cortex-m4/libtock.a(console.o)
 .text.putstr_upcall
                0x0000000000000000       0x40 ../../libtock-c/libtock/build/cortex-m4/libtock.a(console.o)
 .text.getnstr_async
                0x0000000000000000       0x66 ../../libtock-c/libtock/build/cortex-m4/libtock.a(console.o)
 .text.getnstr  0x0000000000000000       0x38 ../../libtock-c/libtock/build/cortex-m4/libtock.a(console.o)
 .text.getch    0x0000000000000000       0x1c ../../libtock-c/libtock/build/cortex-m4/libtock.a(console.o)
 .text.getnstr_abort
                0x0000000000000000       0x22 ../../libtock-c/libtock/build/cortex-m4/libtock.a(console.o)
 .text          0x0000000000000000        0x0 ../../libtock-c/newlib/cortex-m/v7-m/libc.a(lib_a-errno.o)
 .text.__errno  0x0000000000000000       0x10 ../../libtock-c/newlib/cortex-m/v7-m/libc.a(lib_a-errno.o)
 .text          0x0000000000000000        0x0 ../../libtock-c/newlib/cortex-m/v7-m/libc.a(lib_a-malloc.o)
 .text.malloc   0x0000000000000000       0x14 ../../libtock-c/newlib/cortex-m/v7-m/libc.a(lib_a-malloc.o)
 .text.free     0x0000000000000000       0x14 ../../libtock-c/newlib/cortex-m/v7-m/libc.a(lib_a-malloc.o)
 .text          0x0000000000000000        0x0 ../../libtock-c/newlib/cortex-m/v7-m/libc.a(lib_a-strncpy.o)
 .text.strncpy  0x0000000000000000       0x26 ../../libtock-c/newlib/cortex-m/v7-m/libc.a(lib_a-strncpy.o)

Memory Configuration

Name             Origin             Length             Attributes
FLASH            0x0000000080000000 0x0000000000070000 xr
SRAM             0x0000000000000000 0x0000000000010000 xrw
*default*        0x0000000000000000 0xffffffffffffffff

Linker script and memory map

                0x0000000000000800                STACK_SIZE = 0x800
                0x0000000000002000                APP_HEAP_SIZE = 0x2000
                0x0000000000000400                KERNEL_HEAP_SIZE = 0x400
START GROUP
LOAD build/cortex-m4/main.o
LOAD ../../libtock-c/libtock/build/cortex-m4/libtock.a
LOAD ../drivers/build/cortex-m4/drivers.a
LOAD ../../libtock-c/libc++/cortex-m/libstdc++.a
LOAD ../../libtock-c/libc++/cortex-m/libsupc++.a
LOAD ../../libtock-c/libc++/cortex-m/libgcc.a
LOAD ../../libtock-c/newlib/cortex-m/v7-m/libc.a
LOAD ../../libtock-c/newlib/cortex-m/v7-m/libm.a
END GROUP
                0x0000000000070000                PROG_LENGTH = 0x70000
                0x0000000000010000                RAM_LENGTH = 0x10000

.crt0_header    0x0000000080000000       0x28
                0x0000000080000000        0x4 LONG 0x5b8 (LOADADDR (.got) - ORIGIN (FLASH))
                0x0000000080000004        0x4 LONG 0x800 (_got - ORIGIN (SRAM))
                0x0000000080000008        0x4 LONG 0x2c SIZEOF (.got)
                0x000000008000000c        0x4 LONG 0x5e4 (LOADADDR (.data) - ORIGIN (FLASH))
                0x0000000080000010        0x4 LONG 0x82c (_data - ORIGIN (SRAM))
                0x0000000080000014        0x4 LONG 0x70 SIZEOF (.data)
                0x0000000080000018        0x4 LONG 0x89c (_bss - ORIGIN (SRAM))
                0x000000008000001c        0x4 LONG 0x160 SIZEOF (.bss)
                0x0000000080000020        0x4 LONG 0x654 (LOADADDR (.endflash) - ORIGIN (FLASH))
                0x0000000080000024        0x4 LONG 0x800 STACK_SIZE

.wfr.app_state  0x0000000080000028        0x0
 *(.app_state)
                0x0000000080000028                . = ALIGN (0x4)

.text           0x0000000080000028      0x590
                0x0000000080000028                . = ALIGN (0x4)
                0x0000000080000028                _text = .
 *(.start)
 .start         0x0000000080000028       0x44 ../../libtock-c/libtock/build/cortex-m4/libtock.a(crt0.o)
                0x0000000080000028                _start
 *(.text*)
 .text.show_number
                0x000000008000006c       0x2c build/cortex-m4/main.o
 .text.show_temperature
                0x0000000080000098       0x44 build/cortex-m4/main.o
 .text.button_callback
                0x00000000800000dc       0x28 build/cortex-m4/main.o
 .text.startup.main
                0x0000000080000104       0x28 build/cortex-m4/main.o
                0x0000000080000104                main
 .text.button_subscribe
                0x000000008000012c       0x22 ../../libtock-c/libtock/build/cortex-m4/libtock.a(button.o)
                0x000000008000012c                button_subscribe
 .text.button_enable_interrupt
                0x000000008000014e       0x24 ../../libtock-c/libtock/build/cortex-m4/libtock.a(button.o)
                0x000000008000014e                button_enable_interrupt
 .text._c_start_pic
                0x0000000080000172       0x7c ../../libtock-c/libtock/build/cortex-m4/libtock.a(crt0.o)
                0x0000000080000172                _c_start_pic
 *fill*         0x00000000800001ee        0x2 ff
 .text.__yield_check_tasks
                0x00000000800001f0       0x54 ../../libtock-c/libtock/build/cortex-m4/libtock.a(tock.o)
 .text.tock_status_to_returncode
                0x0000000080000244        0x4 ../../libtock-c/libtock/build/cortex-m4/libtock.a(tock.o)
                0x0000000080000244                tock_status_to_returncode
 .text.tock_command_return_novalue_to_returncode
                0x0000000080000248       0x2c ../../libtock-c/libtock/build/cortex-m4/libtock.a(tock.o)
                0x0000000080000248                tock_command_return_novalue_to_returncode
 .text.tock_subscribe_return_to_returncode
                0x0000000080000274       0x20 ../../libtock-c/libtock/build/cortex-m4/libtock.a(tock.o)
                0x0000000080000274                tock_subscribe_return_to_returncode
 .text.yield    0x0000000080000294       0x10 ../../libtock-c/libtock/build/cortex-m4/libtock.a(tock.o)
                0x0000000080000294                yield
 .text.subscribe
                0x00000000800002a4       0x3a ../../libtock-c/libtock/build/cortex-m4/libtock.a(tock.o)
                0x00000000800002a4                subscribe
 .text.command  0x00000000800002de       0x1a ../../libtock-c/libtock/build/cortex-m4/libtock.a(tock.o)
                0x00000000800002de                command
 .text.led_on   0x00000000800002f8       0x24 ../../libtock-c/libtock/build/cortex-m4/libtock.a(led.o)
                0x00000000800002f8                led_on
 .text.led_off  0x000000008000031c       0x24 ../../libtock-c/libtock/build/cortex-m4/libtock.a(led.o)
                0x000000008000031c                led_off
 .text.exit     0x0000000080000340       0x30 ../../libtock-c/newlib/cortex-m/v7-m/libc.a(lib_a-exit.o)
                0x0000000080000340                exit
 .text.memcpy   0x0000000080000370       0x1c ../../libtock-c/newlib/cortex-m/v7-m/libc.a(lib_a-memcpy-stub.o)
                0x0000000080000370                memcpy
 .text.memset   0x000000008000038c       0x10 ../../libtock-c/newlib/cortex-m/v7-m/libc.a(lib_a-memset.o)
                0x000000008000038c                memset
 .text._exit    0x000000008000039c        0x2 ../../libtock-c/libtock/build/cortex-m4/libtock.a(sys.o)
                0x000000008000039c                _exit
 *(.rodata*)
 *fill*         0x000000008000039e        0x2 ff
 .rodata.numbers
                0x00000000800003a0      0x1b8 build/cortex-m4/main.o
 .rodata.__sf_fake_stderr
                0x0000000080000558       0x20 ../../libtock-c/newlib/cortex-m/v7-m/libc.a(lib_a-findfp.o)
                0x0000000080000558                __sf_fake_stderr
 .rodata.__sf_fake_stdin
                0x0000000080000578       0x20 ../../libtock-c/newlib/cortex-m/v7-m/libc.a(lib_a-findfp.o)
                0x0000000080000578                __sf_fake_stdin
 .rodata.__sf_fake_stdout
                0x0000000080000598       0x20 ../../libtock-c/newlib/cortex-m/v7-m/libc.a(lib_a-findfp.o)
                0x0000000080000598                __sf_fake_stdout
 *(.srodata*)
 *(.syscalls)
                0x00000000800005b8                _etext = .
 *(.ARM.extab*)
                0x00000000800005b8                . = ALIGN (0x4)

.glue_7         0x00000000800005b8        0x0
 .glue_7        0x00000000800005b8        0x0 linker stubs

.glue_7t        0x00000000800005b8        0x0
 .glue_7t       0x00000000800005b8        0x0 linker stubs

.vfp11_veneer   0x00000000800005b8        0x0
 .vfp11_veneer  0x00000000800005b8        0x0 linker stubs

.v4_bx          0x00000000800005b8        0x0
 .v4_bx         0x00000000800005b8        0x0 linker stubs

.iplt           0x00000000800005b8        0x0
 .iplt          0x00000000800005b8        0x0 build/cortex-m4/main.o

.rel.dyn        0x00000000800005b8        0x0
 .rel.iplt      0x00000000800005b8        0x0 build/cortex-m4/main.o
 .rel.got       0x00000000800005b8        0x0 build/cortex-m4/main.o

.stack          0x0000000000000000      0x800
                0x0000000000000000                _sram_origin = .
                0x0000000000000000                . = ALIGN (0x10)
                0x0000000000000000                _stack = .
                0x0000000000000800                . = (_stack + STACK_SIZE)
 *fill*         0x0000000000000000      0x800 
                0x0000000000000800                . = ALIGN (0x10)

.got            0x0000000000000800       0x2c load address 0x00000000800005b8
                0x0000000000000800                . = ALIGN (0x4)
                0x0000000000000800                _got = .
 *(.got*)
 .got           0x0000000000000800       0x20 build/cortex-m4/main.o
 .got.plt       0x0000000000000820        0xc build/cortex-m4/main.o
                0x0000000000000820                _GLOBAL_OFFSET_TABLE_
 *(.got.plt*)
                0x000000000000082c                . = ALIGN (0x4)

.data           0x000000000000082c       0x70 load address 0x00000000800005e4
                0x000000000000082c                . = ALIGN (0x4)
                0x000000000000082c                _data = .
 *(.data*)
 .data          0x000000000000082c        0x0 build/cortex-m4/main.o
 .data          0x000000000000082c        0x0 ../../libtock-c/libtock/build/cortex-m4/libtock.a(button.o)
 .data          0x000000000000082c        0x0 ../../libtock-c/libtock/build/cortex-m4/libtock.a(crt0.o)
 .data          0x000000000000082c        0x0 ../../libtock-c/libtock/build/cortex-m4/libtock.a(tock.o)
 .data          0x000000000000082c        0x0 ../../libtock-c/libtock/build/cortex-m4/libtock.a(led.o)
 .data          0x000000000000082c        0x0 ../../libtock-c/newlib/cortex-m/v7-m/libc.a(lib_a-exit.o)
 .data          0x000000000000082c        0x0 ../../libtock-c/newlib/cortex-m/v7-m/libc.a(lib_a-impure.o)
 .data.rel.impure_data
                0x000000000000082c       0x60 ../../libtock-c/newlib/cortex-m/v7-m/libc.a(lib_a-impure.o)
 .data.rel.local._impure_ptr
                0x000000000000088c        0x4 ../../libtock-c/newlib/cortex-m/v7-m/libc.a(lib_a-impure.o)
                0x000000000000088c                _impure_ptr
 .data.rel.ro.local._global_impure_ptr
                0x0000000000000890        0x4 ../../libtock-c/newlib/cortex-m/v7-m/libc.a(lib_a-impure.o)
                0x0000000000000890                _global_impure_ptr
 .data          0x0000000000000894        0x0 ../../libtock-c/newlib/cortex-m/v7-m/libc.a(lib_a-memcpy-stub.o)
 .data          0x0000000000000894        0x0 ../../libtock-c/newlib/cortex-m/v7-m/libc.a(lib_a-memset.o)
 .data          0x0000000000000894        0x0 ../../libtock-c/newlib/cortex-m/v7-m/libc.a(lib_a-printf.o)
 .data          0x0000000000000894        0x0 ../../libtock-c/newlib/cortex-m/v7-m/libc.a(lib_a-findfp.o)
 .data          0x0000000000000894        0x0 ../../libtock-c/newlib/cortex-m/v7-m/libc.a(lib_a-fwalk.o)
 .data          0x0000000000000894        0x0 ../../libtock-c/newlib/cortex-m/v7-m/libc.a(lib_a-nano-mallocr.o)
 .data          0x0000000000000894        0x0 ../../libtock-c/newlib/cortex-m/v7-m/libc.a(lib_a-nano-vfprintf.o)
 .data          0x0000000000000894        0x0 ../../libtock-c/newlib/cortex-m/v7-m/libc.a(lib_a-nano-vfprintf_i.o)
 .data          0x0000000000000894        0x0 ../../libtock-c/newlib/cortex-m/v7-m/libc.a(lib_a-sbrkr.o)
 .data          0x0000000000000894        0x0 ../../libtock-c/newlib/cortex-m/v7-m/libc.a(lib_a-stdio.o)
 .data          0x0000000000000894        0x0 ../../libtock-c/newlib/cortex-m/v7-m/libc.a(lib_a-wbuf.o)
 .data          0x0000000000000894        0x0 ../../libtock-c/newlib/cortex-m/v7-m/libc.a(lib_a-writer.o)
 .data          0x0000000000000894        0x0 ../../libtock-c/newlib/cortex-m/v7-m/libc.a(lib_a-wsetup.o)
 .data          0x0000000000000894        0x0 ../../libtock-c/newlib/cortex-m/v7-m/libc.a(lib_a-closer.o)
 .data          0x0000000000000894        0x0 ../../libtock-c/newlib/cortex-m/v7-m/libc.a(lib_a-fflush.o)
 .data          0x0000000000000894        0x0 ../../libtock-c/newlib/cortex-m/v7-m/libc.a(lib_a-fvwrite.o)
 .data          0x0000000000000894        0x0 ../../libtock-c/newlib/cortex-m/v7-m/libc.a(lib_a-lseekr.o)
 .data          0x0000000000000894        0x0 ../../libtock-c/newlib/cortex-m/v7-m/libc.a(lib_a-makebuf.o)
 .data          0x0000000000000894        0x0 ../../libtock-c/newlib/cortex-m/v7-m/libc.a(lib_a-memchr-stub.o)
 .data          0x0000000000000894        0x0 ../../libtock-c/newlib/cortex-m/v7-m/libc.a(lib_a-memmove.o)
 .data          0x0000000000000894        0x0 ../../libtock-c/newlib/cortex-m/v7-m/libc.a(lib_a-mlock.o)
 .data          0x0000000000000894        0x0 ../../libtock-c/newlib/cortex-m/v7-m/libc.a(lib_a-nano-freer.o)
 .data          0x0000000000000894        0x0 ../../libtock-c/newlib/cortex-m/v7-m/libc.a(lib_a-nano-reallocr.o)
 .data          0x0000000000000894        0x0 ../../libtock-c/newlib/cortex-m/v7-m/libc.a(lib_a-readr.o)
 .data          0x0000000000000894        0x0 ../../libtock-c/newlib/cortex-m/v7-m/libc.a(lib_a-reent.o)
 .data          0x0000000000000894        0x0 ../../libtock-c/newlib/cortex-m/v7-m/libc.a(lib_a-fstatr.o)
 .data          0x0000000000000894        0x0 ../../libtock-c/newlib/cortex-m/v7-m/libc.a(lib_a-isattyr.o)
 .data          0x0000000000000894        0x0 ../../libtock-c/newlib/cortex-m/v7-m/libc.a(lib_a-nano-msizer.o)
 .data          0x0000000000000894        0x0 ../../libtock-c/libtock/build/cortex-m4/libtock.a(sys.o)
 .data          0x0000000000000894        0x0 ../../libtock-c/libtock/build/cortex-m4/libtock.a(console.o)
 .data.getnstr_data
                0x0000000000000894        0x8 ../../libtock-c/libtock/build/cortex-m4/libtock.a(console.o)
 .data          0x000000000000089c        0x0 ../../libtock-c/newlib/cortex-m/v7-m/libc.a(lib_a-errno.o)
 .data          0x000000000000089c        0x0 ../../libtock-c/newlib/cortex-m/v7-m/libc.a(lib_a-malloc.o)
 .data          0x000000000000089c        0x0 ../../libtock-c/newlib/cortex-m/v7-m/libc.a(lib_a-strncpy.o)
 *(.sdata*)
                0x000000000000089c                . = ALIGN (0x4)

.igot.plt       0x000000000000089c        0x0 load address 0x0000000080000654
 .igot.plt      0x000000000000089c        0x0 build/cortex-m4/main.o

.bss            0x000000000000089c      0x160 load address 0x0000000080000654
                0x000000000000089c                . = ALIGN (0x4)
                0x000000000000089c                _bss = .
 *(.bss*)
 .bss           0x000000000000089c        0x0 build/cortex-m4/main.o
 .bss.temperature
                0x000000000000089c        0x4 build/cortex-m4/main.o
 .bss           0x00000000000008a0        0x0 ../../libtock-c/libtock/build/cortex-m4/libtock.a(button.o)
 .bss           0x00000000000008a0        0x0 ../../libtock-c/libtock/build/cortex-m4/libtock.a(crt0.o)
 .bss           0x00000000000008a0        0x0 ../../libtock-c/libtock/build/cortex-m4/libtock.a(tock.o)
 .bss.task_cur  0x00000000000008a0        0x4 ../../libtock-c/libtock/build/cortex-m4/libtock.a(tock.o)
 .bss.task_last
                0x00000000000008a4        0x4 ../../libtock-c/libtock/build/cortex-m4/libtock.a(tock.o)
 .bss.task_queue
                0x00000000000008a8      0x140 ../../libtock-c/libtock/build/cortex-m4/libtock.a(tock.o)
 .bss           0x00000000000009e8        0x0 ../../libtock-c/libtock/build/cortex-m4/libtock.a(led.o)
 .bss           0x00000000000009e8        0x0 ../../libtock-c/newlib/cortex-m/v7-m/libc.a(lib_a-exit.o)
 .bss           0x00000000000009e8        0x0 ../../libtock-c/newlib/cortex-m/v7-m/libc.a(lib_a-impure.o)
 .bss           0x00000000000009e8        0x0 ../../libtock-c/newlib/cortex-m/v7-m/libc.a(lib_a-memcpy-stub.o)
 .bss           0x00000000000009e8        0x0 ../../libtock-c/newlib/cortex-m/v7-m/libc.a(lib_a-memset.o)
 .bss           0x00000000000009e8        0x0 ../../libtock-c/newlib/cortex-m/v7-m/libc.a(lib_a-printf.o)
 .bss           0x00000000000009e8        0x0 ../../libtock-c/newlib/cortex-m/v7-m/libc.a(lib_a-findfp.o)
 .bss           0x00000000000009e8        0x0 ../../libtock-c/newlib/cortex-m/v7-m/libc.a(lib_a-fwalk.o)
 .bss           0x00000000000009e8        0x0 ../../libtock-c/newlib/cortex-m/v7-m/libc.a(lib_a-nano-mallocr.o)
 .bss.__malloc_free_list
                0x00000000000009e8        0x4 ../../libtock-c/newlib/cortex-m/v7-m/libc.a(lib_a-nano-mallocr.o)
                0x00000000000009e8                __malloc_free_list
 .bss.__malloc_sbrk_start
                0x00000000000009ec        0x4 ../../libtock-c/newlib/cortex-m/v7-m/libc.a(lib_a-nano-mallocr.o)
                0x00000000000009ec                __malloc_sbrk_start
 .bss           0x00000000000009f0        0x0 ../../libtock-c/newlib/cortex-m/v7-m/libc.a(lib_a-nano-vfprintf.o)
 .bss           0x00000000000009f0        0x0 ../../libtock-c/newlib/cortex-m/v7-m/libc.a(lib_a-nano-vfprintf_i.o)
 .bss           0x00000000000009f0        0x0 ../../libtock-c/newlib/cortex-m/v7-m/libc.a(lib_a-sbrkr.o)
 .bss           0x00000000000009f0        0x0 ../../libtock-c/newlib/cortex-m/v7-m/libc.a(lib_a-stdio.o)
 .bss           0x00000000000009f0        0x0 ../../libtock-c/newlib/cortex-m/v7-m/libc.a(lib_a-wbuf.o)
 .bss           0x00000000000009f0        0x0 ../../libtock-c/newlib/cortex-m/v7-m/libc.a(lib_a-writer.o)
 .bss           0x00000000000009f0        0x0 ../../libtock-c/newlib/cortex-m/v7-m/libc.a(lib_a-wsetup.o)
 .bss           0x00000000000009f0        0x0 ../../libtock-c/newlib/cortex-m/v7-m/libc.a(lib_a-closer.o)
 .bss           0x00000000000009f0        0x0 ../../libtock-c/newlib/cortex-m/v7-m/libc.a(lib_a-fflush.o)
 .bss           0x00000000000009f0        0x0 ../../libtock-c/newlib/cortex-m/v7-m/libc.a(lib_a-fvwrite.o)
 .bss           0x00000000000009f0        0x0 ../../libtock-c/newlib/cortex-m/v7-m/libc.a(lib_a-lseekr.o)
 .bss           0x00000000000009f0        0x0 ../../libtock-c/newlib/cortex-m/v7-m/libc.a(lib_a-makebuf.o)
 .bss           0x00000000000009f0        0x0 ../../libtock-c/newlib/cortex-m/v7-m/libc.a(lib_a-memchr-stub.o)
 .bss           0x00000000000009f0        0x0 ../../libtock-c/newlib/cortex-m/v7-m/libc.a(lib_a-memmove.o)
 .bss           0x00000000000009f0        0x0 ../../libtock-c/newlib/cortex-m/v7-m/libc.a(lib_a-mlock.o)
 .bss           0x00000000000009f0        0x0 ../../libtock-c/newlib/cortex-m/v7-m/libc.a(lib_a-nano-freer.o)
 .bss           0x00000000000009f0        0x0 ../../libtock-c/newlib/cortex-m/v7-m/libc.a(lib_a-nano-reallocr.o)
 .bss           0x00000000000009f0        0x0 ../../libtock-c/newlib/cortex-m/v7-m/libc.a(lib_a-readr.o)
 .bss           0x00000000000009f0        0x0 ../../libtock-c/newlib/cortex-m/v7-m/libc.a(lib_a-reent.o)
 .bss           0x00000000000009f0        0x0 ../../libtock-c/newlib/cortex-m/v7-m/libc.a(lib_a-fstatr.o)
 .bss           0x00000000000009f0        0x0 ../../libtock-c/newlib/cortex-m/v7-m/libc.a(lib_a-isattyr.o)
 .bss           0x00000000000009f0        0x0 ../../libtock-c/newlib/cortex-m/v7-m/libc.a(lib_a-nano-msizer.o)
 .bss           0x00000000000009f0        0x0 ../../libtock-c/libtock/build/cortex-m4/libtock.a(sys.o)
 .bss.__dso_handle
                0x00000000000009f0        0x4 ../../libtock-c/libtock/build/cortex-m4/libtock.a(sys.o)
                0x00000000000009f0                __dso_handle
 .bss           0x00000000000009f4        0x0 ../../libtock-c/libtock/build/cortex-m4/libtock.a(console.o)
 .bss.putstr_head
                0x00000000000009f4        0x4 ../../libtock-c/libtock/build/cortex-m4/libtock.a(console.o)
 .bss.putstr_tail
                0x00000000000009f8        0x4 ../../libtock-c/libtock/build/cortex-m4/libtock.a(console.o)
 .bss           0x00000000000009fc        0x0 ../../libtock-c/newlib/cortex-m/v7-m/libc.a(lib_a-errno.o)
 .bss           0x00000000000009fc        0x0 ../../libtock-c/newlib/cortex-m/v7-m/libc.a(lib_a-malloc.o)
 .bss           0x00000000000009fc        0x0 ../../libtock-c/newlib/cortex-m/v7-m/libc.a(lib_a-strncpy.o)
 *(.sbss*)
 *(COMMON)
                0x00000000000009fc                . = ALIGN (0x4)

.endflash       0x0000000080000654        0x0
                [!provide]                        PROVIDE (__exidx_start = .)

.ARM.exidx
 *(.ARM.exidx* .gnu.linkonce.armexidx.*)
                [!provide]                        PROVIDE (__exidx_end = .)
                0x0000000000000001                ASSERT ((_got <= _bss), 
The GOT section must be before the BSS section for crt0 setup to be correct.)
                0x0000000000000001                ASSERT ((_data <= _bss), 
The data section must be before the BSS section for crt0 setup to be correct.)
OUTPUT(build/cortex-m4/cortex-m4.elf elf32-littlearm)
LOAD linker stubs

.GCC.command.line
                0x0000000000000000      0x66c
 .GCC.command.line
                0x0000000000000000      0x438 build/cortex-m4/main.o
 .GCC.command.line
                0x0000000000000438       0x61 ../../libtock-c/libtock/build/cortex-m4/libtock.a(button.o)
                                        0x46c (size before relaxing)
 .GCC.command.line
                0x0000000000000499       0x5d ../../libtock-c/libtock/build/cortex-m4/libtock.a(crt0.o)
                                        0x468 (size before relaxing)
 .GCC.command.line
                0x00000000000004f6       0x5d ../../libtock-c/libtock/build/cortex-m4/libtock.a(tock.o)
                                        0x468 (size before relaxing)
 .GCC.command.line
                0x0000000000000553       0x5b ../../libtock-c/libtock/build/cortex-m4/libtock.a(led.o)
                                        0x466 (size before relaxing)
 .GCC.command.line
                0x00000000000005ae       0x5b ../../libtock-c/libtock/build/cortex-m4/libtock.a(sys.o)
                                        0x466 (size before relaxing)
 .GCC.command.line
                0x0000000000000609       0x63 ../../libtock-c/libtock/build/cortex-m4/libtock.a(console.o)
                                        0x46e (size before relaxing)

.comment        0x0000000000000000       0xd2
 .comment       0x0000000000000000       0x59 build/cortex-m4/main.o
                                         0x5a (size before relaxing)
 .comment       0x0000000000000059       0x5a ../../libtock-c/libtock/build/cortex-m4/libtock.a(button.o)
 .comment       0x0000000000000059       0x5a ../../libtock-c/libtock/build/cortex-m4/libtock.a(crt0.o)
 .comment       0x0000000000000059       0x5a ../../libtock-c/libtock/build/cortex-m4/libtock.a(tock.o)
 .comment       0x0000000000000059       0x5a ../../libtock-c/libtock/build/cortex-m4/libtock.a(led.o)
 .comment       0x0000000000000059       0x79 ../../libtock-c/newlib/cortex-m/v7-m/libc.a(lib_a-exit.o)
                                         0x7a (size before relaxing)
 .comment       0x00000000000000d2       0x7a ../../libtock-c/newlib/cortex-m/v7-m/libc.a(lib_a-impure.o)
 .comment       0x00000000000000d2       0x7a ../../libtock-c/newlib/cortex-m/v7-m/libc.a(lib_a-memcpy-stub.o)
 .comment       0x00000000000000d2       0x7a ../../libtock-c/newlib/cortex-m/v7-m/libc.a(lib_a-memset.o)
 .comment       0x00000000000000d2       0x7a ../../libtock-c/newlib/cortex-m/v7-m/libc.a(lib_a-printf.o)
 .comment       0x00000000000000d2       0x7a ../../libtock-c/newlib/cortex-m/v7-m/libc.a(lib_a-findfp.o)
 .comment       0x00000000000000d2       0x7a ../../libtock-c/newlib/cortex-m/v7-m/libc.a(lib_a-fwalk.o)
 .comment       0x00000000000000d2       0x7a ../../libtock-c/newlib/cortex-m/v7-m/libc.a(lib_a-nano-mallocr.o)
 .comment       0x00000000000000d2       0x7a ../../libtock-c/newlib/cortex-m/v7-m/libc.a(lib_a-nano-vfprintf.o)
 .comment       0x00000000000000d2       0x7a ../../libtock-c/newlib/cortex-m/v7-m/libc.a(lib_a-nano-vfprintf_i.o)
 .comment       0x00000000000000d2       0x7a ../../libtock-c/newlib/cortex-m/v7-m/libc.a(lib_a-sbrkr.o)
 .comment       0x00000000000000d2       0x7a ../../libtock-c/newlib/cortex-m/v7-m/libc.a(lib_a-stdio.o)
 .comment       0x00000000000000d2       0x7a ../../libtock-c/newlib/cortex-m/v7-m/libc.a(lib_a-wbuf.o)
 .comment       0x00000000000000d2       0x7a ../../libtock-c/newlib/cortex-m/v7-m/libc.a(lib_a-writer.o)
 .comment       0x00000000000000d2       0x7a ../../libtock-c/newlib/cortex-m/v7-m/libc.a(lib_a-wsetup.o)
 .comment       0x00000000000000d2       0x7a ../../libtock-c/newlib/cortex-m/v7-m/libc.a(lib_a-closer.o)
 .comment       0x00000000000000d2       0x7a ../../libtock-c/newlib/cortex-m/v7-m/libc.a(lib_a-fflush.o)
 .comment       0x00000000000000d2       0x7a ../../libtock-c/newlib/cortex-m/v7-m/libc.a(lib_a-fvwrite.o)
 .comment       0x00000000000000d2       0x7a ../../libtock-c/newlib/cortex-m/v7-m/libc.a(lib_a-lseekr.o)
 .comment       0x00000000000000d2       0x7a ../../libtock-c/newlib/cortex-m/v7-m/libc.a(lib_a-makebuf.o)
 .comment       0x00000000000000d2       0x7a ../../libtock-c/newlib/cortex-m/v7-m/libc.a(lib_a-memchr-stub.o)
 .comment       0x00000000000000d2       0x7a ../../libtock-c/newlib/cortex-m/v7-m/libc.a(lib_a-memmove.o)
 .comment       0x00000000000000d2       0x7a ../../libtock-c/newlib/cortex-m/v7-m/libc.a(lib_a-mlock.o)
 .comment       0x00000000000000d2       0x7a ../../libtock-c/newlib/cortex-m/v7-m/libc.a(lib_a-nano-freer.o)
 .comment       0x00000000000000d2       0x7a ../../libtock-c/newlib/cortex-m/v7-m/libc.a(lib_a-nano-reallocr.o)
 .comment       0x00000000000000d2       0x7a ../../libtock-c/newlib/cortex-m/v7-m/libc.a(lib_a-readr.o)
 .comment       0x00000000000000d2       0x7a ../../libtock-c/newlib/cortex-m/v7-m/libc.a(lib_a-reent.o)
 .comment       0x00000000000000d2       0x7a ../../libtock-c/newlib/cortex-m/v7-m/libc.a(lib_a-fstatr.o)
 .comment       0x00000000000000d2       0x7a ../../libtock-c/newlib/cortex-m/v7-m/libc.a(lib_a-isattyr.o)
 .comment       0x00000000000000d2       0x7a ../../libtock-c/newlib/cortex-m/v7-m/libc.a(lib_a-nano-msizer.o)
 .comment       0x00000000000000d2       0x5a ../../libtock-c/libtock/build/cortex-m4/libtock.a(sys.o)
 .comment       0x00000000000000d2       0x5a ../../libtock-c/libtock/build/cortex-m4/libtock.a(console.o)
 .comment       0x00000000000000d2       0x7a ../../libtock-c/newlib/cortex-m/v7-m/libc.a(lib_a-errno.o)
 .comment       0x00000000000000d2       0x7a ../../libtock-c/newlib/cortex-m/v7-m/libc.a(lib_a-malloc.o)
 .comment       0x00000000000000d2       0x7a ../../libtock-c/newlib/cortex-m/v7-m/libc.a(lib_a-strncpy.o)

.ARM.attributes
                0x0000000000000000       0x2e
 .ARM.attributes
                0x0000000000000000       0x2e build/cortex-m4/main.o
 .ARM.attributes
                0x000000000000002e       0x2e ../../libtock-c/libtock/build/cortex-m4/libtock.a(button.o)
 .ARM.attributes
                0x000000000000005c       0x2e ../../libtock-c/libtock/build/cortex-m4/libtock.a(crt0.o)
 .ARM.attributes
                0x000000000000008a       0x2e ../../libtock-c/libtock/build/cortex-m4/libtock.a(tock.o)
 .ARM.attributes
                0x00000000000000b8       0x2e ../../libtock-c/libtock/build/cortex-m4/libtock.a(led.o)
 .ARM.attributes
                0x00000000000000e6       0x2d ../../libtock-c/newlib/cortex-m/v7-m/libc.a(lib_a-exit.o)
 .ARM.attributes
                0x0000000000000113       0x2d ../../libtock-c/newlib/cortex-m/v7-m/libc.a(lib_a-impure.o)
 .ARM.attributes
                0x0000000000000140       0x2d ../../libtock-c/newlib/cortex-m/v7-m/libc.a(lib_a-memcpy-stub.o)
 .ARM.attributes
                0x000000000000016d       0x2d ../../libtock-c/newlib/cortex-m/v7-m/libc.a(lib_a-memset.o)
 .ARM.attributes
                0x000000000000019a       0x2d ../../libtock-c/newlib/cortex-m/v7-m/libc.a(lib_a-printf.o)
 .ARM.attributes
                0x00000000000001c7       0x2d ../../libtock-c/newlib/cortex-m/v7-m/libc.a(lib_a-findfp.o)
 .ARM.attributes
                0x00000000000001f4       0x2d ../../libtock-c/newlib/cortex-m/v7-m/libc.a(lib_a-fwalk.o)
 .ARM.attributes
                0x0000000000000221       0x2d ../../libtock-c/newlib/cortex-m/v7-m/libc.a(lib_a-nano-mallocr.o)
 .ARM.attributes
                0x000000000000024e       0x2d ../../libtock-c/newlib/cortex-m/v7-m/libc.a(lib_a-nano-vfprintf.o)
 .ARM.attributes
                0x000000000000027b       0x2d ../../libtock-c/newlib/cortex-m/v7-m/libc.a(lib_a-nano-vfprintf_i.o)
 .ARM.attributes
                0x00000000000002a8       0x2d ../../libtock-c/newlib/cortex-m/v7-m/libc.a(lib_a-sbrkr.o)
 .ARM.attributes
                0x00000000000002d5       0x2d ../../libtock-c/newlib/cortex-m/v7-m/libc.a(lib_a-stdio.o)
 .ARM.attributes
                0x0000000000000302       0x2d ../../libtock-c/newlib/cortex-m/v7-m/libc.a(lib_a-wbuf.o)
 .ARM.attributes
                0x000000000000032f       0x2d ../../libtock-c/newlib/cortex-m/v7-m/libc.a(lib_a-writer.o)
 .ARM.attributes
                0x000000000000035c       0x2d ../../libtock-c/newlib/cortex-m/v7-m/libc.a(lib_a-wsetup.o)
 .ARM.attributes
                0x0000000000000389       0x2d ../../libtock-c/newlib/cortex-m/v7-m/libc.a(lib_a-closer.o)
 .ARM.attributes
                0x00000000000003b6       0x2d ../../libtock-c/newlib/cortex-m/v7-m/libc.a(lib_a-fflush.o)
 .ARM.attributes
                0x00000000000003e3       0x2d ../../libtock-c/newlib/cortex-m/v7-m/libc.a(lib_a-fvwrite.o)
 .ARM.attributes
                0x0000000000000410       0x2d ../../libtock-c/newlib/cortex-m/v7-m/libc.a(lib_a-lseekr.o)
 .ARM.attributes
                0x000000000000043d       0x2d ../../libtock-c/newlib/cortex-m/v7-m/libc.a(lib_a-makebuf.o)
 .ARM.attributes
                0x000000000000046a       0x2d ../../libtock-c/newlib/cortex-m/v7-m/libc.a(lib_a-memchr-stub.o)
 .ARM.attributes
                0x0000000000000497       0x2d ../../libtock-c/newlib/cortex-m/v7-m/libc.a(lib_a-memmove.o)
 .ARM.attributes
                0x00000000000004c4       0x2d ../../libtock-c/newlib/cortex-m/v7-m/libc.a(lib_a-mlock.o)
 .ARM.attributes
                0x00000000000004f1       0x2d ../../libtock-c/newlib/cortex-m/v7-m/libc.a(lib_a-nano-freer.o)
 .ARM.attributes
                0x000000000000051e       0x2d ../../libtock-c/newlib/cortex-m/v7-m/libc.a(lib_a-nano-reallocr.o)
 .ARM.attributes
                0x000000000000054b       0x2d ../../libtock-c/newlib/cortex-m/v7-m/libc.a(lib_a-readr.o)
 .ARM.attributes
                0x0000000000000578       0x2d ../../libtock-c/newlib/cortex-m/v7-m/libc.a(lib_a-reent.o)
 .ARM.attributes
                0x00000000000005a5       0x2d ../../libtock-c/newlib/cortex-m/v7-m/libc.a(lib_a-fstatr.o)
 .ARM.attributes
                0x00000000000005d2       0x2d ../../libtock-c/newlib/cortex-m/v7-m/libc.a(lib_a-isattyr.o)
 .ARM.attributes
                0x00000000000005ff       0x2d ../../libtock-c/newlib/cortex-m/v7-m/libc.a(lib_a-nano-msizer.o)
 .ARM.attributes
                0x000000000000062c       0x2e ../../libtock-c/libtock/build/cortex-m4/libtock.a(sys.o)
 .ARM.attributes
                0x000000000000065a       0x2e ../../libtock-c/libtock/build/cortex-m4/libtock.a(console.o)
 .ARM.attributes
                0x0000000000000688       0x2d ../../libtock-c/newlib/cortex-m/v7-m/libc.a(lib_a-errno.o)
 .ARM.attributes
                0x00000000000006b5       0x2d ../../libtock-c/newlib/cortex-m/v7-m/libc.a(lib_a-malloc.o)
 .ARM.attributes
                0x00000000000006e2       0x2d ../../libtock-c/newlib/cortex-m/v7-m/libc.a(lib_a-strncpy.o)

.debug_info     0x0000000000000000    0x211dd
 .debug_info    0x0000000000000000      0xc9a build/cortex-m4/main.o
 .debug_info    0x0000000000000c9a      0xe6e ../../libtock-c/libtock/build/cortex-m4/libtock.a(button.o)
 .debug_info    0x0000000000001b08      0xde1 ../../libtock-c/libtock/build/cortex-m4/libtock.a(crt0.o)
 .debug_info    0x00000000000028e9     0x1c31 ../../libtock-c/libtock/build/cortex-m4/libtock.a(tock.o)
 .debug_info    0x000000000000451a      0xcbc ../../libtock-c/libtock/build/cortex-m4/libtock.a(led.o)
 .debug_info    0x00000000000051d6      0x9e7 ../../libtock-c/newlib/cortex-m/v7-m/libc.a(lib_a-exit.o)
 .debug_info    0x0000000000005bbd      0x92a ../../libtock-c/newlib/cortex-m/v7-m/libc.a(lib_a-impure.o)
 .debug_info    0x00000000000064e7      0xf0c ../../libtock-c/newlib/cortex-m/v7-m/libc.a(lib_a-memcpy-stub.o)
 .debug_info    0x00000000000073f3      0xec5 ../../libtock-c/newlib/cortex-m/v7-m/libc.a(lib_a-memset.o)
 .debug_info    0x00000000000082b8      0xc6e ../../libtock-c/newlib/cortex-m/v7-m/libc.a(lib_a-printf.o)
 .debug_info    0x0000000000008f26     0x10b5 ../../libtock-c/newlib/cortex-m/v7-m/libc.a(lib_a-findfp.o)
 .debug_info    0x0000000000009fdb      0xca4 ../../libtock-c/newlib/cortex-m/v7-m/libc.a(lib_a-fwalk.o)
 .debug_info    0x000000000000ac7f      0xc85 ../../libtock-c/newlib/cortex-m/v7-m/libc.a(lib_a-nano-mallocr.o)
 .debug_info    0x000000000000b904     0x1708 ../../libtock-c/newlib/cortex-m/v7-m/libc.a(lib_a-nano-vfprintf.o)
 .debug_info    0x000000000000d00c     0x1562 ../../libtock-c/newlib/cortex-m/v7-m/libc.a(lib_a-nano-vfprintf_i.o)
 .debug_info    0x000000000000e56e      0x9fb ../../libtock-c/newlib/cortex-m/v7-m/libc.a(lib_a-sbrkr.o)
 .debug_info    0x000000000000ef69      0xe6d ../../libtock-c/newlib/cortex-m/v7-m/libc.a(lib_a-stdio.o)
 .debug_info    0x000000000000fdd6      0xc97 ../../libtock-c/newlib/cortex-m/v7-m/libc.a(lib_a-wbuf.o)
 .debug_info    0x0000000000010a6d      0xa2d ../../libtock-c/newlib/cortex-m/v7-m/libc.a(lib_a-writer.o)
 .debug_info    0x000000000001149a      0xbfa ../../libtock-c/newlib/cortex-m/v7-m/libc.a(lib_a-wsetup.o)
 .debug_info    0x0000000000012094      0x9d8 ../../libtock-c/newlib/cortex-m/v7-m/libc.a(lib_a-closer.o)
 .debug_info    0x0000000000012a6c      0xd64 ../../libtock-c/newlib/cortex-m/v7-m/libc.a(lib_a-fflush.o)
 .debug_info    0x00000000000137d0      0xf0e ../../libtock-c/newlib/cortex-m/v7-m/libc.a(lib_a-fvwrite.o)
 .debug_info    0x00000000000146de      0xa0e ../../libtock-c/newlib/cortex-m/v7-m/libc.a(lib_a-lseekr.o)
 .debug_info    0x00000000000150ec      0xf55 ../../libtock-c/newlib/cortex-m/v7-m/libc.a(lib_a-makebuf.o)
 .debug_info    0x0000000000016041      0x9a3 ../../libtock-c/newlib/cortex-m/v7-m/libc.a(lib_a-memchr-stub.o)
 .debug_info    0x00000000000169e4      0xeee ../../libtock-c/newlib/cortex-m/v7-m/libc.a(lib_a-memmove.o)
 .debug_info    0x00000000000178d2      0x961 ../../libtock-c/newlib/cortex-m/v7-m/libc.a(lib_a-mlock.o)
 .debug_info    0x0000000000018233      0xb59 ../../libtock-c/newlib/cortex-m/v7-m/libc.a(lib_a-nano-freer.o)
 .debug_info    0x0000000000018d8c      0xb96 ../../libtock-c/newlib/cortex-m/v7-m/libc.a(lib_a-nano-reallocr.o)
 .debug_info    0x0000000000019922      0xa26 ../../libtock-c/newlib/cortex-m/v7-m/libc.a(lib_a-readr.o)
 .debug_info    0x000000000001a348      0xb07 ../../libtock-c/newlib/cortex-m/v7-m/libc.a(lib_a-reent.o)
 .debug_info    0x000000000001ae4f      0xc24 ../../libtock-c/newlib/cortex-m/v7-m/libc.a(lib_a-fstatr.o)
 .debug_info    0x000000000001ba73      0x9d8 ../../libtock-c/newlib/cortex-m/v7-m/libc.a(lib_a-isattyr.o)
 .debug_info    0x000000000001c44b      0xaa6 ../../libtock-c/newlib/cortex-m/v7-m/libc.a(lib_a-nano-msizer.o)
 .debug_info    0x000000000001cef1     0x10b3 ../../libtock-c/libtock/build/cortex-m4/libtock.a(sys.o)
 .debug_info    0x000000000001dfa4     0x159b ../../libtock-c/libtock/build/cortex-m4/libtock.a(console.o)
 .debug_info    0x000000000001f53f      0x953 ../../libtock-c/newlib/cortex-m/v7-m/libc.a(lib_a-errno.o)
 .debug_info    0x000000000001fe92      0x9b6 ../../libtock-c/newlib/cortex-m/v7-m/libc.a(lib_a-malloc.o)
 .debug_info    0x0000000000020848      0x995 ../../libtock-c/newlib/cortex-m/v7-m/libc.a(lib_a-strncpy.o)

.debug_abbrev   0x0000000000000000     0x5dd9
 .debug_abbrev  0x0000000000000000      0x2fe build/cortex-m4/main.o
 .debug_abbrev  0x00000000000002fe      0x23b ../../libtock-c/libtock/build/cortex-m4/libtock.a(button.o)
 .debug_abbrev  0x0000000000000539      0x27f ../../libtock-c/libtock/build/cortex-m4/libtock.a(crt0.o)
 .debug_abbrev  0x00000000000007b8      0x471 ../../libtock-c/libtock/build/cortex-m4/libtock.a(tock.o)
 .debug_abbrev  0x0000000000000c29      0x227 ../../libtock-c/libtock/build/cortex-m4/libtock.a(led.o)
 .debug_abbrev  0x0000000000000e50      0x1f6 ../../libtock-c/newlib/cortex-m/v7-m/libc.a(lib_a-exit.o)
 .debug_abbrev  0x0000000000001046      0x17a ../../libtock-c/newlib/cortex-m/v7-m/libc.a(lib_a-impure.o)
 .debug_abbrev  0x00000000000011c0      0x1e3 ../../libtock-c/newlib/cortex-m/v7-m/libc.a(lib_a-memcpy-stub.o)
 .debug_abbrev  0x00000000000013a3      0x1c3 ../../libtock-c/newlib/cortex-m/v7-m/libc.a(lib_a-memset.o)
 .debug_abbrev  0x0000000000001566      0x294 ../../libtock-c/newlib/cortex-m/v7-m/libc.a(lib_a-printf.o)
 .debug_abbrev  0x00000000000017fa      0x3cf ../../libtock-c/newlib/cortex-m/v7-m/libc.a(lib_a-findfp.o)
 .debug_abbrev  0x0000000000001bc9      0x210 ../../libtock-c/newlib/cortex-m/v7-m/libc.a(lib_a-fwalk.o)
 .debug_abbrev  0x0000000000001dd9      0x2dc ../../libtock-c/newlib/cortex-m/v7-m/libc.a(lib_a-nano-mallocr.o)
 .debug_abbrev  0x00000000000020b5      0x319 ../../libtock-c/newlib/cortex-m/v7-m/libc.a(lib_a-nano-vfprintf.o)
 .debug_abbrev  0x00000000000023ce      0x2b2 ../../libtock-c/newlib/cortex-m/v7-m/libc.a(lib_a-nano-vfprintf_i.o)
 .debug_abbrev  0x0000000000002680      0x212 ../../libtock-c/newlib/cortex-m/v7-m/libc.a(lib_a-sbrkr.o)
 .debug_abbrev  0x0000000000002892      0x26c ../../libtock-c/newlib/cortex-m/v7-m/libc.a(lib_a-stdio.o)
 .debug_abbrev  0x0000000000002afe      0x27a ../../libtock-c/newlib/cortex-m/v7-m/libc.a(lib_a-wbuf.o)
 .debug_abbrev  0x0000000000002d78      0x1ec ../../libtock-c/newlib/cortex-m/v7-m/libc.a(lib_a-writer.o)
 .debug_abbrev  0x0000000000002f64      0x23a ../../libtock-c/newlib/cortex-m/v7-m/libc.a(lib_a-wsetup.o)
 .debug_abbrev  0x000000000000319e      0x1e7 ../../libtock-c/newlib/cortex-m/v7-m/libc.a(lib_a-closer.o)
 .debug_abbrev  0x0000000000003385      0x2e2 ../../libtock-c/newlib/cortex-m/v7-m/libc.a(lib_a-fflush.o)
 .debug_abbrev  0x0000000000003667      0x270 ../../libtock-c/newlib/cortex-m/v7-m/libc.a(lib_a-fvwrite.o)
 .debug_abbrev  0x00000000000038d7      0x1fb ../../libtock-c/newlib/cortex-m/v7-m/libc.a(lib_a-lseekr.o)
 .debug_abbrev  0x0000000000003ad2      0x2f6 ../../libtock-c/newlib/cortex-m/v7-m/libc.a(lib_a-makebuf.o)
 .debug_abbrev  0x0000000000003dc8      0x1c3 ../../libtock-c/newlib/cortex-m/v7-m/libc.a(lib_a-memchr-stub.o)
 .debug_abbrev  0x0000000000003f8b      0x1c8 ../../libtock-c/newlib/cortex-m/v7-m/libc.a(lib_a-memmove.o)
 .debug_abbrev  0x0000000000004153      0x1c5 ../../libtock-c/newlib/cortex-m/v7-m/libc.a(lib_a-mlock.o)
 .debug_abbrev  0x0000000000004318      0x271 ../../libtock-c/newlib/cortex-m/v7-m/libc.a(lib_a-nano-freer.o)
 .debug_abbrev  0x0000000000004589      0x24b ../../libtock-c/newlib/cortex-m/v7-m/libc.a(lib_a-nano-reallocr.o)
 .debug_abbrev  0x00000000000047d4      0x1e7 ../../libtock-c/newlib/cortex-m/v7-m/libc.a(lib_a-readr.o)
 .debug_abbrev  0x00000000000049bb      0x271 ../../libtock-c/newlib/cortex-m/v7-m/libc.a(lib_a-reent.o)
 .debug_abbrev  0x0000000000004c2c      0x1fb ../../libtock-c/newlib/cortex-m/v7-m/libc.a(lib_a-fstatr.o)
 .debug_abbrev  0x0000000000004e27      0x1e7 ../../libtock-c/newlib/cortex-m/v7-m/libc.a(lib_a-isattyr.o)
 .debug_abbrev  0x000000000000500e      0x1e5 ../../libtock-c/newlib/cortex-m/v7-m/libc.a(lib_a-nano-msizer.o)
 .debug_abbrev  0x00000000000051f3      0x2e8 ../../libtock-c/libtock/build/cortex-m4/libtock.a(sys.o)
 .debug_abbrev  0x00000000000054db      0x3b4 ../../libtock-c/libtock/build/cortex-m4/libtock.a(console.o)
 .debug_abbrev  0x000000000000588f      0x198 ../../libtock-c/newlib/cortex-m/v7-m/libc.a(lib_a-errno.o)
 .debug_abbrev  0x0000000000005a27      0x1f2 ../../libtock-c/newlib/cortex-m/v7-m/libc.a(lib_a-malloc.o)
 .debug_abbrev  0x0000000000005c19      0x1c0 ../../libtock-c/newlib/cortex-m/v7-m/libc.a(lib_a-strncpy.o)

.debug_loc      0x0000000000000000     0x5491
 .debug_loc     0x0000000000000000      0x295 build/cortex-m4/main.o
 .debug_loc     0x0000000000000295      0x27b ../../libtock-c/libtock/build/cortex-m4/libtock.a(button.o)
 .debug_loc     0x0000000000000510      0x360 ../../libtock-c/libtock/build/cortex-m4/libtock.a(crt0.o)
 .debug_loc     0x0000000000000870      0xe8d ../../libtock-c/libtock/build/cortex-m4/libtock.a(tock.o)
 .debug_loc     0x00000000000016fd      0x1bc ../../libtock-c/libtock/build/cortex-m4/libtock.a(led.o)
 .debug_loc     0x00000000000018b9       0x22 ../../libtock-c/newlib/cortex-m/v7-m/libc.a(lib_a-exit.o)
 .debug_loc     0x00000000000018db       0xd9 ../../libtock-c/newlib/cortex-m/v7-m/libc.a(lib_a-memcpy-stub.o)
 .debug_loc     0x00000000000019b4       0x53 ../../libtock-c/newlib/cortex-m/v7-m/libc.a(lib_a-memset.o)
 .debug_loc     0x0000000000001a07       0x71 ../../libtock-c/newlib/cortex-m/v7-m/libc.a(lib_a-printf.o)
 .debug_loc     0x0000000000001a78      0x261 ../../libtock-c/newlib/cortex-m/v7-m/libc.a(lib_a-findfp.o)
 .debug_loc     0x0000000000001cd9      0x187 ../../libtock-c/newlib/cortex-m/v7-m/libc.a(lib_a-fwalk.o)
 .debug_loc     0x0000000000001e60      0x374 ../../libtock-c/newlib/cortex-m/v7-m/libc.a(lib_a-nano-mallocr.o)
 .debug_loc     0x00000000000021d4      0x642 ../../libtock-c/newlib/cortex-m/v7-m/libc.a(lib_a-nano-vfprintf.o)
 .debug_loc     0x0000000000002816      0x4f9 ../../libtock-c/newlib/cortex-m/v7-m/libc.a(lib_a-nano-vfprintf_i.o)
 .debug_loc     0x0000000000002d0f       0x6c ../../libtock-c/newlib/cortex-m/v7-m/libc.a(lib_a-sbrkr.o)
 .debug_loc     0x0000000000002d7b      0x345 ../../libtock-c/newlib/cortex-m/v7-m/libc.a(lib_a-stdio.o)
 .debug_loc     0x00000000000030c0      0x15b ../../libtock-c/newlib/cortex-m/v7-m/libc.a(lib_a-wbuf.o)
 .debug_loc     0x000000000000321b       0xd0 ../../libtock-c/newlib/cortex-m/v7-m/libc.a(lib_a-writer.o)
 .debug_loc     0x00000000000032eb       0x66 ../../libtock-c/newlib/cortex-m/v7-m/libc.a(lib_a-wsetup.o)
 .debug_loc     0x0000000000003351       0x6c ../../libtock-c/newlib/cortex-m/v7-m/libc.a(lib_a-closer.o)
 .debug_loc     0x00000000000033bd      0x2e4 ../../libtock-c/newlib/cortex-m/v7-m/libc.a(lib_a-fflush.o)
 .debug_loc     0x00000000000036a1      0x67e ../../libtock-c/newlib/cortex-m/v7-m/libc.a(lib_a-fvwrite.o)
 .debug_loc     0x0000000000003d1f       0xd0 ../../libtock-c/newlib/cortex-m/v7-m/libc.a(lib_a-lseekr.o)
 .debug_loc     0x0000000000003def      0x227 ../../libtock-c/newlib/cortex-m/v7-m/libc.a(lib_a-makebuf.o)
 .debug_loc     0x0000000000004016      0x10f ../../libtock-c/newlib/cortex-m/v7-m/libc.a(lib_a-memchr-stub.o)
 .debug_loc     0x0000000000004125      0x1b1 ../../libtock-c/newlib/cortex-m/v7-m/libc.a(lib_a-memmove.o)
 .debug_loc     0x00000000000042d6      0x152 ../../libtock-c/newlib/cortex-m/v7-m/libc.a(lib_a-nano-freer.o)
 .debug_loc     0x0000000000004428      0x18b ../../libtock-c/newlib/cortex-m/v7-m/libc.a(lib_a-nano-reallocr.o)
 .debug_loc     0x00000000000045b3       0xd0 ../../libtock-c/newlib/cortex-m/v7-m/libc.a(lib_a-readr.o)
 .debug_loc     0x0000000000004683      0x138 ../../libtock-c/newlib/cortex-m/v7-m/libc.a(lib_a-reent.o)
 .debug_loc     0x00000000000047bb       0x9e ../../libtock-c/newlib/cortex-m/v7-m/libc.a(lib_a-fstatr.o)
 .debug_loc     0x0000000000004859       0x6c ../../libtock-c/newlib/cortex-m/v7-m/libc.a(lib_a-isattyr.o)
 .debug_loc     0x00000000000048c5       0x86 ../../libtock-c/newlib/cortex-m/v7-m/libc.a(lib_a-nano-msizer.o)
 .debug_loc     0x000000000000494b      0x26c ../../libtock-c/libtock/build/cortex-m4/libtock.a(sys.o)
 .debug_loc     0x0000000000004bb7      0x7a4 ../../libtock-c/libtock/build/cortex-m4/libtock.a(console.o)
 .debug_loc     0x000000000000535b       0x64 ../../libtock-c/newlib/cortex-m/v7-m/libc.a(lib_a-malloc.o)
 .debug_loc     0x00000000000053bf       0xd2 ../../libtock-c/newlib/cortex-m/v7-m/libc.a(lib_a-strncpy.o)

.debug_aranges  0x0000000000000000      0x7a0
 .debug_aranges
                0x0000000000000000       0x38 build/cortex-m4/main.o
 .debug_aranges
                0x0000000000000038       0x40 ../../libtock-c/libtock/build/cortex-m4/libtock.a(button.o)
 .debug_aranges
                0x0000000000000078       0x30 ../../libtock-c/libtock/build/cortex-m4/libtock.a(crt0.o)
 .debug_aranges
                0x00000000000000a8      0x108 ../../libtock-c/libtock/build/cortex-m4/libtock.a(tock.o)
 .debug_aranges
                0x00000000000001b0       0x38 ../../libtock-c/libtock/build/cortex-m4/libtock.a(led.o)
 .debug_aranges
                0x00000000000001e8       0x20 ../../libtock-c/newlib/cortex-m/v7-m/libc.a(lib_a-exit.o)
 .debug_aranges
                0x0000000000000208       0x18 ../../libtock-c/newlib/cortex-m/v7-m/libc.a(lib_a-impure.o)
 .debug_aranges
                0x0000000000000220       0x20 ../../libtock-c/newlib/cortex-m/v7-m/libc.a(lib_a-memcpy-stub.o)
 .debug_aranges
                0x0000000000000240       0x20 ../../libtock-c/newlib/cortex-m/v7-m/libc.a(lib_a-memset.o)
 .debug_aranges
                0x0000000000000260       0x28 ../../libtock-c/newlib/cortex-m/v7-m/libc.a(lib_a-printf.o)
 .debug_aranges
                0x0000000000000288       0x68 ../../libtock-c/newlib/cortex-m/v7-m/libc.a(lib_a-findfp.o)
 .debug_aranges
                0x00000000000002f0       0x28 ../../libtock-c/newlib/cortex-m/v7-m/libc.a(lib_a-fwalk.o)
 .debug_aranges
                0x0000000000000318       0x20 ../../libtock-c/newlib/cortex-m/v7-m/libc.a(lib_a-nano-mallocr.o)
 .debug_aranges
                0x0000000000000338       0x40 ../../libtock-c/newlib/cortex-m/v7-m/libc.a(lib_a-nano-vfprintf.o)
 .debug_aranges
                0x0000000000000378       0x28 ../../libtock-c/newlib/cortex-m/v7-m/libc.a(lib_a-nano-vfprintf_i.o)
 .debug_aranges
                0x00000000000003a0       0x20 ../../libtock-c/newlib/cortex-m/v7-m/libc.a(lib_a-sbrkr.o)
 .debug_aranges
                0x00000000000003c0       0x40 ../../libtock-c/newlib/cortex-m/v7-m/libc.a(lib_a-stdio.o)
 .debug_aranges
                0x0000000000000400       0x28 ../../libtock-c/newlib/cortex-m/v7-m/libc.a(lib_a-wbuf.o)
 .debug_aranges
                0x0000000000000428       0x20 ../../libtock-c/newlib/cortex-m/v7-m/libc.a(lib_a-writer.o)
 .debug_aranges
                0x0000000000000448       0x20 ../../libtock-c/newlib/cortex-m/v7-m/libc.a(lib_a-wsetup.o)
 .debug_aranges
                0x0000000000000468       0x20 ../../libtock-c/newlib/cortex-m/v7-m/libc.a(lib_a-closer.o)
 .debug_aranges
                0x0000000000000488       0x30 ../../libtock-c/newlib/cortex-m/v7-m/libc.a(lib_a-fflush.o)
 .debug_aranges
                0x00000000000004b8       0x20 ../../libtock-c/newlib/cortex-m/v7-m/libc.a(lib_a-fvwrite.o)
 .debug_aranges
                0x00000000000004d8       0x20 ../../libtock-c/newlib/cortex-m/v7-m/libc.a(lib_a-lseekr.o)
 .debug_aranges
                0x00000000000004f8       0x28 ../../libtock-c/newlib/cortex-m/v7-m/libc.a(lib_a-makebuf.o)
 .debug_aranges
                0x0000000000000520       0x20 ../../libtock-c/newlib/cortex-m/v7-m/libc.a(lib_a-memchr-stub.o)
 .debug_aranges
                0x0000000000000540       0x20 ../../libtock-c/newlib/cortex-m/v7-m/libc.a(lib_a-memmove.o)
 .debug_aranges
                0x0000000000000560       0x20 ../../libtock-c/newlib/cortex-m/v7-m/libc.a(lib_a-mlock.o)
 .debug_aranges
                0x0000000000000580       0x20 ../../libtock-c/newlib/cortex-m/v7-m/libc.a(lib_a-nano-freer.o)
 .debug_aranges
                0x00000000000005a0       0x20 ../../libtock-c/newlib/cortex-m/v7-m/libc.a(lib_a-nano-reallocr.o)
 .debug_aranges
                0x00000000000005c0       0x20 ../../libtock-c/newlib/cortex-m/v7-m/libc.a(lib_a-readr.o)
 .debug_aranges
                0x00000000000005e0       0x28 ../../libtock-c/newlib/cortex-m/v7-m/libc.a(lib_a-reent.o)
 .debug_aranges
                0x0000000000000608       0x20 ../../libtock-c/newlib/cortex-m/v7-m/libc.a(lib_a-fstatr.o)
 .debug_aranges
                0x0000000000000628       0x20 ../../libtock-c/newlib/cortex-m/v7-m/libc.a(lib_a-isattyr.o)
 .debug_aranges
                0x0000000000000648       0x20 ../../libtock-c/newlib/cortex-m/v7-m/libc.a(lib_a-nano-msizer.o)
 .debug_aranges
                0x0000000000000668       0x78 ../../libtock-c/libtock/build/cortex-m4/libtock.a(sys.o)
 .debug_aranges
                0x00000000000006e0       0x58 ../../libtock-c/libtock/build/cortex-m4/libtock.a(console.o)
 .debug_aranges
                0x0000000000000738       0x20 ../../libtock-c/newlib/cortex-m/v7-m/libc.a(lib_a-errno.o)
 .debug_aranges
                0x0000000000000758       0x28 ../../libtock-c/newlib/cortex-m/v7-m/libc.a(lib_a-malloc.o)
 .debug_aranges
                0x0000000000000780       0x20 ../../libtock-c/newlib/cortex-m/v7-m/libc.a(lib_a-strncpy.o)

.debug_ranges   0x0000000000000000      0x7a0
 .debug_ranges  0x0000000000000000       0x60 build/cortex-m4/main.o
 .debug_ranges  0x0000000000000060       0x30 ../../libtock-c/libtock/build/cortex-m4/libtock.a(button.o)
 .debug_ranges  0x0000000000000090       0x68 ../../libtock-c/libtock/build/cortex-m4/libtock.a(crt0.o)
 .debug_ranges  0x00000000000000f8       0xf8 ../../libtock-c/libtock/build/cortex-m4/libtock.a(tock.o)
 .debug_ranges  0x00000000000001f0       0x28 ../../libtock-c/libtock/build/cortex-m4/libtock.a(led.o)
 .debug_ranges  0x0000000000000218       0x10 ../../libtock-c/newlib/cortex-m/v7-m/libc.a(lib_a-exit.o)
 .debug_ranges  0x0000000000000228       0x10 ../../libtock-c/newlib/cortex-m/v7-m/libc.a(lib_a-memcpy-stub.o)
 .debug_ranges  0x0000000000000238       0x10 ../../libtock-c/newlib/cortex-m/v7-m/libc.a(lib_a-memset.o)
 .debug_ranges  0x0000000000000248       0x18 ../../libtock-c/newlib/cortex-m/v7-m/libc.a(lib_a-printf.o)
 .debug_ranges  0x0000000000000260       0x70 ../../libtock-c/newlib/cortex-m/v7-m/libc.a(lib_a-findfp.o)
 .debug_ranges  0x00000000000002d0       0x18 ../../libtock-c/newlib/cortex-m/v7-m/libc.a(lib_a-fwalk.o)
 .debug_ranges  0x00000000000002e8       0x48 ../../libtock-c/newlib/cortex-m/v7-m/libc.a(lib_a-nano-mallocr.o)
 .debug_ranges  0x0000000000000330       0x58 ../../libtock-c/newlib/cortex-m/v7-m/libc.a(lib_a-nano-vfprintf.o)
 .debug_ranges  0x0000000000000388       0x90 ../../libtock-c/newlib/cortex-m/v7-m/libc.a(lib_a-nano-vfprintf_i.o)
 .debug_ranges  0x0000000000000418       0x10 ../../libtock-c/newlib/cortex-m/v7-m/libc.a(lib_a-sbrkr.o)
 .debug_ranges  0x0000000000000428       0x30 ../../libtock-c/newlib/cortex-m/v7-m/libc.a(lib_a-stdio.o)
 .debug_ranges  0x0000000000000458       0x38 ../../libtock-c/newlib/cortex-m/v7-m/libc.a(lib_a-wbuf.o)
 .debug_ranges  0x0000000000000490       0x10 ../../libtock-c/newlib/cortex-m/v7-m/libc.a(lib_a-writer.o)
 .debug_ranges  0x00000000000004a0       0x40 ../../libtock-c/newlib/cortex-m/v7-m/libc.a(lib_a-wsetup.o)
 .debug_ranges  0x00000000000004e0       0x10 ../../libtock-c/newlib/cortex-m/v7-m/libc.a(lib_a-closer.o)
 .debug_ranges  0x00000000000004f0       0x68 ../../libtock-c/newlib/cortex-m/v7-m/libc.a(lib_a-fflush.o)
 .debug_ranges  0x0000000000000558       0x30 ../../libtock-c/newlib/cortex-m/v7-m/libc.a(lib_a-fvwrite.o)
 .debug_ranges  0x0000000000000588       0x10 ../../libtock-c/newlib/cortex-m/v7-m/libc.a(lib_a-lseekr.o)
 .debug_ranges  0x0000000000000598       0x30 ../../libtock-c/newlib/cortex-m/v7-m/libc.a(lib_a-makebuf.o)
 .debug_ranges  0x00000000000005c8       0x10 ../../libtock-c/newlib/cortex-m/v7-m/libc.a(lib_a-memchr-stub.o)
 .debug_ranges  0x00000000000005d8       0x10 ../../libtock-c/newlib/cortex-m/v7-m/libc.a(lib_a-memmove.o)
 .debug_ranges  0x00000000000005e8       0x10 ../../libtock-c/newlib/cortex-m/v7-m/libc.a(lib_a-mlock.o)
 .debug_ranges  0x00000000000005f8       0x10 ../../libtock-c/newlib/cortex-m/v7-m/libc.a(lib_a-nano-freer.o)
 .debug_ranges  0x0000000000000608       0x10 ../../libtock-c/newlib/cortex-m/v7-m/libc.a(lib_a-nano-reallocr.o)
 .debug_ranges  0x0000000000000618       0x10 ../../libtock-c/newlib/cortex-m/v7-m/libc.a(lib_a-readr.o)
 .debug_ranges  0x0000000000000628       0x30 ../../libtock-c/newlib/cortex-m/v7-m/libc.a(lib_a-reent.o)
 .debug_ranges  0x0000000000000658       0x10 ../../libtock-c/newlib/cortex-m/v7-m/libc.a(lib_a-fstatr.o)
 .debug_ranges  0x0000000000000668       0x10 ../../libtock-c/newlib/cortex-m/v7-m/libc.a(lib_a-isattyr.o)
 .debug_ranges  0x0000000000000678       0x10 ../../libtock-c/newlib/cortex-m/v7-m/libc.a(lib_a-nano-msizer.o)
 .debug_ranges  0x0000000000000688       0x68 ../../libtock-c/libtock/build/cortex-m4/libtock.a(sys.o)
 .debug_ranges  0x00000000000006f0       0x78 ../../libtock-c/libtock/build/cortex-m4/libtock.a(console.o)
 .debug_ranges  0x0000000000000768       0x10 ../../libtock-c/newlib/cortex-m/v7-m/libc.a(lib_a-errno.o)
 .debug_ranges  0x0000000000000778       0x18 ../../libtock-c/newlib/cortex-m/v7-m/libc.a(lib_a-malloc.o)
 .debug_ranges  0x0000000000000790       0x10 ../../libtock-c/newlib/cortex-m/v7-m/libc.a(lib_a-strncpy.o)

.debug_line     0x0000000000000000     0x7483
 .debug_line    0x0000000000000000      0x201 build/cortex-m4/main.o
 .debug_line    0x0000000000000201      0x1dc ../../libtock-c/libtock/build/cortex-m4/libtock.a(button.o)
 .debug_line    0x00000000000003dd      0x28b ../../libtock-c/libtock/build/cortex-m4/libtock.a(crt0.o)
 .debug_line    0x0000000000000668      0x8aa ../../libtock-c/libtock/build/cortex-m4/libtock.a(tock.o)
 .debug_line    0x0000000000000f12      0x1a5 ../../libtock-c/libtock/build/cortex-m4/libtock.a(led.o)
 .debug_line    0x00000000000010b7      0x1c8 ../../libtock-c/newlib/cortex-m/v7-m/libc.a(lib_a-exit.o)
 .debug_line    0x000000000000127f      0x131 ../../libtock-c/newlib/cortex-m/v7-m/libc.a(lib_a-impure.o)
 .debug_line    0x00000000000013b0      0x248 ../../libtock-c/newlib/cortex-m/v7-m/libc.a(lib_a-memcpy-stub.o)
 .debug_line    0x00000000000015f8      0x22d ../../libtock-c/newlib/cortex-m/v7-m/libc.a(lib_a-memset.o)
 .debug_line    0x0000000000001825      0x296 ../../libtock-c/newlib/cortex-m/v7-m/libc.a(lib_a-printf.o)
 .debug_line    0x0000000000001abb      0x52c ../../libtock-c/newlib/cortex-m/v7-m/libc.a(lib_a-findfp.o)
 .debug_line    0x0000000000001fe7      0x2e7 ../../libtock-c/newlib/cortex-m/v7-m/libc.a(lib_a-fwalk.o)
 .debug_line    0x00000000000022ce      0x38c ../../libtock-c/newlib/cortex-m/v7-m/libc.a(lib_a-nano-mallocr.o)
 .debug_line    0x000000000000265a      0x71c ../../libtock-c/newlib/cortex-m/v7-m/libc.a(lib_a-nano-vfprintf.o)
 .debug_line    0x0000000000002d76      0x757 ../../libtock-c/newlib/cortex-m/v7-m/libc.a(lib_a-nano-vfprintf_i.o)
 .debug_line    0x00000000000034cd      0x1de ../../libtock-c/newlib/cortex-m/v7-m/libc.a(lib_a-sbrkr.o)
 .debug_line    0x00000000000036ab      0x2e8 ../../libtock-c/newlib/cortex-m/v7-m/libc.a(lib_a-stdio.o)
 .debug_line    0x0000000000003993      0x2f0 ../../libtock-c/newlib/cortex-m/v7-m/libc.a(lib_a-wbuf.o)
 .debug_line    0x0000000000003c83      0x1d5 ../../libtock-c/newlib/cortex-m/v7-m/libc.a(lib_a-writer.o)
 .debug_line    0x0000000000003e58      0x325 ../../libtock-c/newlib/cortex-m/v7-m/libc.a(lib_a-wsetup.o)
 .debug_line    0x000000000000417d      0x1de ../../libtock-c/newlib/cortex-m/v7-m/libc.a(lib_a-closer.o)
 .debug_line    0x000000000000435b      0x45f ../../libtock-c/newlib/cortex-m/v7-m/libc.a(lib_a-fflush.o)
 .debug_line    0x00000000000047ba      0x5be ../../libtock-c/newlib/cortex-m/v7-m/libc.a(lib_a-fvwrite.o)
 .debug_line    0x0000000000004d78      0x1d5 ../../libtock-c/newlib/cortex-m/v7-m/libc.a(lib_a-lseekr.o)
 .debug_line    0x0000000000004f4d      0x3aa ../../libtock-c/newlib/cortex-m/v7-m/libc.a(lib_a-makebuf.o)
 .debug_line    0x00000000000052f7      0x1d1 ../../libtock-c/newlib/cortex-m/v7-m/libc.a(lib_a-memchr-stub.o)
 .debug_line    0x00000000000054c8      0x26f ../../libtock-c/newlib/cortex-m/v7-m/libc.a(lib_a-memmove.o)
 .debug_line    0x0000000000005737      0x199 ../../libtock-c/newlib/cortex-m/v7-m/libc.a(lib_a-mlock.o)
 .debug_line    0x00000000000058d0      0x2ea ../../libtock-c/newlib/cortex-m/v7-m/libc.a(lib_a-nano-freer.o)
 .debug_line    0x0000000000005bba      0x234 ../../libtock-c/newlib/cortex-m/v7-m/libc.a(lib_a-nano-reallocr.o)
 .debug_line    0x0000000000005dee      0x1d4 ../../libtock-c/newlib/cortex-m/v7-m/libc.a(lib_a-readr.o)
 .debug_line    0x0000000000005fc2      0x2d3 ../../libtock-c/newlib/cortex-m/v7-m/libc.a(lib_a-reent.o)
 .debug_line    0x0000000000006295      0x27d ../../libtock-c/newlib/cortex-m/v7-m/libc.a(lib_a-fstatr.o)
 .debug_line    0x0000000000006512      0x1df ../../libtock-c/newlib/cortex-m/v7-m/libc.a(lib_a-isattyr.o)
 .debug_line    0x00000000000066f1      0x1c2 ../../libtock-c/newlib/cortex-m/v7-m/libc.a(lib_a-nano-msizer.o)
 .debug_line    0x00000000000068b3      0x2d2 ../../libtock-c/libtock/build/cortex-m4/libtock.a(sys.o)
 .debug_line    0x0000000000006b85      0x408 ../../libtock-c/libtock/build/cortex-m4/libtock.a(console.o)
 .debug_line    0x0000000000006f8d      0x156 ../../libtock-c/newlib/cortex-m/v7-m/libc.a(lib_a-errno.o)
 .debug_line    0x00000000000070e3      0x1cd ../../libtock-c/newlib/cortex-m/v7-m/libc.a(lib_a-malloc.o)
 .debug_line    0x00000000000072b0      0x1d3 ../../libtock-c/newlib/cortex-m/v7-m/libc.a(lib_a-strncpy.o)

.debug_str      0x0000000000000000     0x273b
 .debug_str     0x0000000000000000      0x59e build/cortex-m4/main.o
                                        0x69d (size before relaxing)
 .debug_str     0x000000000000059e      0x3e1 ../../libtock-c/libtock/build/cortex-m4/libtock.a(button.o)
                                        0x9de (size before relaxing)
 .debug_str     0x000000000000097f      0x10c ../../libtock-c/libtock/build/cortex-m4/libtock.a(crt0.o)
                                        0x72e (size before relaxing)
 .debug_str     0x0000000000000a8b      0x47c ../../libtock-c/libtock/build/cortex-m4/libtock.a(tock.o)
                                        0xe27 (size before relaxing)
 .debug_str     0x0000000000000f07       0x3b ../../libtock-c/libtock/build/cortex-m4/libtock.a(led.o)
                                        0x7d6 (size before relaxing)
 .debug_str     0x0000000000000f42      0x21e ../../libtock-c/newlib/cortex-m/v7-m/libc.a(lib_a-exit.o)
                                        0x69d (size before relaxing)
 .debug_str     0x0000000000001160       0xb4 ../../libtock-c/newlib/cortex-m/v7-m/libc.a(lib_a-impure.o)
                                        0x651 (size before relaxing)
 .debug_str     0x0000000000001214      0x33b ../../libtock-c/newlib/cortex-m/v7-m/libc.a(lib_a-memcpy-stub.o)
                                        0x990 (size before relaxing)
 .debug_str     0x000000000000154f       0xaa ../../libtock-c/newlib/cortex-m/v7-m/libc.a(lib_a-memset.o)
                                        0x96a (size before relaxing)
 .debug_str     0x00000000000015f9      0x1de ../../libtock-c/newlib/cortex-m/v7-m/libc.a(lib_a-printf.o)
                                        0x7cb (size before relaxing)
 .debug_str     0x00000000000017d7      0x1a6 ../../libtock-c/newlib/cortex-m/v7-m/libc.a(lib_a-findfp.o)
                                        0x913 (size before relaxing)
 .debug_str     0x000000000000197d       0x4e ../../libtock-c/newlib/cortex-m/v7-m/libc.a(lib_a-fwalk.o)
                                        0x7c7 (size before relaxing)
 .debug_str     0x00000000000019cb      0x152 ../../libtock-c/newlib/cortex-m/v7-m/libc.a(lib_a-nano-mallocr.o)
                                        0x7c2 (size before relaxing)
 .debug_str     0x0000000000001b1d      0x183 ../../libtock-c/newlib/cortex-m/v7-m/libc.a(lib_a-nano-vfprintf.o)
                                        0xc5f (size before relaxing)
 .debug_str     0x0000000000001ca0       0x9a ../../libtock-c/newlib/cortex-m/v7-m/libc.a(lib_a-nano-vfprintf_i.o)
                                        0xbdd (size before relaxing)
 .debug_str     0x0000000000001d3a       0x54 ../../libtock-c/newlib/cortex-m/v7-m/libc.a(lib_a-sbrkr.o)
                                        0x694 (size before relaxing)
 .debug_str     0x0000000000001d8e       0x9f ../../libtock-c/newlib/cortex-m/v7-m/libc.a(lib_a-stdio.o)
                                        0x81b (size before relaxing)
 .debug_str     0x0000000000001e2d       0x50 ../../libtock-c/newlib/cortex-m/v7-m/libc.a(lib_a-wbuf.o)
                                        0x7da (size before relaxing)
 .debug_str     0x0000000000001e7d       0x40 ../../libtock-c/newlib/cortex-m/v7-m/libc.a(lib_a-writer.o)
                                        0x691 (size before relaxing)
 .debug_str     0x0000000000001ebd       0x55 ../../libtock-c/newlib/cortex-m/v7-m/libc.a(lib_a-wsetup.o)
                                        0x7d5 (size before relaxing)
 .debug_str     0x0000000000001f12       0x40 ../../libtock-c/newlib/cortex-m/v7-m/libc.a(lib_a-closer.o)
                                        0x681 (size before relaxing)
 .debug_str     0x0000000000001f52       0x63 ../../libtock-c/newlib/cortex-m/v7-m/libc.a(lib_a-fflush.o)
                                        0x803 (size before relaxing)
 .debug_str     0x0000000000001fb5       0x72 ../../libtock-c/newlib/cortex-m/v7-m/libc.a(lib_a-fvwrite.o)
                                        0x854 (size before relaxing)
 .debug_str     0x0000000000002027       0x47 ../../libtock-c/newlib/cortex-m/v7-m/libc.a(lib_a-lseekr.o)
                                        0x68f (size before relaxing)
 .debug_str     0x000000000000206e      0x16e ../../libtock-c/newlib/cortex-m/v7-m/libc.a(lib_a-makebuf.o)
                                        0x948 (size before relaxing)
 .debug_str     0x00000000000021dc       0x5e ../../libtock-c/newlib/cortex-m/v7-m/libc.a(lib_a-memchr-stub.o)
                                        0x677 (size before relaxing)
 .debug_str     0x000000000000223a       0x4b ../../libtock-c/newlib/cortex-m/v7-m/libc.a(lib_a-memmove.o)
                                        0x985 (size before relaxing)
 .debug_str     0x0000000000002285       0x59 ../../libtock-c/newlib/cortex-m/v7-m/libc.a(lib_a-mlock.o)
                                        0x67d (size before relaxing)
 .debug_str     0x00000000000022de       0x24 ../../libtock-c/newlib/cortex-m/v7-m/libc.a(lib_a-nano-freer.o)
                                        0x781 (size before relaxing)
 .debug_str     0x0000000000002302       0x2c ../../libtock-c/newlib/cortex-m/v7-m/libc.a(lib_a-nano-reallocr.o)
                                        0x787 (size before relaxing)
 .debug_str     0x000000000000232e       0x3f ../../libtock-c/newlib/cortex-m/v7-m/libc.a(lib_a-readr.o)
                                        0x68f (size before relaxing)
 .debug_str     0x000000000000236d       0x6b ../../libtock-c/newlib/cortex-m/v7-m/libc.a(lib_a-reent.o)
                                        0x68d (size before relaxing)
 .debug_str     0x00000000000023d8       0x4d ../../libtock-c/newlib/cortex-m/v7-m/libc.a(lib_a-fstatr.o)
                                        0x7ef (size before relaxing)
 .debug_str     0x0000000000002425       0x49 ../../libtock-c/newlib/cortex-m/v7-m/libc.a(lib_a-isattyr.o)
                                        0x68b (size before relaxing)
 .debug_str     0x000000000000246e        0xf ../../libtock-c/newlib/cortex-m/v7-m/libc.a(lib_a-nano-msizer.o)
                                        0x75c (size before relaxing)
 .debug_str     0x000000000000247d       0x7e ../../libtock-c/libtock/build/cortex-m4/libtock.a(sys.o)
                                        0x99b (size before relaxing)
 .debug_str     0x00000000000024fb       0xfe ../../libtock-c/libtock/build/cortex-m4/libtock.a(console.o)
                                        0xbdf (size before relaxing)
 .debug_str     0x00000000000025f9       0xa7 ../../libtock-c/newlib/cortex-m/v7-m/libc.a(lib_a-errno.o)
                                        0x663 (size before relaxing)
 .debug_str     0x00000000000026a0       0x4d ../../libtock-c/newlib/cortex-m/v7-m/libc.a(lib_a-malloc.o)
                                        0x682 (size before relaxing)
 .debug_str     0x00000000000026ed       0x4e ../../libtock-c/newlib/cortex-m/v7-m/libc.a(lib_a-strncpy.o)
                                        0x673 (size before relaxing)

.debug_frame    0x0000000000000000     0x1018
 .debug_frame   0x0000000000000000       0x80 build/cortex-m4/main.o
 .debug_frame   0x0000000000000080       0xbc ../../libtock-c/libtock/build/cortex-m4/libtock.a(button.o)
 .debug_frame   0x000000000000013c       0x50 ../../libtock-c/libtock/build/cortex-m4/libtock.a(crt0.o)
 .debug_frame   0x000000000000018c      0x310 ../../libtock-c/libtock/build/cortex-m4/libtock.a(tock.o)
 .debug_frame   0x000000000000049c       0x9c ../../libtock-c/libtock/build/cortex-m4/libtock.a(led.o)
 .debug_frame   0x0000000000000538       0x28 ../../libtock-c/newlib/cortex-m/v7-m/libc.a(lib_a-exit.o)
 .debug_frame   0x0000000000000560       0x28 ../../libtock-c/newlib/cortex-m/v7-m/libc.a(lib_a-memcpy-stub.o)
 .debug_frame   0x0000000000000588       0x20 ../../libtock-c/newlib/cortex-m/v7-m/libc.a(lib_a-memset.o)
 .debug_frame   0x00000000000005a8       0x74 ../../libtock-c/newlib/cortex-m/v7-m/libc.a(lib_a-printf.o)
 .debug_frame   0x000000000000061c      0x13c ../../libtock-c/newlib/cortex-m/v7-m/libc.a(lib_a-findfp.o)
 .debug_frame   0x0000000000000758       0x54 ../../libtock-c/newlib/cortex-m/v7-m/libc.a(lib_a-fwalk.o)
 .debug_frame   0x00000000000007ac       0x30 ../../libtock-c/newlib/cortex-m/v7-m/libc.a(lib_a-nano-mallocr.o)
 .debug_frame   0x00000000000007dc       0xb8 ../../libtock-c/newlib/cortex-m/v7-m/libc.a(lib_a-nano-vfprintf.o)
 .debug_frame   0x0000000000000894       0x60 ../../libtock-c/newlib/cortex-m/v7-m/libc.a(lib_a-nano-vfprintf_i.o)
 .debug_frame   0x00000000000008f4       0x2c ../../libtock-c/newlib/cortex-m/v7-m/libc.a(lib_a-sbrkr.o)
 .debug_frame   0x0000000000000920       0x88 ../../libtock-c/newlib/cortex-m/v7-m/libc.a(lib_a-stdio.o)
 .debug_frame   0x00000000000009a8       0x40 ../../libtock-c/newlib/cortex-m/v7-m/libc.a(lib_a-wbuf.o)
 .debug_frame   0x00000000000009e8       0x2c ../../libtock-c/newlib/cortex-m/v7-m/libc.a(lib_a-writer.o)
 .debug_frame   0x0000000000000a14       0x2c ../../libtock-c/newlib/cortex-m/v7-m/libc.a(lib_a-wsetup.o)
 .debug_frame   0x0000000000000a40       0x2c ../../libtock-c/newlib/cortex-m/v7-m/libc.a(lib_a-closer.o)
 .debug_frame   0x0000000000000a6c       0x68 ../../libtock-c/newlib/cortex-m/v7-m/libc.a(lib_a-fflush.o)
 .debug_frame   0x0000000000000ad4       0x3c ../../libtock-c/newlib/cortex-m/v7-m/libc.a(lib_a-fvwrite.o)
 .debug_frame   0x0000000000000b10       0x2c ../../libtock-c/newlib/cortex-m/v7-m/libc.a(lib_a-lseekr.o)
 .debug_frame   0x0000000000000b3c       0x58 ../../libtock-c/newlib/cortex-m/v7-m/libc.a(lib_a-makebuf.o)
 .debug_frame   0x0000000000000b94       0x28 ../../libtock-c/newlib/cortex-m/v7-m/libc.a(lib_a-memchr-stub.o)
 .debug_frame   0x0000000000000bbc       0x28 ../../libtock-c/newlib/cortex-m/v7-m/libc.a(lib_a-memmove.o)
 .debug_frame   0x0000000000000be4       0x30 ../../libtock-c/newlib/cortex-m/v7-m/libc.a(lib_a-mlock.o)
 .debug_frame   0x0000000000000c14       0x38 ../../libtock-c/newlib/cortex-m/v7-m/libc.a(lib_a-nano-freer.o)
 .debug_frame   0x0000000000000c4c       0x3c ../../libtock-c/newlib/cortex-m/v7-m/libc.a(lib_a-nano-reallocr.o)
 .debug_frame   0x0000000000000c88       0x2c ../../libtock-c/newlib/cortex-m/v7-m/libc.a(lib_a-readr.o)
 .debug_frame   0x0000000000000cb4       0x5c ../../libtock-c/newlib/cortex-m/v7-m/libc.a(lib_a-reent.o)
 .debug_frame   0x0000000000000d10       0x2c ../../libtock-c/newlib/cortex-m/v7-m/libc.a(lib_a-fstatr.o)
 .debug_frame   0x0000000000000d3c       0x2c ../../libtock-c/newlib/cortex-m/v7-m/libc.a(lib_a-isattyr.o)
 .debug_frame   0x0000000000000d68       0x20 ../../libtock-c/newlib/cortex-m/v7-m/libc.a(lib_a-nano-msizer.o)
 .debug_frame   0x0000000000000d88       0xf4 ../../libtock-c/libtock/build/cortex-m4/libtock.a(sys.o)
 .debug_frame   0x0000000000000e7c      0x124 ../../libtock-c/libtock/build/cortex-m4/libtock.a(console.o)
 .debug_frame   0x0000000000000fa0       0x20 ../../libtock-c/newlib/cortex-m/v7-m/libc.a(lib_a-errno.o)
 .debug_frame   0x0000000000000fc0       0x30 ../../libtock-c/newlib/cortex-m/v7-m/libc.a(lib_a-malloc.o)
 .debug_frame   0x0000000000000ff0       0x28 ../../libtock-c/newlib/cortex-m/v7-m/libc.a(lib_a-strncpy.o)
