Archive member included to satisfy reference by file (symbol)

../../libtock-c/libtock/build/cortex-m0/libtock.a(alarm_timer.o)
                              build/cortex-m0/main.o (timer_in)
../../libtock-c/libtock/build/cortex-m0/libtock.a(button.o)
                              build/cortex-m0/main.o (button_subscribe)
../../libtock-c/libtock/build/cortex-m0/libtock.a(crt0.o)
                              (_start)
../../libtock-c/libtock/build/cortex-m0/libtock.a(temperature.o)
                              build/cortex-m0/main.o (temperature_read_sync)
../../libtock-c/libtock/build/cortex-m0/libtock.a(tock.o)
                              ../../libtock-c/libtock/build/cortex-m0/libtock.a(alarm_timer.o) (tock_enqueue)
../../libtock-c/libtock/build/cortex-m0/libtock.a(buzzer.o)
                              build/cortex-m0/main.o (tone_sync)
../../libtock-c/libtock/build/cortex-m0/libtock.a(alarm_internal.o)
                              ../../libtock-c/libtock/build/cortex-m0/libtock.a(alarm_timer.o) (alarm_internal_subscribe)
../drivers/build/cortex-m0/drivers.a(network.o)
                              build/cortex-m0/main.o (network_post)
../../libtock-c/libc++/cortex-m/libgcc.a(_thumb1_case_uqi.o)
                              ../../libtock-c/libtock/build/cortex-m0/libtock.a(tock.o) (__gnu_thumb1_case_uqi)
../../libtock-c/libc++/cortex-m/libgcc.a(_udivsi3.o)
                              ../../libtock-c/libtock/build/cortex-m0/libtock.a(alarm_timer.o) (__aeabi_uidiv)
../../libtock-c/libc++/cortex-m/libgcc.a(_divsi3.o)
                              build/cortex-m0/main.o (__aeabi_idiv)
../../libtock-c/libc++/cortex-m/libgcc.a(_dvmd_tls.o)
                              ../../libtock-c/libc++/cortex-m/libgcc.a(_udivsi3.o) (__aeabi_idiv0)
../../libtock-c/newlib/cortex-m/v6-m/libc.a(lib_a-exit.o)
                              ../../libtock-c/libtock/build/cortex-m0/libtock.a(tock.o) (exit)
../../libtock-c/newlib/cortex-m/v6-m/libc.a(lib_a-impure.o)
                              ../../libtock-c/newlib/cortex-m/v6-m/libc.a(lib_a-exit.o) (_global_impure_ptr)
../../libtock-c/newlib/cortex-m/v6-m/libc.a(lib_a-malloc.o)
                              ../drivers/build/cortex-m0/drivers.a(network.o) (malloc)
../../libtock-c/newlib/cortex-m/v6-m/libc.a(lib_a-memcpy-stub.o)
                              ../../libtock-c/libtock/build/cortex-m0/libtock.a(crt0.o) (memcpy)
../../libtock-c/newlib/cortex-m/v6-m/libc.a(lib_a-memset.o)
                              ../../libtock-c/libtock/build/cortex-m0/libtock.a(crt0.o) (memset)
../../libtock-c/newlib/cortex-m/v6-m/libc.a(lib_a-nano-freer.o)
                              ../../libtock-c/newlib/cortex-m/v6-m/libc.a(lib_a-malloc.o) (_free_r)
../../libtock-c/newlib/cortex-m/v6-m/libc.a(lib_a-nano-mallocr.o)
                              ../../libtock-c/newlib/cortex-m/v6-m/libc.a(lib_a-malloc.o) (_malloc_r)
../../libtock-c/newlib/cortex-m/v6-m/libc.a(lib_a-printf.o)
                              build/cortex-m0/main.o (printf)
../../libtock-c/newlib/cortex-m/v6-m/libc.a(lib_a-puts.o)
                              build/cortex-m0/main.o (puts)
../../libtock-c/newlib/cortex-m/v6-m/libc.a(lib_a-sbrkr.o)
                              ../../libtock-c/newlib/cortex-m/v6-m/libc.a(lib_a-nano-mallocr.o) (_sbrk_r)
../../libtock-c/newlib/cortex-m/v6-m/libc.a(lib_a-sprintf.o)
                              build/cortex-m0/main.o (sprintf)
../../libtock-c/newlib/cortex-m/v6-m/libc.a(lib_a-strlen.o)
                              ../drivers/build/cortex-m0/drivers.a(network.o) (strlen)
../../libtock-c/newlib/cortex-m/v6-m/libc.a(lib_a-wbuf.o)
                              ../../libtock-c/newlib/cortex-m/v6-m/libc.a(lib_a-puts.o) (__swbuf_r)
../../libtock-c/newlib/cortex-m/v6-m/libc.a(lib_a-wsetup.o)
                              ../../libtock-c/newlib/cortex-m/v6-m/libc.a(lib_a-puts.o) (__swsetup_r)
../../libtock-c/newlib/cortex-m/v6-m/libc.a(lib_a-fflush.o)
                              ../../libtock-c/newlib/cortex-m/v6-m/libc.a(lib_a-wbuf.o) (_fflush_r)
../../libtock-c/newlib/cortex-m/v6-m/libc.a(lib_a-findfp.o)
                              ../../libtock-c/newlib/cortex-m/v6-m/libc.a(lib_a-printf.o) (__sinit)
../../libtock-c/newlib/cortex-m/v6-m/libc.a(lib_a-fwalk.o)
                              ../../libtock-c/newlib/cortex-m/v6-m/libc.a(lib_a-findfp.o) (_fwalk)
../../libtock-c/newlib/cortex-m/v6-m/libc.a(lib_a-makebuf.o)
                              ../../libtock-c/newlib/cortex-m/v6-m/libc.a(lib_a-wsetup.o) (__smakebuf_r)
../../libtock-c/newlib/cortex-m/v6-m/libc.a(lib_a-mlock.o)
                              ../../libtock-c/newlib/cortex-m/v6-m/libc.a(lib_a-nano-freer.o) (__malloc_lock)
../../libtock-c/newlib/cortex-m/v6-m/libc.a(lib_a-nano-svfprintf.o)
                              ../../libtock-c/newlib/cortex-m/v6-m/libc.a(lib_a-sprintf.o) (_svfprintf_r)
../../libtock-c/newlib/cortex-m/v6-m/libc.a(lib_a-nano-vfprintf.o)
[...]
Memory Configuration

Name             Origin             Length             Attributes
FLASH            0x0000000080000000 0x0000000000070000 xr
SRAM             0x0000000000000000 0x0000000000010000 xrw
*default*        0x0000000000000000 0xffffffffffffffff

Linker script and memory map

                0x0000000000000800                STACK_SIZE = 0x800
                0x0000000000002000                APP_HEAP_SIZE = 0x2000
                0x0000000000000400                KERNEL_HEAP_SIZE = 0x400
START GROUP
LOAD build/cortex-m0/main.o
LOAD ../../libtock-c/libtock/build/cortex-m0/libtock.a
LOAD ../drivers/build/cortex-m0/drivers.a
LOAD ../../libtock-c/libc++/cortex-m/libstdc++.a
LOAD ../../libtock-c/libc++/cortex-m/libsupc++.a
LOAD ../../libtock-c/libc++/cortex-m/libgcc.a
LOAD ../../libtock-c/newlib/cortex-m/v6-m/libc.a
LOAD ../../libtock-c/newlib/cortex-m/v6-m/libm.a
END GROUP
                0x0000000000070000                PROG_LENGTH = 0x70000
                0x0000000000010000                RAM_LENGTH = 0x10000

.crt0_header    0x0000000080000000       0x28
                0x0000000080000000        0x4 LONG 0x2198 (LOADADDR (.got) - ORIGIN (FLASH))
                0x0000000080000004        0x4 LONG 0x800 (_got - ORIGIN (SRAM))
                0x0000000080000008        0x4 LONG 0xcc SIZEOF (.got)
                0x000000008000000c        0x4 LONG 0x2264 (LOADADDR (.data) - ORIGIN (FLASH))
                0x0000000080000010        0x4 LONG 0x8cc (_data - ORIGIN (SRAM))
                0x0000000080000014        0x4 LONG 0x70 SIZEOF (.data)
                0x0000000080000018        0x4 LONG 0x93c (_bss - ORIGIN (SRAM))
                0x000000008000001c        0x4 LONG 0x19c SIZEOF (.bss)
                0x0000000080000020        0x4 LONG 0x22d4 (LOADADDR (.endflash) - ORIGIN (FLASH))
                0x0000000080000024        0x4 LONG 0x800 STACK_SIZE

.wfr.app_state  0x0000000080000028        0x0
 *(.app_state)
                0x0000000080000028                . = ALIGN (0x4)

.text           0x0000000080000028     0x2170
                0x0000000080000028                . = ALIGN (0x4)
                0x0000000080000028                _text = .
 *(.start)
 .start         0x0000000080000028       0x40 ../../libtock-c/libtock/build/cortex-m0/libtock.a(crt0.o)
                0x0000000080000028                _start
 *(.text*)
 .text.timer_fired
                0x0000000080000068       0xa8 build/cortex-m0/main.o
 .text.button_callback
                0x0000000080000110       0x40 build/cortex-m0/main.o
 .text.startup.main
                0x0000000080000150       0x68 build/cortex-m0/main.o
                0x0000000080000150                main
 .text.callback
                0x00000000800001b8       0x64 ../../libtock-c/libtock/build/cortex-m0/libtock.a(alarm_timer.o)
 .text.alarm_at
                0x000000008000021c       0x88 ../../libtock-c/libtock/build/cortex-m0/libtock.a(alarm_timer.o)
                0x000000008000021c                alarm_at
 .text.timer_in
                0x00000000800002a4       0x56 ../../libtock-c/libtock/build/cortex-m0/libtock.a(alarm_timer.o)
                0x00000000800002a4                timer_in
 .text.button_subscribe
                0x00000000800002fa       0x22 ../../libtock-c/libtock/build/cortex-m0/libtock.a(button.o)
                0x00000000800002fa                button_subscribe
 .text.button_enable_interrupt
                0x000000008000031c       0x24 ../../libtock-c/libtock/build/cortex-m0/libtock.a(button.o)
                0x000000008000031c                button_enable_interrupt
 .text._c_start_pic
                0x0000000080000340       0x86 ../../libtock-c/libtock/build/cortex-m0/libtock.a(crt0.o)
                0x0000000080000340                _c_start_pic
 .text.temp_upcall
                0x00000000800003c6        0x8 ../../libtock-c/libtock/build/cortex-m0/libtock.a(temperature.o)
 .text.temperature_set_callback
                0x00000000800003ce       0x24 ../../libtock-c/libtock/build/cortex-m0/libtock.a(temperature.o)
                0x00000000800003ce                temperature_set_callback
 .text.temperature_read
                0x00000000800003f2       0x24 ../../libtock-c/libtock/build/cortex-m0/libtock.a(temperature.o)
                0x00000000800003f2                temperature_read
 *fill*         0x0000000080000416        0x2 ff
 .text.temperature_read_sync
                0x0000000080000418       0x44 ../../libtock-c/libtock/build/cortex-m0/libtock.a(temperature.o)
                0x0000000080000418                temperature_read_sync
 .text.__yield_check_tasks
                0x000000008000045c       0x5c ../../libtock-c/libtock/build/cortex-m0/libtock.a(tock.o)
 .text.tock_enqueue
                0x00000000800004b8       0x6c ../../libtock-c/libtock/build/cortex-m0/libtock.a(tock.o)
                0x00000000800004b8                tock_enqueue
 .text.tock_status_to_returncode
                0x0000000080000524        0x4 ../../libtock-c/libtock/build/cortex-m0/libtock.a(tock.o)
                0x0000000080000524                tock_status_to_returncode
 .text.tock_command_return_novalue_to_returncode
                0x0000000080000528       0x28 ../../libtock-c/libtock/build/cortex-m0/libtock.a(tock.o)
                0x0000000080000528                tock_command_return_novalue_to_returncode
 .text.tock_command_return_u32_to_returncode
                0x0000000080000550       0x28 ../../libtock-c/libtock/build/cortex-m0/libtock.a(tock.o)
                0x0000000080000550                tock_command_return_u32_to_returncode
 .text.tock_subscribe_return_to_returncode
                0x0000000080000578       0x1a ../../libtock-c/libtock/build/cortex-m0/libtock.a(tock.o)
                0x0000000080000578                tock_subscribe_return_to_returncode
 .text.yield    0x0000000080000592       0x10 ../../libtock-c/libtock/build/cortex-m0/libtock.a(tock.o)
                0x0000000080000592                yield
 .text.yield_for
                0x00000000800005a2       0x12 ../../libtock-c/libtock/build/cortex-m0/libtock.a(tock.o)
                0x00000000800005a2                yield_for
 .text.subscribe
                0x00000000800005b4       0x3a ../../libtock-c/libtock/build/cortex-m0/libtock.a(tock.o)
                0x00000000800005b4                subscribe
 .text.command  0x00000000800005ee       0x1a ../../libtock-c/libtock/build/cortex-m0/libtock.a(tock.o)
                0x00000000800005ee                command
 .text.allow_readonly
                0x0000000080000608       0x3a ../../libtock-c/libtock/build/cortex-m0/libtock.a(tock.o)
                0x0000000080000608                allow_readonly
 .text.memop    0x0000000080000642       0x34 ../../libtock-c/libtock/build/cortex-m0/libtock.a(tock.o)
                0x0000000080000642                memop
 .text.driver_exists
                0x0000000080000676       0x1c ../../libtock-c/libtock/build/cortex-m0/libtock.a(tock.o)
                0x0000000080000676                driver_exists
 .text.callback_sync
                0x0000000080000692        0x6 ../../libtock-c/libtock/build/cortex-m0/libtock.a(buzzer.o)
 .text.tone_sync
                0x0000000080000698       0x74 ../../libtock-c/libtock/build/cortex-m0/libtock.a(buzzer.o)
                0x0000000080000698                tone_sync
 .text.alarm_internal_subscribe
                0x000000008000070c       0x22 ../../libtock-c/libtock/build/cortex-m0/libtock.a(alarm_internal.o)
                0x000000008000070c                alarm_internal_subscribe
 .text.alarm_internal_set
                0x000000008000072e       0x22 ../../libtock-c/libtock/build/cortex-m0/libtock.a(alarm_internal.o)
                0x000000008000072e                alarm_internal_set
 .text.alarm_internal_frequency
                0x0000000080000750       0x26 ../../libtock-c/libtock/build/cortex-m0/libtock.a(alarm_internal.o)
                0x0000000080000750                alarm_internal_frequency
 .text.alarm_internal_read
                0x0000000080000776       0x26 ../../libtock-c/libtock/build/cortex-m0/libtock.a(alarm_internal.o)
                0x0000000080000776                alarm_internal_read
 .text.network_post
                0x000000008000079c       0x78 ../drivers/build/cortex-m0/drivers.a(network.o)
                0x000000008000079c                network_post
 .text          0x0000000080000814       0x8c ../../libtock-c/libc++/cortex-m/libgcc.a(_udivsi3.o)
                0x0000000080000814                __udivsi3
                0x0000000080000814                __aeabi_uidiv
                0x000000008000088c                __aeabi_uidivmod
 .text          0x00000000800008a0       0xa8 ../../libtock-c/libc++/cortex-m/libgcc.a(_divsi3.o)
                0x00000000800008a0                __aeabi_idiv
                0x00000000800008a0                __divsi3
                0x0000000080000934                __aeabi_idivmod
 .text          0x0000000080000948        0x4 ../../libtock-c/libc++/cortex-m/libgcc.a(_dvmd_tls.o)
                0x0000000080000948                __aeabi_ldiv0
                0x0000000080000948                __aeabi_idiv0
 .text.exit     0x000000008000094c       0x34 ../../libtock-c/newlib/cortex-m/v6-m/libc.a(lib_a-exit.o)
                0x000000008000094c                exit
 .text.malloc   0x0000000080000980       0x1c ../../libtock-c/newlib/cortex-m/v6-m/libc.a(lib_a-malloc.o)
                0x0000000080000980                malloc
 .text.free     0x000000008000099c       0x1c ../../libtock-c/newlib/cortex-m/v6-m/libc.a(lib_a-malloc.o)
                0x000000008000099c                free
 .text.memcpy   0x00000000800009b8       0x12 ../../libtock-c/newlib/cortex-m/v6-m/libc.a(lib_a-memcpy-stub.o)
                0x00000000800009b8                memcpy
 .text.memset   0x00000000800009ca       0x10 ../../libtock-c/newlib/cortex-m/v6-m/libc.a(lib_a-memset.o)
                0x00000000800009ca                memset
 *fill*         0x00000000800009da        0x2 ff
 .text._free_r  0x00000000800009dc       0xa0 ../../libtock-c/newlib/cortex-m/v6-m/libc.a(lib_a-nano-freer.o)
                0x00000000800009dc                _free_r
 .text._malloc_r
                0x0000000080000a7c       0xcc ../../libtock-c/newlib/cortex-m/v6-m/libc.a(lib_a-nano-mallocr.o)
                0x0000000080000a7c                _malloc_r
 .text.printf   0x0000000080000b48       0x44 ../../libtock-c/newlib/cortex-m/v6-m/libc.a(lib_a-printf.o)
                0x0000000080000b48                printf
                0x0000000080000b48                iprintf
 .text._puts_r  0x0000000080000b8c       0xd0 ../../libtock-c/newlib/cortex-m/v6-m/libc.a(lib_a-puts.o)
                0x0000000080000b8c                _puts_r
 .text.puts     0x0000000080000c5c       0x1c ../../libtock-c/newlib/cortex-m/v6-m/libc.a(lib_a-puts.o)
                0x0000000080000c5c                puts
 .text._sbrk_r  0x0000000080000c78       0x30 ../../libtock-c/newlib/cortex-m/v6-m/libc.a(lib_a-sbrkr.o)
                0x0000000080000c78                _sbrk_r
 .text.sprintf  0x0000000080000ca8       0x4c ../../libtock-c/newlib/cortex-m/v6-m/libc.a(lib_a-sprintf.o)
                0x0000000080000ca8                sprintf
                0x0000000080000ca8                siprintf
 .text          0x0000000080000cf4        0xe ../../libtock-c/newlib/cortex-m/v6-m/libc.a(lib_a-strlen.o)
                0x0000000080000cf4                strlen
 *fill*         0x0000000080000d02        0x2 ff
 .text.__swbuf_r
                0x0000000080000d04       0xbc ../../libtock-c/newlib/cortex-m/v6-m/libc.a(lib_a-wbuf.o)
                0x0000000080000d04                __swbuf_r
 .text.__swsetup_r
                0x0000000080000dc0      0x104 ../../libtock-c/newlib/cortex-m/v6-m/libc.a(lib_a-wsetup.o)
                0x0000000080000dc0                __swsetup_r
 .text.__sflush_r
                0x0000000080000ec4      0x120 ../../libtock-c/newlib/cortex-m/v6-m/libc.a(lib_a-fflush.o)
                0x0000000080000ec4                __sflush_r
 .text._fflush_r
                0x0000000080000fe4       0x68 ../../libtock-c/newlib/cortex-m/v6-m/libc.a(lib_a-fflush.o)
                0x0000000080000fe4                _fflush_r
 .text.std      0x000000008000104c       0x58 ../../libtock-c/newlib/cortex-m/v6-m/libc.a(lib_a-findfp.o)
 .text._cleanup_r
                0x00000000800010a4       0x18 ../../libtock-c/newlib/cortex-m/v6-m/libc.a(lib_a-findfp.o)
                0x00000000800010a4                _cleanup_r
 .text.__sfmoreglue
                0x00000000800010bc       0x2c ../../libtock-c/newlib/cortex-m/v6-m/libc.a(lib_a-findfp.o)
                0x00000000800010bc                __sfmoreglue
 .text.__sfp_lock_acquire
                0x00000000800010e8        0x2 ../../libtock-c/newlib/cortex-m/v6-m/libc.a(lib_a-findfp.o)
                0x00000000800010e8                __sfp_lock_acquire
 .text.__sfp_lock_release
                0x00000000800010ea        0x2 ../../libtock-c/newlib/cortex-m/v6-m/libc.a(lib_a-findfp.o)
                0x00000000800010ea                __sfp_lock_release
 .text.__sinit_lock_acquire
                0x00000000800010ec        0x2 ../../libtock-c/newlib/cortex-m/v6-m/libc.a(lib_a-findfp.o)
                0x00000000800010ec                __sinit_lock_acquire
 .text.__sinit_lock_release
                0x00000000800010ee        0x2 ../../libtock-c/newlib/cortex-m/v6-m/libc.a(lib_a-findfp.o)
                0x00000000800010ee                __sinit_lock_release
 .text.__sinit  0x00000000800010f0       0x7c ../../libtock-c/newlib/cortex-m/v6-m/libc.a(lib_a-findfp.o)
                0x00000000800010f0                __sinit
 .text.__sfp    0x000000008000116c       0x94 ../../libtock-c/newlib/cortex-m/v6-m/libc.a(lib_a-findfp.o)
                0x000000008000116c                __sfp
 .text._fwalk_reent
                0x0000000080001200       0x42 ../../libtock-c/newlib/cortex-m/v6-m/libc.a(lib_a-fwalk.o)
                0x0000000080001200                _fwalk_reent
 *fill*         0x0000000080001242        0x2 ff
 .text.__swhatbuf_r
                0x0000000080001244       0x50 ../../libtock-c/newlib/cortex-m/v6-m/libc.a(lib_a-makebuf.o)
                0x0000000080001244                __swhatbuf_r
 .text.__smakebuf_r
                0x0000000080001294       0x98 ../../libtock-c/newlib/cortex-m/v6-m/libc.a(lib_a-makebuf.o)
                0x0000000080001294                __smakebuf_r
 .text.__malloc_lock
                0x000000008000132c        0x2 ../../libtock-c/newlib/cortex-m/v6-m/libc.a(lib_a-mlock.o)
                0x000000008000132c                __malloc_lock
 .text.__malloc_unlock
                0x000000008000132e        0x2 ../../libtock-c/newlib/cortex-m/v6-m/libc.a(lib_a-mlock.o)
                0x000000008000132e                __malloc_unlock
 .text.__ssputs_r
                0x0000000080001330       0xc4 ../../libtock-c/newlib/cortex-m/v6-m/libc.a(lib_a-nano-svfprintf.o)
                0x0000000080001330                __ssputs_r
 .text._svfprintf_r
                0x00000000800013f4      0x22c ../../libtock-c/newlib/cortex-m/v6-m/libc.a(lib_a-nano-svfprintf.o)
                0x00000000800013f4                _svfprintf_r
                0x00000000800013f4                _svfiprintf_r
 .text.__sfputc_r
                0x0000000080001620       0x2a ../../libtock-c/newlib/cortex-m/v6-m/libc.a(lib_a-nano-vfprintf.o)
 .text.__sfputs_r
                0x000000008000164a       0x24 ../../libtock-c/newlib/cortex-m/v6-m/libc.a(lib_a-nano-vfprintf.o)
                0x000000008000164a                __sfputs_r
 *fill*         0x000000008000166e        0x2 ff
 .text._vfprintf_r
                0x0000000080001670      0x27c ../../libtock-c/newlib/cortex-m/v6-m/libc.a(lib_a-nano-vfprintf.o)
                0x0000000080001670                _vfiprintf_r
                0x0000000080001670                _vfprintf_r
 .text._printf_common
                0x00000000800018ec       0xe0 ../../libtock-c/newlib/cortex-m/v6-m/libc.a(lib_a-nano-vfprintf_i.o)
                0x00000000800018ec                _printf_common
 .text._printf_i
                0x00000000800019cc      0x234 ../../libtock-c/newlib/cortex-m/v6-m/libc.a(lib_a-nano-vfprintf_i.o)
                0x00000000800019cc                _printf_i
 .text.__sread  0x0000000080001c00       0x28 ../../libtock-c/newlib/cortex-m/v6-m/libc.a(lib_a-stdio.o)
                0x0000000080001c00                __sread
 .text.__swrite
                0x0000000080001c28       0x38 ../../libtock-c/newlib/cortex-m/v6-m/libc.a(lib_a-stdio.o)
                0x0000000080001c28                __swrite
 .text.__sseek  0x0000000080001c60       0x2c ../../libtock-c/newlib/cortex-m/v6-m/libc.a(lib_a-stdio.o)
                0x0000000080001c60                __sseek
 .text.__sclose
                0x0000000080001c8c        0xc ../../libtock-c/newlib/cortex-m/v6-m/libc.a(lib_a-stdio.o)
                0x0000000080001c8c                __sclose
 .text._write_r
                0x0000000080001c98       0x34 ../../libtock-c/newlib/cortex-m/v6-m/libc.a(lib_a-writer.o)
                0x0000000080001c98                _write_r
 .text._close_r
                0x0000000080001ccc       0x30 ../../libtock-c/newlib/cortex-m/v6-m/libc.a(lib_a-closer.o)
                0x0000000080001ccc                _close_r
 .text._fstat_r
                0x0000000080001cfc       0x30 ../../libtock-c/newlib/cortex-m/v6-m/libc.a(lib_a-fstatr.o)
                0x0000000080001cfc                _fstat_r
 .text._isatty_r
                0x0000000080001d2c       0x30 ../../libtock-c/newlib/cortex-m/v6-m/libc.a(lib_a-isattyr.o)
                0x0000000080001d2c                _isatty_r
 .text._lseek_r
                0x0000000080001d5c       0x34 ../../libtock-c/newlib/cortex-m/v6-m/libc.a(lib_a-lseekr.o)
                0x0000000080001d5c                _lseek_r
 .text.memchr   0x0000000080001d90       0x16 ../../libtock-c/newlib/cortex-m/v6-m/libc.a(lib_a-memchr-stub.o)
                0x0000000080001d90                memchr
 .text.memmove  0x0000000080001da6       0x26 ../../libtock-c/newlib/cortex-m/v6-m/libc.a(lib_a-memmove.o)
                0x0000000080001da6                memmove
 .text._realloc_r
                0x0000000080001dcc       0x60 ../../libtock-c/newlib/cortex-m/v6-m/libc.a(lib_a-nano-reallocr.o)
                0x0000000080001dcc                _realloc_r
 .text._read_r  0x0000000080001e2c       0x34 ../../libtock-c/newlib/cortex-m/v6-m/libc.a(lib_a-readr.o)
                0x0000000080001e2c                _read_r
 .text._malloc_usable_size_r
                0x0000000080001e60       0x10 ../../libtock-c/newlib/cortex-m/v6-m/libc.a(lib_a-nano-msizer.o)
                0x0000000080001e60                _malloc_usable_size_r
 .text._isatty  0x0000000080001e70        0x6 ../../libtock-c/libtock/build/cortex-m0/libtock.a(sys.o)
                0x0000000080001e70                _isatty
 .text._write   0x0000000080001e76       0x10 ../../libtock-c/libtock/build/cortex-m0/libtock.a(sys.o)
                0x0000000080001e76                _write
 .text._close   0x0000000080001e86        0x6 ../../libtock-c/libtock/build/cortex-m0/libtock.a(sys.o)
                0x0000000080001e86                _close
 .text._fstat   0x0000000080001e8c        0xa ../../libtock-c/libtock/build/cortex-m0/libtock.a(sys.o)
                0x0000000080001e8c                _fstat
 .text._lseek   0x0000000080001e96        0x4 ../../libtock-c/libtock/build/cortex-m0/libtock.a(sys.o)
                0x0000000080001e96                _lseek
 .text._read    0x0000000080001e9a        0x4 ../../libtock-c/libtock/build/cortex-m0/libtock.a(sys.o)
                0x0000000080001e9a                _read
 .text._exit    0x0000000080001e9e        0x2 ../../libtock-c/libtock/build/cortex-m0/libtock.a(sys.o)
                0x0000000080001e9e                _exit
 .text._sbrk    0x0000000080001ea0       0x28 ../../libtock-c/libtock/build/cortex-m0/libtock.a(sys.o)
                0x0000000080001ea0                _sbrk
 .text.putnstr_async
                0x0000000080001ec8       0x5e ../../libtock-c/libtock/build/cortex-m0/libtock.a(console.o)
                0x0000000080001ec8                putnstr_async
 *fill*         0x0000000080001f26        0x2 ff
 .text.putnstr  0x0000000080001f28       0xa0 ../../libtock-c/libtock/build/cortex-m0/libtock.a(console.o)
                0x0000000080001f28                putnstr
 .text.putstr_upcall
                0x0000000080001fc8       0x44 ../../libtock-c/libtock/build/cortex-m0/libtock.a(console.o)
 .text          0x000000008000200c       0x14 ../../libtock-c/libc++/cortex-m/libgcc.a(_thumb1_case_shi.o)
                0x000000008000200c                __gnu_thumb1_case_shi
 .text.__errno  0x0000000080002020       0x18 ../../libtock-c/newlib/cortex-m/v6-m/libc.a(lib_a-errno.o)
                0x0000000080002020                __errno
 .text.strncpy  0x0000000080002038       0x28 ../../libtock-c/newlib/cortex-m/v6-m/libc.a(lib_a-strncpy.o)
                0x0000000080002038                strncpy
 *(.rodata*)
 .rodata.timer_fired.str1.1
                0x0000000080002060       0x4f build/cortex-m0/main.o
 .rodata.button_callback.str1.1
                0x00000000800020af       0x29 build/cortex-m0/main.o
 .rodata.main.str1.1
                0x00000000800020d8       0x29 build/cortex-m0/main.o
 *fill*         0x0000000080002101        0x3 ff
 .rodata.__sf_fake_stderr
                0x0000000080002104       0x20 ../../libtock-c/newlib/cortex-m/v6-m/libc.a(lib_a-findfp.o)
                0x0000000080002104                __sf_fake_stderr
 .rodata.__sf_fake_stdin
                0x0000000080002124       0x20 ../../libtock-c/newlib/cortex-m/v6-m/libc.a(lib_a-findfp.o)
                0x0000000080002124                __sf_fake_stdin
 .rodata.__sf_fake_stdout
                0x0000000080002144       0x20 ../../libtock-c/newlib/cortex-m/v6-m/libc.a(lib_a-findfp.o)
                0x0000000080002144                __sf_fake_stdout
 .rodata._svfprintf_r.str1.1
                0x0000000080002164       0x11 ../../libtock-c/newlib/cortex-m/v6-m/libc.a(lib_a-nano-svfprintf.o)
 .rodata._vfprintf_r.str1.1
                0x0000000080002175       0x11 ../../libtock-c/newlib/cortex-m/v6-m/libc.a(lib_a-nano-vfprintf.o)
 .rodata._printf_i.str1.1
                0x0000000080002175       0x22 ../../libtock-c/newlib/cortex-m/v6-m/libc.a(lib_a-nano-vfprintf_i.o)
 *(.srodata*)
 *(.syscalls)
                0x0000000080002197                _etext = .
 *(.ARM.extab*)
                0x0000000080002198                . = ALIGN (0x4)
 *fill*         0x0000000080002197        0x1 ff

.glue_7         0x0000000080002198        0x0
 .glue_7        0x0000000080002198        0x0 linker stubs

.glue_7t        0x0000000080002198        0x0
 .glue_7t       0x0000000080002198        0x0 linker stubs

.vfp11_veneer   0x0000000080002198        0x0
 .vfp11_veneer  0x0000000080002198        0x0 linker stubs

.v4_bx          0x0000000080002198        0x0
 .v4_bx         0x0000000080002198        0x0 linker stubs

.iplt           0x0000000080002198        0x0
 .iplt          0x0000000080002198        0x0 build/cortex-m0/main.o

.rel.dyn        0x0000000080002198        0x0
 .rel.iplt      0x0000000080002198        0x0 build/cortex-m0/main.o
 .rel.got       0x0000000080002198        0x0 build/cortex-m0/main.o

.stack          0x0000000000000000      0x800
                0x0000000000000000                _sram_origin = .
                0x0000000000000000                . = ALIGN (0x10)
                0x0000000000000000                _stack = .
                0x0000000000000800                . = (_stack + STACK_SIZE)
 *fill*         0x0000000000000000      0x800 
                0x0000000000000800                . = ALIGN (0x10)

.got            0x0000000000000800       0xcc load address 0x0000000080002198
                0x0000000000000800                . = ALIGN (0x4)
                0x0000000000000800                _got = .
 *(.got*)
 .got           0x0000000000000800       0xc0 build/cortex-m0/main.o
 .got.plt       0x00000000000008c0        0xc build/cortex-m0/main.o
                0x00000000000008c0                _GLOBAL_OFFSET_TABLE_
 *(.got.plt*)
                0x00000000000008cc                . = ALIGN (0x4)

.data           0x00000000000008cc       0x70 load address 0x0000000080002264
                0x00000000000008cc                . = ALIGN (0x4)
                0x00000000000008cc                _data = .
 *(.data*)
 .data          0x00000000000008cc        0x0 build/cortex-m0/main.o
 .data          0x00000000000008cc        0x0 ../../libtock-c/libtock/build/cortex-m0/libtock.a(alarm_timer.o)
 .data          0x00000000000008cc        0x0 ../../libtock-c/libtock/build/cortex-m0/libtock.a(button.o)
 .data          0x00000000000008cc        0x0 ../../libtock-c/libtock/build/cortex-m0/libtock.a(crt0.o)
 .data          0x00000000000008cc        0x0 ../../libtock-c/libtock/build/cortex-m0/libtock.a(temperature.o)
 .data          0x00000000000008cc        0x0 ../../libtock-c/libtock/build/cortex-m0/libtock.a(tock.o)
 .data          0x00000000000008cc        0x0 ../../libtock-c/libtock/build/cortex-m0/libtock.a(buzzer.o)
 .data          0x00000000000008cc        0x0 ../../libtock-c/libtock/build/cortex-m0/libtock.a(alarm_internal.o)
 .data          0x00000000000008cc        0x0 ../drivers/build/cortex-m0/drivers.a(network.o)
 .data          0x00000000000008cc        0x0 ../../libtock-c/libc++/cortex-m/libgcc.a(_thumb1_case_uqi.o)
 .data          0x00000000000008cc        0x0 ../../libtock-c/libc++/cortex-m/libgcc.a(_udivsi3.o)
 .data          0x00000000000008cc        0x0 ../../libtock-c/libc++/cortex-m/libgcc.a(_divsi3.o)
 .data          0x00000000000008cc        0x0 ../../libtock-c/libc++/cortex-m/libgcc.a(_dvmd_tls.o)
 .data          0x00000000000008cc        0x0 ../../libtock-c/newlib/cortex-m/v6-m/libc.a(lib_a-exit.o)
 .data          0x00000000000008cc        0x0 ../../libtock-c/newlib/cortex-m/v6-m/libc.a(lib_a-impure.o)
 .data.rel.impure_data
                0x00000000000008cc       0x60 ../../libtock-c/newlib/cortex-m/v6-m/libc.a(lib_a-impure.o)
 .data.rel.local._impure_ptr
                0x000000000000092c        0x4 ../../libtock-c/newlib/cortex-m/v6-m/libc.a(lib_a-impure.o)
                0x000000000000092c                _impure_ptr
 .data.rel.ro.local._global_impure_ptr
                0x0000000000000930        0x4 ../../libtock-c/newlib/cortex-m/v6-m/libc.a(lib_a-impure.o)
                0x0000000000000930                _global_impure_ptr
 .data          0x0000000000000934        0x0 ../../libtock-c/newlib/cortex-m/v6-m/libc.a(lib_a-malloc.o)
 .data          0x0000000000000934        0x0 ../../libtock-c/newlib/cortex-m/v6-m/libc.a(lib_a-memcpy-stub.o)
 .data          0x0000000000000934        0x0 ../../libtock-c/newlib/cortex-m/v6-m/libc.a(lib_a-memset.o)
 .data          0x0000000000000934        0x0 ../../libtock-c/newlib/cortex-m/v6-m/libc.a(lib_a-nano-freer.o)
 .data          0x0000000000000934        0x0 ../../libtock-c/newlib/cortex-m/v6-m/libc.a(lib_a-nano-mallocr.o)
 .data          0x0000000000000934        0x0 ../../libtock-c/newlib/cortex-m/v6-m/libc.a(lib_a-printf.o)
 .data          0x0000000000000934        0x0 ../../libtock-c/newlib/cortex-m/v6-m/libc.a(lib_a-puts.o)
 .data          0x0000000000000934        0x0 ../../libtock-c/newlib/cortex-m/v6-m/libc.a(lib_a-sbrkr.o)
 .data          0x0000000000000934        0x0 ../../libtock-c/newlib/cortex-m/v6-m/libc.a(lib_a-sprintf.o)
 .data          0x0000000000000934        0x0 ../../libtock-c/newlib/cortex-m/v6-m/libc.a(lib_a-strlen.o)
 .data          0x0000000000000934        0x0 ../../libtock-c/newlib/cortex-m/v6-m/libc.a(lib_a-wbuf.o)
 .data          0x0000000000000934        0x0 ../../libtock-c/newlib/cortex-m/v6-m/libc.a(lib_a-wsetup.o)
 .data          0x0000000000000934        0x0 ../../libtock-c/newlib/cortex-m/v6-m/libc.a(lib_a-fflush.o)
 .data          0x0000000000000934        0x0 ../../libtock-c/newlib/cortex-m/v6-m/libc.a(lib_a-findfp.o)
 .data          0x0000000000000934        0x0 ../../libtock-c/newlib/cortex-m/v6-m/libc.a(lib_a-fwalk.o)
 .data          0x0000000000000934        0x0 ../../libtock-c/newlib/cortex-m/v6-m/libc.a(lib_a-makebuf.o)
 .data          0x0000000000000934        0x0 ../../libtock-c/newlib/cortex-m/v6-m/libc.a(lib_a-mlock.o)
 .data          0x0000000000000934        0x0 ../../libtock-c/newlib/cortex-m/v6-m/libc.a(lib_a-nano-svfprintf.o)
 .data          0x0000000000000934        0x0 ../../libtock-c/newlib/cortex-m/v6-m/libc.a(lib_a-nano-vfprintf.o)
 .data          0x0000000000000934        0x0 ../../libtock-c/newlib/cortex-m/v6-m/libc.a(lib_a-nano-vfprintf_i.o)
 .data          0x0000000000000934        0x0 ../../libtock-c/newlib/cortex-m/v6-m/libc.a(lib_a-reent.o)
 .data          0x0000000000000934        0x0 ../../libtock-c/newlib/cortex-m/v6-m/libc.a(lib_a-stdio.o)
 .data          0x0000000000000934        0x0 ../../libtock-c/newlib/cortex-m/v6-m/libc.a(lib_a-writer.o)
 .data          0x0000000000000934        0x0 ../../libtock-c/newlib/cortex-m/v6-m/libc.a(lib_a-closer.o)
 .data          0x0000000000000934        0x0 ../../libtock-c/newlib/cortex-m/v6-m/libc.a(lib_a-fstatr.o)
 .data          0x0000000000000934        0x0 ../../libtock-c/newlib/cortex-m/v6-m/libc.a(lib_a-fvwrite.o)
 .data          0x0000000000000934        0x0 ../../libtock-c/newlib/cortex-m/v6-m/libc.a(lib_a-isattyr.o)
 .data          0x0000000000000934        0x0 ../../libtock-c/newlib/cortex-m/v6-m/libc.a(lib_a-lseekr.o)
 .data          0x0000000000000934        0x0 ../../libtock-c/newlib/cortex-m/v6-m/libc.a(lib_a-memchr-stub.o)
 .data          0x0000000000000934        0x0 ../../libtock-c/newlib/cortex-m/v6-m/libc.a(lib_a-memmove.o)
 .data          0x0000000000000934        0x0 ../../libtock-c/newlib/cortex-m/v6-m/libc.a(lib_a-nano-reallocr.o)
 .data          0x0000000000000934        0x0 ../../libtock-c/newlib/cortex-m/v6-m/libc.a(lib_a-readr.o)
 .data          0x0000000000000934        0x0 ../../libtock-c/newlib/cortex-m/v6-m/libc.a(lib_a-nano-msizer.o)
 .data          0x0000000000000934        0x0 ../../libtock-c/libtock/build/cortex-m0/libtock.a(sys.o)
 .data          0x0000000000000934        0x0 ../../libtock-c/libtock/build/cortex-m0/libtock.a(console.o)
 .data.getnstr_data
                0x0000000000000934        0x8 ../../libtock-c/libtock/build/cortex-m0/libtock.a(console.o)
 .data          0x000000000000093c        0x0 ../../libtock-c/libc++/cortex-m/libgcc.a(_thumb1_case_shi.o)
 .data          0x000000000000093c        0x0 ../../libtock-c/newlib/cortex-m/v6-m/libc.a(lib_a-errno.o)
 .data          0x000000000000093c        0x0 ../../libtock-c/newlib/cortex-m/v6-m/libc.a(lib_a-strncpy.o)
 *(.sdata*)
                0x000000000000093c                . = ALIGN (0x4)

.igot.plt       0x000000000000093c        0x0 load address 0x00000000800022d4
 .igot.plt      0x000000000000093c        0x0 build/cortex-m0/main.o

.bss            0x000000000000093c      0x19c load address 0x00000000800022d4
                0x000000000000093c                . = ALIGN (0x4)
                0x000000000000093c                _bss = .
 *(.bss*)
 .bss           0x000000000000093c        0x0 build/cortex-m0/main.o
 .bss.temperature
                0x000000000000093c        0x1 build/cortex-m0/main.o
 *fill*         0x000000000000093d        0x3 
 .bss.temperature_reading
                0x0000000000000940        0x4 build/cortex-m0/main.o
 .bss.temperature_refference
                0x0000000000000944        0x4 build/cortex-m0/main.o
 .bss.timer     0x0000000000000948       0x24 build/cortex-m0/main.o
 .bss           0x000000000000096c        0x0 ../../libtock-c/libtock/build/cortex-m0/libtock.a(alarm_timer.o)
 .bss.root      0x000000000000096c        0x4 ../../libtock-c/libtock/build/cortex-m0/libtock.a(alarm_timer.o)
 .bss           0x0000000000000970        0x0 ../../libtock-c/libtock/build/cortex-m0/libtock.a(button.o)
 .bss           0x0000000000000970        0x0 ../../libtock-c/libtock/build/cortex-m0/libtock.a(crt0.o)
 .bss           0x0000000000000970        0x0 ../../libtock-c/libtock/build/cortex-m0/libtock.a(temperature.o)
 .bss.result    0x0000000000000970        0x8 ../../libtock-c/libtock/build/cortex-m0/libtock.a(temperature.o)
 .bss           0x0000000000000978        0x0 ../../libtock-c/libtock/build/cortex-m0/libtock.a(tock.o)
 .bss.task_cur  0x0000000000000978        0x4 ../../libtock-c/libtock/build/cortex-m0/libtock.a(tock.o)
 .bss.task_last
                0x000000000000097c        0x4 ../../libtock-c/libtock/build/cortex-m0/libtock.a(tock.o)
 .bss.task_queue
                0x0000000000000980      0x140 ../../libtock-c/libtock/build/cortex-m0/libtock.a(tock.o)
 .bss           0x0000000000000ac0        0x0 ../../libtock-c/libtock/build/cortex-m0/libtock.a(buzzer.o)
 .bss           0x0000000000000ac0        0x0 ../../libtock-c/libtock/build/cortex-m0/libtock.a(alarm_internal.o)
 .bss           0x0000000000000ac0        0x0 ../drivers/build/cortex-m0/drivers.a(network.o)
 .bss           0x0000000000000ac0        0x0 ../../libtock-c/libc++/cortex-m/libgcc.a(_thumb1_case_uqi.o)
 .bss           0x0000000000000ac0        0x0 ../../libtock-c/libc++/cortex-m/libgcc.a(_udivsi3.o)
 .bss           0x0000000000000ac0        0x0 ../../libtock-c/libc++/cortex-m/libgcc.a(_divsi3.o)
 .bss           0x0000000000000ac0        0x0 ../../libtock-c/libc++/cortex-m/libgcc.a(_dvmd_tls.o)
 .bss           0x0000000000000ac0        0x0 ../../libtock-c/newlib/cortex-m/v6-m/libc.a(lib_a-exit.o)
 .bss           0x0000000000000ac0        0x0 ../../libtock-c/newlib/cortex-m/v6-m/libc.a(lib_a-impure.o)
 .bss           0x0000000000000ac0        0x0 ../../libtock-c/newlib/cortex-m/v6-m/libc.a(lib_a-malloc.o)
 .bss           0x0000000000000ac0        0x0 ../../libtock-c/newlib/cortex-m/v6-m/libc.a(lib_a-memcpy-stub.o)
 .bss           0x0000000000000ac0        0x0 ../../libtock-c/newlib/cortex-m/v6-m/libc.a(lib_a-memset.o)
 .bss           0x0000000000000ac0        0x0 ../../libtock-c/newlib/cortex-m/v6-m/libc.a(lib_a-nano-freer.o)
 .bss           0x0000000000000ac0        0x0 ../../libtock-c/newlib/cortex-m/v6-m/libc.a(lib_a-nano-mallocr.o)
 .bss.__malloc_free_list
                0x0000000000000ac0        0x4 ../../libtock-c/newlib/cortex-m/v6-m/libc.a(lib_a-nano-mallocr.o)
                0x0000000000000ac0                __malloc_free_list
 .bss.__malloc_sbrk_start
                0x0000000000000ac4        0x4 ../../libtock-c/newlib/cortex-m/v6-m/libc.a(lib_a-nano-mallocr.o)
                0x0000000000000ac4                __malloc_sbrk_start
 .bss           0x0000000000000ac8        0x0 ../../libtock-c/newlib/cortex-m/v6-m/libc.a(lib_a-printf.o)
 .bss           0x0000000000000ac8        0x0 ../../libtock-c/newlib/cortex-m/v6-m/libc.a(lib_a-puts.o)
 .bss           0x0000000000000ac8        0x0 ../../libtock-c/newlib/cortex-m/v6-m/libc.a(lib_a-sbrkr.o)
 .bss           0x0000000000000ac8        0x0 ../../libtock-c/newlib/cortex-m/v6-m/libc.a(lib_a-sprintf.o)
 .bss           0x0000000000000ac8        0x0 ../../libtock-c/newlib/cortex-m/v6-m/libc.a(lib_a-strlen.o)
 .bss           0x0000000000000ac8        0x0 ../../libtock-c/newlib/cortex-m/v6-m/libc.a(lib_a-wbuf.o)
 .bss           0x0000000000000ac8        0x0 ../../libtock-c/newlib/cortex-m/v6-m/libc.a(lib_a-wsetup.o)
 .bss           0x0000000000000ac8        0x0 ../../libtock-c/newlib/cortex-m/v6-m/libc.a(lib_a-fflush.o)
 .bss           0x0000000000000ac8        0x0 ../../libtock-c/newlib/cortex-m/v6-m/libc.a(lib_a-findfp.o)
 .bss           0x0000000000000ac8        0x0 ../../libtock-c/newlib/cortex-m/v6-m/libc.a(lib_a-fwalk.o)
 .bss           0x0000000000000ac8        0x0 ../../libtock-c/newlib/cortex-m/v6-m/libc.a(lib_a-makebuf.o)
 .bss           0x0000000000000ac8        0x0 ../../libtock-c/newlib/cortex-m/v6-m/libc.a(lib_a-mlock.o)
 .bss           0x0000000000000ac8        0x0 ../../libtock-c/newlib/cortex-m/v6-m/libc.a(lib_a-nano-svfprintf.o)
 .bss           0x0000000000000ac8        0x0 ../../libtock-c/newlib/cortex-m/v6-m/libc.a(lib_a-nano-vfprintf.o)
 .bss           0x0000000000000ac8        0x0 ../../libtock-c/newlib/cortex-m/v6-m/libc.a(lib_a-nano-vfprintf_i.o)
 .bss           0x0000000000000ac8        0x0 ../../libtock-c/newlib/cortex-m/v6-m/libc.a(lib_a-reent.o)
 .bss           0x0000000000000ac8        0x0 ../../libtock-c/newlib/cortex-m/v6-m/libc.a(lib_a-stdio.o)
 .bss           0x0000000000000ac8        0x0 ../../libtock-c/newlib/cortex-m/v6-m/libc.a(lib_a-writer.o)
 .bss           0x0000000000000ac8        0x0 ../../libtock-c/newlib/cortex-m/v6-m/libc.a(lib_a-closer.o)
 .bss           0x0000000000000ac8        0x0 ../../libtock-c/newlib/cortex-m/v6-m/libc.a(lib_a-fstatr.o)
 .bss           0x0000000000000ac8        0x0 ../../libtock-c/newlib/cortex-m/v6-m/libc.a(lib_a-fvwrite.o)
 .bss           0x0000000000000ac8        0x0 ../../libtock-c/newlib/cortex-m/v6-m/libc.a(lib_a-isattyr.o)
 .bss           0x0000000000000ac8        0x0 ../../libtock-c/newlib/cortex-m/v6-m/libc.a(lib_a-lseekr.o)
 .bss           0x0000000000000ac8        0x0 ../../libtock-c/newlib/cortex-m/v6-m/libc.a(lib_a-memchr-stub.o)
 .bss           0x0000000000000ac8        0x0 ../../libtock-c/newlib/cortex-m/v6-m/libc.a(lib_a-memmove.o)
 .bss           0x0000000000000ac8        0x0 ../../libtock-c/newlib/cortex-m/v6-m/libc.a(lib_a-nano-reallocr.o)
 .bss           0x0000000000000ac8        0x0 ../../libtock-c/newlib/cortex-m/v6-m/libc.a(lib_a-readr.o)
 .bss           0x0000000000000ac8        0x0 ../../libtock-c/newlib/cortex-m/v6-m/libc.a(lib_a-nano-msizer.o)
 .bss           0x0000000000000ac8        0x0 ../../libtock-c/libtock/build/cortex-m0/libtock.a(sys.o)
 .bss.__dso_handle
                0x0000000000000ac8        0x4 ../../libtock-c/libtock/build/cortex-m0/libtock.a(sys.o)
                0x0000000000000ac8                __dso_handle
 .bss           0x0000000000000acc        0x0 ../../libtock-c/libtock/build/cortex-m0/libtock.a(console.o)
 .bss.putstr_head
                0x0000000000000acc        0x4 ../../libtock-c/libtock/build/cortex-m0/libtock.a(console.o)
 .bss.putstr_tail
                0x0000000000000ad0        0x4 ../../libtock-c/libtock/build/cortex-m0/libtock.a(console.o)
 .bss           0x0000000000000ad4        0x0 ../../libtock-c/libc++/cortex-m/libgcc.a(_thumb1_case_shi.o)
 .bss           0x0000000000000ad4        0x0 ../../libtock-c/newlib/cortex-m/v6-m/libc.a(lib_a-errno.o)
 .bss           0x0000000000000ad4        0x0 ../../libtock-c/newlib/cortex-m/v6-m/libc.a(lib_a-strncpy.o)
 *(.sbss*)
 *(COMMON)
 COMMON         0x0000000000000ad4        0x4 ../../libtock-c/newlib/cortex-m/v6-m/libc.a(lib_a-reent.o)
                0x0000000000000ad4                errno
                0x0000000000000ad8                . = ALIGN (0x4)

.endflash       0x00000000800022d4        0x0
                [!provide]                        PROVIDE (__exidx_start = .)

.ARM.exidx
 *(.ARM.exidx* .gnu.linkonce.armexidx.*)
                [!provide]                        PROVIDE (__exidx_end = .)
                0x0000000000000001                ASSERT ((_got <= _bss), 
The GOT section must be before the BSS section for crt0 setup to be correct.)
                0x0000000000000001                ASSERT ((_data <= _bss), 
The data section must be before the BSS section for crt0 setup to be correct.)
OUTPUT(build/cortex-m0/cortex-m0.elf elf32-littlearm)
LOAD linker stubs

.GCC.command.line
                0x0000000000000000      0x8ce
 .GCC.command.line
                0x0000000000000000      0x437 build/cortex-m0/main.o
 .GCC.command.line
                0x0000000000000437       0x6b ../../libtock-c/libtock/build/cortex-m0/libtock.a(alarm_timer.o)
                                        0x475 (size before relaxing)
 .GCC.command.line
                0x00000000000004a2       0x61 ../../libtock-c/libtock/build/cortex-m0/libtock.a(button.o)
                                        0x46b (size before relaxing)
 .GCC.command.line
                0x0000000000000503       0x5d ../../libtock-c/libtock/build/cortex-m0/libtock.a(crt0.o)
                                        0x467 (size before relaxing)
 .GCC.command.line
                0x0000000000000560       0x6b ../../libtock-c/libtock/build/cortex-m0/libtock.a(temperature.o)
                                        0x475 (size before relaxing)
 .GCC.command.line
                0x00000000000005cb       0x5d ../../libtock-c/libtock/build/cortex-m0/libtock.a(tock.o)
                                        0x467 (size before relaxing)
 .GCC.command.line
                0x0000000000000628       0x61 ../../libtock-c/libtock/build/cortex-m0/libtock.a(buzzer.o)
                                        0x46b (size before relaxing)
 .GCC.command.line
                0x0000000000000689       0x7a ../../libtock-c/libtock/build/cortex-m0/libtock.a(alarm_internal.o)
                                        0x484 (size before relaxing)
 .GCC.command.line
                0x0000000000000703      0x10d ../drivers/build/cortex-m0/drivers.a(network.o)
                                        0x420 (size before relaxing)
 .GCC.command.line
                0x0000000000000810       0x5b ../../libtock-c/libtock/build/cortex-m0/libtock.a(sys.o)
                                        0x465 (size before relaxing)
 .GCC.command.line
                0x000000000000086b       0x63 ../../libtock-c/libtock/build/cortex-m0/libtock.a(console.o)
                                        0x46d (size before relaxing)

.comment        0x0000000000000000       0xd2
 .comment       0x0000000000000000       0x59 build/cortex-m0/main.o
                                         0x5a (size before relaxing)
 .comment       0x0000000000000059       0x5a ../../libtock-c/libtock/build/cortex-m0/libtock.a(alarm_timer.o)
 .comment       0x0000000000000059       0x5a ../../libtock-c/libtock/build/cortex-m0/libtock.a(button.o)
 .comment       0x0000000000000059       0x5a ../../libtock-c/libtock/build/cortex-m0/libtock.a(crt0.o)
 .comment       0x0000000000000059       0x5a ../../libtock-c/libtock/build/cortex-m0/libtock.a(temperature.o)
 .comment       0x0000000000000059       0x5a ../../libtock-c/libtock/build/cortex-m0/libtock.a(tock.o)
 .comment       0x0000000000000059       0x5a ../../libtock-c/libtock/build/cortex-m0/libtock.a(buzzer.o)
 .comment       0x0000000000000059       0x5a ../../libtock-c/libtock/build/cortex-m0/libtock.a(alarm_internal.o)
 .comment       0x0000000000000059       0x5a ../drivers/build/cortex-m0/drivers.a(network.o)
 .comment       0x0000000000000059       0x79 ../../libtock-c/newlib/cortex-m/v6-m/libc.a(lib_a-exit.o)
                                         0x7a (size before relaxing)
 .comment       0x00000000000000d2       0x7a ../../libtock-c/newlib/cortex-m/v6-m/libc.a(lib_a-impure.o)
 .comment       0x00000000000000d2       0x7a ../../libtock-c/newlib/cortex-m/v6-m/libc.a(lib_a-malloc.o)
 .comment       0x00000000000000d2       0x7a ../../libtock-c/newlib/cortex-m/v6-m/libc.a(lib_a-memcpy-stub.o)
 .comment       0x00000000000000d2       0x7a ../../libtock-c/newlib/cortex-m/v6-m/libc.a(lib_a-memset.o)
 .comment       0x00000000000000d2       0x7a ../../libtock-c/newlib/cortex-m/v6-m/libc.a(lib_a-nano-freer.o)
 .comment       0x00000000000000d2       0x7a ../../libtock-c/newlib/cortex-m/v6-m/libc.a(lib_a-nano-mallocr.o)
 .comment       0x00000000000000d2       0x7a ../../libtock-c/newlib/cortex-m/v6-m/libc.a(lib_a-printf.o)
 .comment       0x00000000000000d2       0x7a ../../libtock-c/newlib/cortex-m/v6-m/libc.a(lib_a-puts.o)
 .comment       0x00000000000000d2       0x7a ../../libtock-c/newlib/cortex-m/v6-m/libc.a(lib_a-sbrkr.o)
 .comment       0x00000000000000d2       0x7a ../../libtock-c/newlib/cortex-m/v6-m/libc.a(lib_a-sprintf.o)
 .comment       0x00000000000000d2       0x7a ../../libtock-c/newlib/cortex-m/v6-m/libc.a(lib_a-wbuf.o)
 .comment       0x00000000000000d2       0x7a ../../libtock-c/newlib/cortex-m/v6-m/libc.a(lib_a-wsetup.o)
 .comment       0x00000000000000d2       0x7a ../../libtock-c/newlib/cortex-m/v6-m/libc.a(lib_a-fflush.o)
 .comment       0x00000000000000d2       0x7a ../../libtock-c/newlib/cortex-m/v6-m/libc.a(lib_a-findfp.o)
 .comment       0x00000000000000d2       0x7a ../../libtock-c/newlib/cortex-m/v6-m/libc.a(lib_a-fwalk.o)
 .comment       0x00000000000000d2       0x7a ../../libtock-c/newlib/cortex-m/v6-m/libc.a(lib_a-makebuf.o)
 .comment       0x00000000000000d2       0x7a ../../libtock-c/newlib/cortex-m/v6-m/libc.a(lib_a-mlock.o)
 .comment       0x00000000000000d2       0x7a ../../libtock-c/newlib/cortex-m/v6-m/libc.a(lib_a-nano-svfprintf.o)
 .comment       0x00000000000000d2       0x7a ../../libtock-c/newlib/cortex-m/v6-m/libc.a(lib_a-nano-vfprintf.o)
 .comment       0x00000000000000d2       0x7a ../../libtock-c/newlib/cortex-m/v6-m/libc.a(lib_a-nano-vfprintf_i.o)
 .comment       0x00000000000000d2       0x7a ../../libtock-c/newlib/cortex-m/v6-m/libc.a(lib_a-reent.o)
 .comment       0x00000000000000d2       0x7a ../../libtock-c/newlib/cortex-m/v6-m/libc.a(lib_a-stdio.o)
 .comment       0x00000000000000d2       0x7a ../../libtock-c/newlib/cortex-m/v6-m/libc.a(lib_a-writer.o)
 .comment       0x00000000000000d2       0x7a ../../libtock-c/newlib/cortex-m/v6-m/libc.a(lib_a-closer.o)
 .comment       0x00000000000000d2       0x7a ../../libtock-c/newlib/cortex-m/v6-m/libc.a(lib_a-fstatr.o)
 .comment       0x00000000000000d2       0x7a ../../libtock-c/newlib/cortex-m/v6-m/libc.a(lib_a-fvwrite.o)
 .comment       0x00000000000000d2       0x7a ../../libtock-c/newlib/cortex-m/v6-m/libc.a(lib_a-isattyr.o)
 .comment       0x00000000000000d2       0x7a ../../libtock-c/newlib/cortex-m/v6-m/libc.a(lib_a-lseekr.o)
 .comment       0x00000000000000d2       0x7a ../../libtock-c/newlib/cortex-m/v6-m/libc.a(lib_a-memchr-stub.o)
 .comment       0x00000000000000d2       0x7a ../../libtock-c/newlib/cortex-m/v6-m/libc.a(lib_a-memmove.o)
 .comment       0x00000000000000d2       0x7a ../../libtock-c/newlib/cortex-m/v6-m/libc.a(lib_a-nano-reallocr.o)
 .comment       0x00000000000000d2       0x7a ../../libtock-c/newlib/cortex-m/v6-m/libc.a(lib_a-readr.o)
 .comment       0x00000000000000d2       0x7a ../../libtock-c/newlib/cortex-m/v6-m/libc.a(lib_a-nano-msizer.o)
 .comment       0x00000000000000d2       0x5a ../../libtock-c/libtock/build/cortex-m0/libtock.a(sys.o)
 .comment       0x00000000000000d2       0x5a ../../libtock-c/libtock/build/cortex-m0/libtock.a(console.o)
 .comment       0x00000000000000d2       0x7a ../../libtock-c/newlib/cortex-m/v6-m/libc.a(lib_a-errno.o)
 .comment       0x00000000000000d2       0x7a ../../libtock-c/newlib/cortex-m/v6-m/libc.a(lib_a-strncpy.o)

.ARM.attributes
                0x0000000000000000       0x2a
 .ARM.attributes
                0x0000000000000000       0x2c build/cortex-m0/main.o
 .ARM.attributes
                0x000000000000002c       0x2c ../../libtock-c/libtock/build/cortex-m0/libtock.a(alarm_timer.o)
 .ARM.attributes
                0x0000000000000058       0x2c ../../libtock-c/libtock/build/cortex-m0/libtock.a(button.o)
 .ARM.attributes
                0x0000000000000084       0x2c ../../libtock-c/libtock/build/cortex-m0/libtock.a(crt0.o)
 .ARM.attributes
                0x00000000000000b0       0x2c ../../libtock-c/libtock/build/cortex-m0/libtock.a(temperature.o)
 .ARM.attributes
                0x00000000000000dc       0x2c ../../libtock-c/libtock/build/cortex-m0/libtock.a(tock.o)
 .ARM.attributes
                0x0000000000000108       0x2c ../../libtock-c/libtock/build/cortex-m0/libtock.a(buzzer.o)
 .ARM.attributes
                0x0000000000000134       0x2c ../../libtock-c/libtock/build/cortex-m0/libtock.a(alarm_internal.o)
 .ARM.attributes
                0x0000000000000160       0x2c ../drivers/build/cortex-m0/drivers.a(network.o)
 .ARM.attributes
                0x000000000000018c       0x1e ../../libtock-c/libc++/cortex-m/libgcc.a(_thumb1_case_uqi.o)
 .ARM.attributes
                0x00000000000001aa       0x1e ../../libtock-c/libc++/cortex-m/libgcc.a(_udivsi3.o)
 .ARM.attributes
                0x00000000000001c8       0x1e ../../libtock-c/libc++/cortex-m/libgcc.a(_divsi3.o)
 .ARM.attributes
                0x00000000000001e6       0x1e ../../libtock-c/libc++/cortex-m/libgcc.a(_dvmd_tls.o)
 .ARM.attributes
                0x0000000000000204       0x2c ../../libtock-c/newlib/cortex-m/v6-m/libc.a(lib_a-exit.o)
 .ARM.attributes
                0x0000000000000230       0x2c ../../libtock-c/newlib/cortex-m/v6-m/libc.a(lib_a-impure.o)
 .ARM.attributes
                0x000000000000025c       0x2c ../../libtock-c/newlib/cortex-m/v6-m/libc.a(lib_a-malloc.o)
 .ARM.attributes
                0x0000000000000288       0x2c ../../libtock-c/newlib/cortex-m/v6-m/libc.a(lib_a-memcpy-stub.o)
 .ARM.attributes
                0x00000000000002b4       0x2c ../../libtock-c/newlib/cortex-m/v6-m/libc.a(lib_a-memset.o)
 .ARM.attributes
                0x00000000000002e0       0x2c ../../libtock-c/newlib/cortex-m/v6-m/libc.a(lib_a-nano-freer.o)
 .ARM.attributes
                0x000000000000030c       0x2c ../../libtock-c/newlib/cortex-m/v6-m/libc.a(lib_a-nano-mallocr.o)
 .ARM.attributes
                0x0000000000000338       0x2c ../../libtock-c/newlib/cortex-m/v6-m/libc.a(lib_a-printf.o)
 .ARM.attributes
                0x0000000000000364       0x2c ../../libtock-c/newlib/cortex-m/v6-m/libc.a(lib_a-puts.o)
 .ARM.attributes
                0x0000000000000390       0x2c ../../libtock-c/newlib/cortex-m/v6-m/libc.a(lib_a-sbrkr.o)
 .ARM.attributes
                0x00000000000003bc       0x2c ../../libtock-c/newlib/cortex-m/v6-m/libc.a(lib_a-sprintf.o)
 .ARM.attributes
                0x00000000000003e8       0x1c ../../libtock-c/newlib/cortex-m/v6-m/libc.a(lib_a-strlen.o)
 .ARM.attributes
                0x0000000000000404       0x2c ../../libtock-c/newlib/cortex-m/v6-m/libc.a(lib_a-wbuf.o)
 .ARM.attributes
                0x0000000000000430       0x2c ../../libtock-c/newlib/cortex-m/v6-m/libc.a(lib_a-wsetup.o)
 .ARM.attributes
                0x000000000000045c       0x2c ../../libtock-c/newlib/cortex-m/v6-m/libc.a(lib_a-fflush.o)
 .ARM.attributes
                0x0000000000000488       0x2c ../../libtock-c/newlib/cortex-m/v6-m/libc.a(lib_a-findfp.o)
 .ARM.attributes
                0x00000000000004b4       0x2c ../../libtock-c/newlib/cortex-m/v6-m/libc.a(lib_a-fwalk.o)
 .ARM.attributes
                0x00000000000004e0       0x2c ../../libtock-c/newlib/cortex-m/v6-m/libc.a(lib_a-makebuf.o)
 .ARM.attributes
                0x000000000000050c       0x2c ../../libtock-c/newlib/cortex-m/v6-m/libc.a(lib_a-mlock.o)
 .ARM.attributes
                0x0000000000000538       0x2c ../../libtock-c/newlib/cortex-m/v6-m/libc.a(lib_a-nano-svfprintf.o)
 .ARM.attributes
                0x0000000000000564       0x2c ../../libtock-c/newlib/cortex-m/v6-m/libc.a(lib_a-nano-vfprintf.o)
 .ARM.attributes
                0x0000000000000590       0x2c ../../libtock-c/newlib/cortex-m/v6-m/libc.a(lib_a-nano-vfprintf_i.o)
 .ARM.attributes
                0x00000000000005bc       0x2c ../../libtock-c/newlib/cortex-m/v6-m/libc.a(lib_a-reent.o)
 .ARM.attributes
                0x00000000000005e8       0x2c ../../libtock-c/newlib/cortex-m/v6-m/libc.a(lib_a-stdio.o)
 .ARM.attributes
                0x0000000000000614       0x2c ../../libtock-c/newlib/cortex-m/v6-m/libc.a(lib_a-writer.o)
 .ARM.attributes
                0x0000000000000640       0x2c ../../libtock-c/newlib/cortex-m/v6-m/libc.a(lib_a-closer.o)
 .ARM.attributes
                0x000000000000066c       0x2c ../../libtock-c/newlib/cortex-m/v6-m/libc.a(lib_a-fstatr.o)
 .ARM.attributes
                0x0000000000000698       0x2c ../../libtock-c/newlib/cortex-m/v6-m/libc.a(lib_a-fvwrite.o)
 .ARM.attributes
                0x00000000000006c4       0x2c ../../libtock-c/newlib/cortex-m/v6-m/libc.a(lib_a-isattyr.o)
 .ARM.attributes
                0x00000000000006f0       0x2c ../../libtock-c/newlib/cortex-m/v6-m/libc.a(lib_a-lseekr.o)
 .ARM.attributes
                0x000000000000071c       0x2c ../../libtock-c/newlib/cortex-m/v6-m/libc.a(lib_a-memchr-stub.o)
 .ARM.attributes
                0x0000000000000748       0x2c ../../libtock-c/newlib/cortex-m/v6-m/libc.a(lib_a-memmove.o)
 .ARM.attributes
                0x0000000000000774       0x2c ../../libtock-c/newlib/cortex-m/v6-m/libc.a(lib_a-nano-reallocr.o)
 .ARM.attributes
                0x00000000000007a0       0x2c ../../libtock-c/newlib/cortex-m/v6-m/libc.a(lib_a-readr.o)
 .ARM.attributes
                0x00000000000007cc       0x2c ../../libtock-c/newlib/cortex-m/v6-m/libc.a(lib_a-nano-msizer.o)
 .ARM.attributes
                0x00000000000007f8       0x2c ../../libtock-c/libtock/build/cortex-m0/libtock.a(sys.o)
 .ARM.attributes
                0x0000000000000824       0x2c ../../libtock-c/libtock/build/cortex-m0/libtock.a(console.o)
 .ARM.attributes
                0x0000000000000850       0x1e ../../libtock-c/libc++/cortex-m/libgcc.a(_thumb1_case_shi.o)
 .ARM.attributes
                0x000000000000086e       0x2c ../../libtock-c/newlib/cortex-m/v6-m/libc.a(lib_a-errno.o)
 .ARM.attributes
                0x000000000000089a       0x2c ../../libtock-c/newlib/cortex-m/v6-m/libc.a(lib_a-strncpy.o)

.debug_info     0x0000000000000000    0x28b27
 .debug_info    0x0000000000000000      0xed8 build/cortex-m0/main.o
 .debug_info    0x0000000000000ed8     0x1527 ../../libtock-c/libtock/build/cortex-m0/libtock.a(alarm_timer.o)
 .debug_info    0x00000000000023ff      0xe6b ../../libtock-c/libtock/build/cortex-m0/libtock.a(button.o)
 .debug_info    0x000000000000326a      0xde1 ../../libtock-c/libtock/build/cortex-m0/libtock.a(crt0.o)
 .debug_info    0x000000000000404b      0xe61 ../../libtock-c/libtock/build/cortex-m0/libtock.a(temperature.o)
 .debug_info    0x0000000000004eac     0x1bf0 ../../libtock-c/libtock/build/cortex-m0/libtock.a(tock.o)
 .debug_info    0x0000000000006a9c      0xf2a ../../libtock-c/libtock/build/cortex-m0/libtock.a(buzzer.o)
 .debug_info    0x00000000000079c6      0xe55 ../../libtock-c/libtock/build/cortex-m0/libtock.a(alarm_internal.o)
 .debug_info    0x000000000000881b     0x10bf ../drivers/build/cortex-m0/drivers.a(network.o)
 .debug_info    0x00000000000098da       0x26 ../../libtock-c/libc++/cortex-m/libgcc.a(_thumb1_case_uqi.o)
 .debug_info    0x0000000000009900       0x26 ../../libtock-c/libc++/cortex-m/libgcc.a(_udivsi3.o)
 .debug_info    0x0000000000009926       0x26 ../../libtock-c/libc++/cortex-m/libgcc.a(_divsi3.o)
 .debug_info    0x000000000000994c       0x26 ../../libtock-c/libc++/cortex-m/libgcc.a(_dvmd_tls.o)
 .debug_info    0x0000000000009972      0x9e7 ../../libtock-c/newlib/cortex-m/v6-m/libc.a(lib_a-exit.o)
 .debug_info    0x000000000000a359      0x92a ../../libtock-c/newlib/cortex-m/v6-m/libc.a(lib_a-impure.o)
 .debug_info    0x000000000000ac83      0x9b6 ../../libtock-c/newlib/cortex-m/v6-m/libc.a(lib_a-malloc.o)
 .debug_info    0x000000000000b639      0xf06 ../../libtock-c/newlib/cortex-m/v6-m/libc.a(lib_a-memcpy-stub.o)
 .debug_info    0x000000000000c53f      0xec5 ../../libtock-c/newlib/cortex-m/v6-m/libc.a(lib_a-memset.o)
 .debug_info    0x000000000000d404      0xb58 ../../libtock-c/newlib/cortex-m/v6-m/libc.a(lib_a-nano-freer.o)
 .debug_info    0x000000000000df5c      0xc88 ../../libtock-c/newlib/cortex-m/v6-m/libc.a(lib_a-nano-mallocr.o)
 .debug_info    0x000000000000ebe4      0xc6e ../../libtock-c/newlib/cortex-m/v6-m/libc.a(lib_a-printf.o)
 .debug_info    0x000000000000f852      0xd2e ../../libtock-c/newlib/cortex-m/v6-m/libc.a(lib_a-puts.o)
 .debug_info    0x0000000000010580      0x9fb ../../libtock-c/newlib/cortex-m/v6-m/libc.a(lib_a-sbrkr.o)
 .debug_info    0x0000000000010f7b      0xc90 ../../libtock-c/newlib/cortex-m/v6-m/libc.a(lib_a-sprintf.o)
 .debug_info    0x0000000000011c0b       0x26 ../../libtock-c/newlib/cortex-m/v6-m/libc.a(lib_a-strlen.o)
 .debug_info    0x0000000000011c31      0xc97 ../../libtock-c/newlib/cortex-m/v6-m/libc.a(lib_a-wbuf.o)
 .debug_info    0x00000000000128c8      0xbfa ../../libtock-c/newlib/cortex-m/v6-m/libc.a(lib_a-wsetup.o)
 .debug_info    0x00000000000134c2      0xd72 ../../libtock-c/newlib/cortex-m/v6-m/libc.a(lib_a-fflush.o)
 .debug_info    0x0000000000014234     0x10b5 ../../libtock-c/newlib/cortex-m/v6-m/libc.a(lib_a-findfp.o)
 .debug_info    0x00000000000152e9      0xcac ../../libtock-c/newlib/cortex-m/v6-m/libc.a(lib_a-fwalk.o)
 .debug_info    0x0000000000015f95      0xf55 ../../libtock-c/newlib/cortex-m/v6-m/libc.a(lib_a-makebuf.o)
 .debug_info    0x0000000000016eea      0x961 ../../libtock-c/newlib/cortex-m/v6-m/libc.a(lib_a-mlock.o)
 .debug_info    0x000000000001784b     0x179d ../../libtock-c/newlib/cortex-m/v6-m/libc.a(lib_a-nano-svfprintf.o)
 .debug_info    0x0000000000018fe8     0x1716 ../../libtock-c/newlib/cortex-m/v6-m/libc.a(lib_a-nano-vfprintf.o)
 .debug_info    0x000000000001a6fe     0x157d ../../libtock-c/newlib/cortex-m/v6-m/libc.a(lib_a-nano-vfprintf_i.o)
 .debug_info    0x000000000001bc7b      0xb04 ../../libtock-c/newlib/cortex-m/v6-m/libc.a(lib_a-reent.o)
 .debug_info    0x000000000001c77f      0xe72 ../../libtock-c/newlib/cortex-m/v6-m/libc.a(lib_a-stdio.o)
 .debug_info    0x000000000001d5f1      0xa2d ../../libtock-c/newlib/cortex-m/v6-m/libc.a(lib_a-writer.o)
 .debug_info    0x000000000001e01e      0x9d8 ../../libtock-c/newlib/cortex-m/v6-m/libc.a(lib_a-closer.o)
 .debug_info    0x000000000001e9f6      0xc24 ../../libtock-c/newlib/cortex-m/v6-m/libc.a(lib_a-fstatr.o)
 .debug_info    0x000000000001f61a      0xefa ../../libtock-c/newlib/cortex-m/v6-m/libc.a(lib_a-fvwrite.o)
 .debug_info    0x0000000000020514      0x9d8 ../../libtock-c/newlib/cortex-m/v6-m/libc.a(lib_a-isattyr.o)
 .debug_info    0x0000000000020eec      0xa0e ../../libtock-c/newlib/cortex-m/v6-m/libc.a(lib_a-lseekr.o)
 .debug_info    0x00000000000218fa      0x9a3 ../../libtock-c/newlib/cortex-m/v6-m/libc.a(lib_a-memchr-stub.o)
 .debug_info    0x000000000002229d      0xee8 ../../libtock-c/newlib/cortex-m/v6-m/libc.a(lib_a-memmove.o)
 .debug_info    0x0000000000023185      0xb7a ../../libtock-c/newlib/cortex-m/v6-m/libc.a(lib_a-nano-reallocr.o)
 .debug_info    0x0000000000023cff      0xa26 ../../libtock-c/newlib/cortex-m/v6-m/libc.a(lib_a-readr.o)
 .debug_info    0x0000000000024725      0xaa6 ../../libtock-c/newlib/cortex-m/v6-m/libc.a(lib_a-nano-msizer.o)
 .debug_info    0x00000000000251cb     0x10b3 ../../libtock-c/libtock/build/cortex-m0/libtock.a(sys.o)
 .debug_info    0x000000000002627e     0x159b ../../libtock-c/libtock/build/cortex-m0/libtock.a(console.o)
 .debug_info    0x0000000000027819       0x26 ../../libtock-c/libc++/cortex-m/libgcc.a(_thumb1_case_shi.o)
 .debug_info    0x000000000002783f      0x953 ../../libtock-c/newlib/cortex-m/v6-m/libc.a(lib_a-errno.o)
 .debug_info    0x0000000000028192      0x995 ../../libtock-c/newlib/cortex-m/v6-m/libc.a(lib_a-strncpy.o)

.debug_abbrev   0x0000000000000000     0x7222
 .debug_abbrev  0x0000000000000000      0x2e3 build/cortex-m0/main.o
 .debug_abbrev  0x00000000000002e3      0x46d ../../libtock-c/libtock/build/cortex-m0/libtock.a(alarm_timer.o)
 .debug_abbrev  0x0000000000000750      0x238 ../../libtock-c/libtock/build/cortex-m0/libtock.a(button.o)
 .debug_abbrev  0x0000000000000988      0x27f ../../libtock-c/libtock/build/cortex-m0/libtock.a(crt0.o)
 .debug_abbrev  0x0000000000000c07      0x291 ../../libtock-c/libtock/build/cortex-m0/libtock.a(temperature.o)
 .debug_abbrev  0x0000000000000e98      0x44d ../../libtock-c/libtock/build/cortex-m0/libtock.a(tock.o)
 .debug_abbrev  0x00000000000012e5      0x2a3 ../../libtock-c/libtock/build/cortex-m0/libtock.a(buzzer.o)
 .debug_abbrev  0x0000000000001588      0x238 ../../libtock-c/libtock/build/cortex-m0/libtock.a(alarm_internal.o)
 .debug_abbrev  0x00000000000017c0      0x2cd ../drivers/build/cortex-m0/drivers.a(network.o)
 .debug_abbrev  0x0000000000001a8d       0x14 ../../libtock-c/libc++/cortex-m/libgcc.a(_thumb1_case_uqi.o)
 .debug_abbrev  0x0000000000001aa1       0x14 ../../libtock-c/libc++/cortex-m/libgcc.a(_udivsi3.o)
 .debug_abbrev  0x0000000000001ab5       0x14 ../../libtock-c/libc++/cortex-m/libgcc.a(_divsi3.o)
 .debug_abbrev  0x0000000000001ac9       0x14 ../../libtock-c/libc++/cortex-m/libgcc.a(_dvmd_tls.o)
 .debug_abbrev  0x0000000000001add      0x1f6 ../../libtock-c/newlib/cortex-m/v6-m/libc.a(lib_a-exit.o)
 .debug_abbrev  0x0000000000001cd3      0x17a ../../libtock-c/newlib/cortex-m/v6-m/libc.a(lib_a-impure.o)
 .debug_abbrev  0x0000000000001e4d      0x1ef ../../libtock-c/newlib/cortex-m/v6-m/libc.a(lib_a-malloc.o)
 .debug_abbrev  0x000000000000203c      0x1e3 ../../libtock-c/newlib/cortex-m/v6-m/libc.a(lib_a-memcpy-stub.o)
 .debug_abbrev  0x000000000000221f      0x1c3 ../../libtock-c/newlib/cortex-m/v6-m/libc.a(lib_a-memset.o)
 .debug_abbrev  0x00000000000023e2      0x26e ../../libtock-c/newlib/cortex-m/v6-m/libc.a(lib_a-nano-freer.o)
 .debug_abbrev  0x0000000000002650      0x2d8 ../../libtock-c/newlib/cortex-m/v6-m/libc.a(lib_a-nano-mallocr.o)
 .debug_abbrev  0x0000000000002928      0x294 ../../libtock-c/newlib/cortex-m/v6-m/libc.a(lib_a-printf.o)
 .debug_abbrev  0x0000000000002bbc      0x2cb ../../libtock-c/newlib/cortex-m/v6-m/libc.a(lib_a-puts.o)
 .debug_abbrev  0x0000000000002e87      0x212 ../../libtock-c/newlib/cortex-m/v6-m/libc.a(lib_a-sbrkr.o)
 .debug_abbrev  0x0000000000003099      0x274 ../../libtock-c/newlib/cortex-m/v6-m/libc.a(lib_a-sprintf.o)
 .debug_abbrev  0x000000000000330d       0x14 ../../libtock-c/newlib/cortex-m/v6-m/libc.a(lib_a-strlen.o)
 .debug_abbrev  0x0000000000003321      0x26c ../../libtock-c/newlib/cortex-m/v6-m/libc.a(lib_a-wbuf.o)
 .debug_abbrev  0x000000000000358d      0x23a ../../libtock-c/newlib/cortex-m/v6-m/libc.a(lib_a-wsetup.o)
 .debug_abbrev  0x00000000000037c7      0x2c2 ../../libtock-c/newlib/cortex-m/v6-m/libc.a(lib_a-fflush.o)
 .debug_abbrev  0x0000000000003a89      0x3b3 ../../libtock-c/newlib/cortex-m/v6-m/libc.a(lib_a-findfp.o)
 .debug_abbrev  0x0000000000003e3c      0x213 ../../libtock-c/newlib/cortex-m/v6-m/libc.a(lib_a-fwalk.o)
 .debug_abbrev  0x000000000000404f      0x2f6 ../../libtock-c/newlib/cortex-m/v6-m/libc.a(lib_a-makebuf.o)
 .debug_abbrev  0x0000000000004345      0x1c5 ../../libtock-c/newlib/cortex-m/v6-m/libc.a(lib_a-mlock.o)
 .debug_abbrev  0x000000000000450a      0x321 ../../libtock-c/newlib/cortex-m/v6-m/libc.a(lib_a-nano-svfprintf.o)
 .debug_abbrev  0x000000000000482b      0x2fd ../../libtock-c/newlib/cortex-m/v6-m/libc.a(lib_a-nano-vfprintf.o)
 .debug_abbrev  0x0000000000004b28      0x2e4 ../../libtock-c/newlib/cortex-m/v6-m/libc.a(lib_a-nano-vfprintf_i.o)
 .debug_abbrev  0x0000000000004e0c      0x263 ../../libtock-c/newlib/cortex-m/v6-m/libc.a(lib_a-reent.o)
 .debug_abbrev  0x000000000000506f      0x24f ../../libtock-c/newlib/cortex-m/v6-m/libc.a(lib_a-stdio.o)
 .debug_abbrev  0x00000000000052be      0x1ec ../../libtock-c/newlib/cortex-m/v6-m/libc.a(lib_a-writer.o)
 .debug_abbrev  0x00000000000054aa      0x1e7 ../../libtock-c/newlib/cortex-m/v6-m/libc.a(lib_a-closer.o)
 .debug_abbrev  0x0000000000005691      0x1fb ../../libtock-c/newlib/cortex-m/v6-m/libc.a(lib_a-fstatr.o)
 .debug_abbrev  0x000000000000588c      0x270 ../../libtock-c/newlib/cortex-m/v6-m/libc.a(lib_a-fvwrite.o)
 .debug_abbrev  0x0000000000005afc      0x1e7 ../../libtock-c/newlib/cortex-m/v6-m/libc.a(lib_a-isattyr.o)
 .debug_abbrev  0x0000000000005ce3      0x1fb ../../libtock-c/newlib/cortex-m/v6-m/libc.a(lib_a-lseekr.o)
 .debug_abbrev  0x0000000000005ede      0x1c3 ../../libtock-c/newlib/cortex-m/v6-m/libc.a(lib_a-memchr-stub.o)
 .debug_abbrev  0x00000000000060a1      0x1c8 ../../libtock-c/newlib/cortex-m/v6-m/libc.a(lib_a-memmove.o)
 .debug_abbrev  0x0000000000006269      0x23b ../../libtock-c/newlib/cortex-m/v6-m/libc.a(lib_a-nano-reallocr.o)
 .debug_abbrev  0x00000000000064a4      0x1e7 ../../libtock-c/newlib/cortex-m/v6-m/libc.a(lib_a-readr.o)
 .debug_abbrev  0x000000000000668b      0x1e5 ../../libtock-c/newlib/cortex-m/v6-m/libc.a(lib_a-nano-msizer.o)
 .debug_abbrev  0x0000000000006870      0x2e8 ../../libtock-c/libtock/build/cortex-m0/libtock.a(sys.o)
 .debug_abbrev  0x0000000000006b58      0x35e ../../libtock-c/libtock/build/cortex-m0/libtock.a(console.o)
 .debug_abbrev  0x0000000000006eb6       0x14 ../../libtock-c/libc++/cortex-m/libgcc.a(_thumb1_case_shi.o)
 .debug_abbrev  0x0000000000006eca      0x198 ../../libtock-c/newlib/cortex-m/v6-m/libc.a(lib_a-errno.o)
 .debug_abbrev  0x0000000000007062      0x1c0 ../../libtock-c/newlib/cortex-m/v6-m/libc.a(lib_a-strncpy.o)

.debug_loc      0x0000000000000000     0x7180
 .debug_loc     0x0000000000000000      0x292 build/cortex-m0/main.o
 .debug_loc     0x0000000000000292      0xa61 ../../libtock-c/libtock/build/cortex-m0/libtock.a(alarm_timer.o)
 .debug_loc     0x0000000000000cf3      0x23b ../../libtock-c/libtock/build/cortex-m0/libtock.a(button.o)
 .debug_loc     0x0000000000000f2e      0x347 ../../libtock-c/libtock/build/cortex-m0/libtock.a(crt0.o)
 .debug_loc     0x0000000000001275      0x177 ../../libtock-c/libtock/build/cortex-m0/libtock.a(temperature.o)
 .debug_loc     0x00000000000013ec      0xcaf ../../libtock-c/libtock/build/cortex-m0/libtock.a(tock.o)
 .debug_loc     0x000000000000209b      0x29c ../../libtock-c/libtock/build/cortex-m0/libtock.a(buzzer.o)
 .debug_loc     0x0000000000002337      0x20a ../../libtock-c/libtock/build/cortex-m0/libtock.a(alarm_internal.o)
 .debug_loc     0x0000000000002541      0x1b0 ../drivers/build/cortex-m0/drivers.a(network.o)
 .debug_loc     0x00000000000026f1       0x22 ../../libtock-c/newlib/cortex-m/v6-m/libc.a(lib_a-exit.o)
 .debug_loc     0x0000000000002713       0x64 ../../libtock-c/newlib/cortex-m/v6-m/libc.a(lib_a-malloc.o)
 .debug_loc     0x0000000000002777       0xfb ../../libtock-c/newlib/cortex-m/v6-m/libc.a(lib_a-memcpy-stub.o)
 .debug_loc     0x0000000000002872       0x96 ../../libtock-c/newlib/cortex-m/v6-m/libc.a(lib_a-memset.o)
 .debug_loc     0x0000000000002908      0x12b ../../libtock-c/newlib/cortex-m/v6-m/libc.a(lib_a-nano-freer.o)
 .debug_loc     0x0000000000002a33      0x284 ../../libtock-c/newlib/cortex-m/v6-m/libc.a(lib_a-nano-mallocr.o)
 .debug_loc     0x0000000000002cb7       0x71 ../../libtock-c/newlib/cortex-m/v6-m/libc.a(lib_a-printf.o)
 .debug_loc     0x0000000000002d28      0x24f ../../libtock-c/newlib/cortex-m/v6-m/libc.a(lib_a-puts.o)
 .debug_loc     0x0000000000002f77       0x6c ../../libtock-c/newlib/cortex-m/v6-m/libc.a(lib_a-sbrkr.o)
 .debug_loc     0x0000000000002fe3       0xc4 ../../libtock-c/newlib/cortex-m/v6-m/libc.a(lib_a-sprintf.o)
 .debug_loc     0x00000000000030a7      0x184 ../../libtock-c/newlib/cortex-m/v6-m/libc.a(lib_a-wbuf.o)
 .debug_loc     0x000000000000322b       0x90 ../../libtock-c/newlib/cortex-m/v6-m/libc.a(lib_a-wsetup.o)
 .debug_loc     0x00000000000032bb      0x364 ../../libtock-c/newlib/cortex-m/v6-m/libc.a(lib_a-fflush.o)
 .debug_loc     0x000000000000361f      0x2a8 ../../libtock-c/newlib/cortex-m/v6-m/libc.a(lib_a-findfp.o)
 .debug_loc     0x00000000000038c7      0x23d ../../libtock-c/newlib/cortex-m/v6-m/libc.a(lib_a-fwalk.o)
 .debug_loc     0x0000000000003b04      0x25d ../../libtock-c/newlib/cortex-m/v6-m/libc.a(lib_a-makebuf.o)
 .debug_loc     0x0000000000003d61      0x8ad ../../libtock-c/newlib/cortex-m/v6-m/libc.a(lib_a-nano-svfprintf.o)
 .debug_loc     0x000000000000460e      0x783 ../../libtock-c/newlib/cortex-m/v6-m/libc.a(lib_a-nano-vfprintf.o)
 .debug_loc     0x0000000000004d91      0x5eb ../../libtock-c/newlib/cortex-m/v6-m/libc.a(lib_a-nano-vfprintf_i.o)
 .debug_loc     0x000000000000537c       0xe7 ../../libtock-c/newlib/cortex-m/v6-m/libc.a(lib_a-reent.o)
 .debug_loc     0x0000000000005463      0x3a7 ../../libtock-c/newlib/cortex-m/v6-m/libc.a(lib_a-stdio.o)
 .debug_loc     0x000000000000580a       0xdd ../../libtock-c/newlib/cortex-m/v6-m/libc.a(lib_a-writer.o)
 .debug_loc     0x00000000000058e7       0x6c ../../libtock-c/newlib/cortex-m/v6-m/libc.a(lib_a-closer.o)
 .debug_loc     0x0000000000005953       0xab ../../libtock-c/newlib/cortex-m/v6-m/libc.a(lib_a-fstatr.o)
 .debug_loc     0x00000000000059fe      0x643 ../../libtock-c/newlib/cortex-m/v6-m/libc.a(lib_a-fvwrite.o)
 .debug_loc     0x0000000000006041       0x6c ../../libtock-c/newlib/cortex-m/v6-m/libc.a(lib_a-isattyr.o)
 .debug_loc     0x00000000000060ad       0xdd ../../libtock-c/newlib/cortex-m/v6-m/libc.a(lib_a-lseekr.o)
 .debug_loc     0x000000000000618a       0xb8 ../../libtock-c/newlib/cortex-m/v6-m/libc.a(lib_a-memchr-stub.o)
 .debug_loc     0x0000000000006242      0x109 ../../libtock-c/newlib/cortex-m/v6-m/libc.a(lib_a-memmove.o)
 .debug_loc     0x000000000000634b      0x21c ../../libtock-c/newlib/cortex-m/v6-m/libc.a(lib_a-nano-reallocr.o)
 .debug_loc     0x0000000000006567       0xdd ../../libtock-c/newlib/cortex-m/v6-m/libc.a(lib_a-readr.o)
 .debug_loc     0x0000000000006644       0x8d ../../libtock-c/newlib/cortex-m/v6-m/libc.a(lib_a-nano-msizer.o)
 .debug_loc     0x00000000000066d1      0x261 ../../libtock-c/libtock/build/cortex-m0/libtock.a(sys.o)
 .debug_loc     0x0000000000006932      0x745 ../../libtock-c/libtock/build/cortex-m0/libtock.a(console.o)
 .debug_loc     0x0000000000007077      0x109 ../../libtock-c/newlib/cortex-m/v6-m/libc.a(lib_a-strncpy.o)

.debug_aranges  0x0000000000000000      0x9f0
 .debug_aranges
                0x0000000000000000       0x30 build/cortex-m0/main.o
 .debug_aranges
                0x0000000000000030       0x68 ../../libtock-c/libtock/build/cortex-m0/libtock.a(alarm_timer.o)
 .debug_aranges
                0x0000000000000098       0x40 ../../libtock-c/libtock/build/cortex-m0/libtock.a(button.o)
 .debug_aranges
                0x00000000000000d8       0x30 ../../libtock-c/libtock/build/cortex-m0/libtock.a(crt0.o)
 .debug_aranges
                0x0000000000000108       0x38 ../../libtock-c/libtock/build/cortex-m0/libtock.a(temperature.o)
 .debug_aranges
                0x0000000000000140      0x108 ../../libtock-c/libtock/build/cortex-m0/libtock.a(tock.o)
 .debug_aranges
                0x0000000000000248       0x40 ../../libtock-c/libtock/build/cortex-m0/libtock.a(buzzer.o)
 .debug_aranges
                0x0000000000000288       0x40 ../../libtock-c/libtock/build/cortex-m0/libtock.a(alarm_internal.o)
 .debug_aranges
                0x00000000000002c8       0x30 ../drivers/build/cortex-m0/drivers.a(network.o)
 .debug_aranges
                0x00000000000002f8       0x20 ../../libtock-c/libc++/cortex-m/libgcc.a(_thumb1_case_uqi.o)
 .debug_aranges
                0x0000000000000318       0x20 ../../libtock-c/libc++/cortex-m/libgcc.a(_udivsi3.o)
 .debug_aranges
                0x0000000000000338       0x20 ../../libtock-c/libc++/cortex-m/libgcc.a(_divsi3.o)
 .debug_aranges
                0x0000000000000358       0x20 ../../libtock-c/libc++/cortex-m/libgcc.a(_dvmd_tls.o)
 .debug_aranges
                0x0000000000000378       0x20 ../../libtock-c/newlib/cortex-m/v6-m/libc.a(lib_a-exit.o)
 .debug_aranges
                0x0000000000000398       0x18 ../../libtock-c/newlib/cortex-m/v6-m/libc.a(lib_a-impure.o)
 .debug_aranges
                0x00000000000003b0       0x28 ../../libtock-c/newlib/cortex-m/v6-m/libc.a(lib_a-malloc.o)
 .debug_aranges
                0x00000000000003d8       0x20 ../../libtock-c/newlib/cortex-m/v6-m/libc.a(lib_a-memcpy-stub.o)
 .debug_aranges
                0x00000000000003f8       0x20 ../../libtock-c/newlib/cortex-m/v6-m/libc.a(lib_a-memset.o)
 .debug_aranges
                0x0000000000000418       0x20 ../../libtock-c/newlib/cortex-m/v6-m/libc.a(lib_a-nano-freer.o)
 .debug_aranges
                0x0000000000000438       0x20 ../../libtock-c/newlib/cortex-m/v6-m/libc.a(lib_a-nano-mallocr.o)
 .debug_aranges
                0x0000000000000458       0x28 ../../libtock-c/newlib/cortex-m/v6-m/libc.a(lib_a-printf.o)
 .debug_aranges
                0x0000000000000480       0x28 ../../libtock-c/newlib/cortex-m/v6-m/libc.a(lib_a-puts.o)
 .debug_aranges
                0x00000000000004a8       0x20 ../../libtock-c/newlib/cortex-m/v6-m/libc.a(lib_a-sbrkr.o)
 .debug_aranges
                0x00000000000004c8       0x28 ../../libtock-c/newlib/cortex-m/v6-m/libc.a(lib_a-sprintf.o)
 .debug_aranges
                0x00000000000004f0       0x20 ../../libtock-c/newlib/cortex-m/v6-m/libc.a(lib_a-strlen.o)
 .debug_aranges
                0x0000000000000510       0x28 ../../libtock-c/newlib/cortex-m/v6-m/libc.a(lib_a-wbuf.o)
 .debug_aranges
                0x0000000000000538       0x20 ../../libtock-c/newlib/cortex-m/v6-m/libc.a(lib_a-wsetup.o)
 .debug_aranges
                0x0000000000000558       0x30 ../../libtock-c/newlib/cortex-m/v6-m/libc.a(lib_a-fflush.o)
 .debug_aranges
                0x0000000000000588       0x68 ../../libtock-c/newlib/cortex-m/v6-m/libc.a(lib_a-findfp.o)
 .debug_aranges
                0x00000000000005f0       0x28 ../../libtock-c/newlib/cortex-m/v6-m/libc.a(lib_a-fwalk.o)
 .debug_aranges
                0x0000000000000618       0x28 ../../libtock-c/newlib/cortex-m/v6-m/libc.a(lib_a-makebuf.o)
 .debug_aranges
                0x0000000000000640       0x20 ../../libtock-c/newlib/cortex-m/v6-m/libc.a(lib_a-mlock.o)
 .debug_aranges
                0x0000000000000660       0x30 ../../libtock-c/newlib/cortex-m/v6-m/libc.a(lib_a-nano-svfprintf.o)
 .debug_aranges
                0x0000000000000690       0x40 ../../libtock-c/newlib/cortex-m/v6-m/libc.a(lib_a-nano-vfprintf.o)
 .debug_aranges
                0x00000000000006d0       0x28 ../../libtock-c/newlib/cortex-m/v6-m/libc.a(lib_a-nano-vfprintf_i.o)
 .debug_aranges
                0x00000000000006f8       0x28 ../../libtock-c/newlib/cortex-m/v6-m/libc.a(lib_a-reent.o)
 .debug_aranges
                0x0000000000000720       0x40 ../../libtock-c/newlib/cortex-m/v6-m/libc.a(lib_a-stdio.o)
 .debug_aranges
                0x0000000000000760       0x20 ../../libtock-c/newlib/cortex-m/v6-m/libc.a(lib_a-writer.o)
 .debug_aranges
                0x0000000000000780       0x20 ../../libtock-c/newlib/cortex-m/v6-m/libc.a(lib_a-closer.o)
 .debug_aranges
                0x00000000000007a0       0x20 ../../libtock-c/newlib/cortex-m/v6-m/libc.a(lib_a-fstatr.o)
 .debug_aranges
                0x00000000000007c0       0x20 ../../libtock-c/newlib/cortex-m/v6-m/libc.a(lib_a-fvwrite.o)
 .debug_aranges
                0x00000000000007e0       0x20 ../../libtock-c/newlib/cortex-m/v6-m/libc.a(lib_a-isattyr.o)
 .debug_aranges
                0x0000000000000800       0x20 ../../libtock-c/newlib/cortex-m/v6-m/libc.a(lib_a-lseekr.o)
 .debug_aranges
                0x0000000000000820       0x20 ../../libtock-c/newlib/cortex-m/v6-m/libc.a(lib_a-memchr-stub.o)
 .debug_aranges
                0x0000000000000840       0x20 ../../libtock-c/newlib/cortex-m/v6-m/libc.a(lib_a-memmove.o)
 .debug_aranges
                0x0000000000000860       0x20 ../../libtock-c/newlib/cortex-m/v6-m/libc.a(lib_a-nano-reallocr.o)
 .debug_aranges
                0x0000000000000880       0x20 ../../libtock-c/newlib/cortex-m/v6-m/libc.a(lib_a-readr.o)
 .debug_aranges
                0x00000000000008a0       0x20 ../../libtock-c/newlib/cortex-m/v6-m/libc.a(lib_a-nano-msizer.o)
 .debug_aranges
                0x00000000000008c0       0x78 ../../libtock-c/libtock/build/cortex-m0/libtock.a(sys.o)
 .debug_aranges
                0x0000000000000938       0x58 ../../libtock-c/libtock/build/cortex-m0/libtock.a(console.o)
 .debug_aranges
                0x0000000000000990       0x20 ../../libtock-c/libc++/cortex-m/libgcc.a(_thumb1_case_shi.o)
 .debug_aranges
                0x00000000000009b0       0x20 ../../libtock-c/newlib/cortex-m/v6-m/libc.a(lib_a-errno.o)
 .debug_aranges
                0x00000000000009d0       0x20 ../../libtock-c/newlib/cortex-m/v6-m/libc.a(lib_a-strncpy.o)

.debug_ranges   0x0000000000000000      0x9e8
 .debug_ranges  0x0000000000000000       0x38 build/cortex-m0/main.o
 .debug_ranges  0x0000000000000038      0x140 ../../libtock-c/libtock/build/cortex-m0/libtock.a(alarm_timer.o)
 .debug_ranges  0x0000000000000178       0x30 ../../libtock-c/libtock/build/cortex-m0/libtock.a(button.o)
 .debug_ranges  0x00000000000001a8       0x80 ../../libtock-c/libtock/build/cortex-m0/libtock.a(crt0.o)
 .debug_ranges  0x0000000000000228       0x28 ../../libtock-c/libtock/build/cortex-m0/libtock.a(temperature.o)
 .debug_ranges  0x0000000000000250       0xf8 ../../libtock-c/libtock/build/cortex-m0/libtock.a(tock.o)
 .debug_ranges  0x0000000000000348       0x30 ../../libtock-c/libtock/build/cortex-m0/libtock.a(buzzer.o)
 .debug_ranges  0x0000000000000378       0x30 ../../libtock-c/libtock/build/cortex-m0/libtock.a(alarm_internal.o)
 .debug_ranges  0x00000000000003a8       0x20 ../drivers/build/cortex-m0/drivers.a(network.o)
 .debug_ranges  0x00000000000003c8       0x10 ../../libtock-c/newlib/cortex-m/v6-m/libc.a(lib_a-exit.o)
 .debug_ranges  0x00000000000003d8       0x18 ../../libtock-c/newlib/cortex-m/v6-m/libc.a(lib_a-malloc.o)
 .debug_ranges  0x00000000000003f0       0x10 ../../libtock-c/newlib/cortex-m/v6-m/libc.a(lib_a-memcpy-stub.o)
 .debug_ranges  0x0000000000000400       0x10 ../../libtock-c/newlib/cortex-m/v6-m/libc.a(lib_a-memset.o)
 .debug_ranges  0x0000000000000410       0x10 ../../libtock-c/newlib/cortex-m/v6-m/libc.a(lib_a-nano-freer.o)
 .debug_ranges  0x0000000000000420       0x48 ../../libtock-c/newlib/cortex-m/v6-m/libc.a(lib_a-nano-mallocr.o)
 .debug_ranges  0x0000000000000468       0x18 ../../libtock-c/newlib/cortex-m/v6-m/libc.a(lib_a-printf.o)
 .debug_ranges  0x0000000000000480       0x68 ../../libtock-c/newlib/cortex-m/v6-m/libc.a(lib_a-puts.o)
 .debug_ranges  0x00000000000004e8       0x10 ../../libtock-c/newlib/cortex-m/v6-m/libc.a(lib_a-sbrkr.o)
 .debug_ranges  0x00000000000004f8       0x18 ../../libtock-c/newlib/cortex-m/v6-m/libc.a(lib_a-sprintf.o)
 .debug_ranges  0x0000000000000510       0x38 ../../libtock-c/newlib/cortex-m/v6-m/libc.a(lib_a-wbuf.o)
 .debug_ranges  0x0000000000000548       0x48 ../../libtock-c/newlib/cortex-m/v6-m/libc.a(lib_a-wsetup.o)
 .debug_ranges  0x0000000000000590       0x68 ../../libtock-c/newlib/cortex-m/v6-m/libc.a(lib_a-fflush.o)
 .debug_ranges  0x00000000000005f8       0x70 ../../libtock-c/newlib/cortex-m/v6-m/libc.a(lib_a-findfp.o)
 .debug_ranges  0x0000000000000668       0x18 ../../libtock-c/newlib/cortex-m/v6-m/libc.a(lib_a-fwalk.o)
 .debug_ranges  0x0000000000000680       0x30 ../../libtock-c/newlib/cortex-m/v6-m/libc.a(lib_a-makebuf.o)
 .debug_ranges  0x00000000000006b0       0x10 ../../libtock-c/newlib/cortex-m/v6-m/libc.a(lib_a-mlock.o)
 .debug_ranges  0x00000000000006c0       0x68 ../../libtock-c/newlib/cortex-m/v6-m/libc.a(lib_a-nano-svfprintf.o)
 .debug_ranges  0x0000000000000728       0x50 ../../libtock-c/newlib/cortex-m/v6-m/libc.a(lib_a-nano-vfprintf.o)
 .debug_ranges  0x0000000000000778       0x70 ../../libtock-c/newlib/cortex-m/v6-m/libc.a(lib_a-nano-vfprintf_i.o)
 .debug_ranges  0x00000000000007e8       0x30 ../../libtock-c/newlib/cortex-m/v6-m/libc.a(lib_a-reent.o)
 .debug_ranges  0x0000000000000818       0x30 ../../libtock-c/newlib/cortex-m/v6-m/libc.a(lib_a-stdio.o)
 .debug_ranges  0x0000000000000848       0x10 ../../libtock-c/newlib/cortex-m/v6-m/libc.a(lib_a-writer.o)
 .debug_ranges  0x0000000000000858       0x10 ../../libtock-c/newlib/cortex-m/v6-m/libc.a(lib_a-closer.o)
 .debug_ranges  0x0000000000000868       0x10 ../../libtock-c/newlib/cortex-m/v6-m/libc.a(lib_a-fstatr.o)
 .debug_ranges  0x0000000000000878       0x30 ../../libtock-c/newlib/cortex-m/v6-m/libc.a(lib_a-fvwrite.o)
 .debug_ranges  0x00000000000008a8       0x10 ../../libtock-c/newlib/cortex-m/v6-m/libc.a(lib_a-isattyr.o)
 .debug_ranges  0x00000000000008b8       0x10 ../../libtock-c/newlib/cortex-m/v6-m/libc.a(lib_a-lseekr.o)
 .debug_ranges  0x00000000000008c8       0x10 ../../libtock-c/newlib/cortex-m/v6-m/libc.a(lib_a-memchr-stub.o)
 .debug_ranges  0x00000000000008d8       0x10 ../../libtock-c/newlib/cortex-m/v6-m/libc.a(lib_a-memmove.o)
 .debug_ranges  0x00000000000008e8       0x10 ../../libtock-c/newlib/cortex-m/v6-m/libc.a(lib_a-nano-reallocr.o)
 .debug_ranges  0x00000000000008f8       0x10 ../../libtock-c/newlib/cortex-m/v6-m/libc.a(lib_a-readr.o)
 .debug_ranges  0x0000000000000908       0x10 ../../libtock-c/newlib/cortex-m/v6-m/libc.a(lib_a-nano-msizer.o)
 .debug_ranges  0x0000000000000918       0x68 ../../libtock-c/libtock/build/cortex-m0/libtock.a(sys.o)
 .debug_ranges  0x0000000000000980       0x48 ../../libtock-c/libtock/build/cortex-m0/libtock.a(console.o)
 .debug_ranges  0x00000000000009c8       0x10 ../../libtock-c/newlib/cortex-m/v6-m/libc.a(lib_a-errno.o)
 .debug_ranges  0x00000000000009d8       0x10 ../../libtock-c/newlib/cortex-m/v6-m/libc.a(lib_a-strncpy.o)

.debug_line     0x0000000000000000     0x94d2
 .debug_line    0x0000000000000000      0x282 build/cortex-m0/main.o
 .debug_line    0x0000000000000282      0x59e ../../libtock-c/libtock/build/cortex-m0/libtock.a(alarm_timer.o)
 .debug_line    0x0000000000000820      0x1ee ../../libtock-c/libtock/build/cortex-m0/libtock.a(button.o)
 .debug_line    0x0000000000000a0e      0x2b6 ../../libtock-c/libtock/build/cortex-m0/libtock.a(crt0.o)
 .debug_line    0x0000000000000cc4      0x1ea ../../libtock-c/libtock/build/cortex-m0/libtock.a(temperature.o)
 .debug_line    0x0000000000000eae      0x88b ../../libtock-c/libtock/build/cortex-m0/libtock.a(tock.o)
 .debug_line    0x0000000000001739      0x226 ../../libtock-c/libtock/build/cortex-m0/libtock.a(buzzer.o)
 .debug_line    0x000000000000195f      0x209 ../../libtock-c/libtock/build/cortex-m0/libtock.a(alarm_internal.o)
 .debug_line    0x0000000000001b68      0x230 ../drivers/build/cortex-m0/drivers.a(network.o)
 .debug_line    0x0000000000001d98       0x6a ../../libtock-c/libc++/cortex-m/libgcc.a(_thumb1_case_uqi.o)
 .debug_line    0x0000000000001e02       0x79 ../../libtock-c/libc++/cortex-m/libgcc.a(_udivsi3.o)
 .debug_line    0x0000000000001e7b       0x87 ../../libtock-c/libc++/cortex-m/libgcc.a(_divsi3.o)
 .debug_line    0x0000000000001f02       0x62 ../../libtock-c/libc++/cortex-m/libgcc.a(_dvmd_tls.o)
 .debug_line    0x0000000000001f64      0x1c8 ../../libtock-c/newlib/cortex-m/v6-m/libc.a(lib_a-exit.o)
 .debug_line    0x000000000000212c      0x131 ../../libtock-c/newlib/cortex-m/v6-m/libc.a(lib_a-impure.o)
 .debug_line    0x000000000000225d      0x1f2 ../../libtock-c/newlib/cortex-m/v6-m/libc.a(lib_a-malloc.o)
 .debug_line    0x000000000000244f      0x242 ../../libtock-c/newlib/cortex-m/v6-m/libc.a(lib_a-memcpy-stub.o)
 .debug_line    0x0000000000002691      0x227 ../../libtock-c/newlib/cortex-m/v6-m/libc.a(lib_a-memset.o)
 .debug_line    0x00000000000028b8      0x2e6 ../../libtock-c/newlib/cortex-m/v6-m/libc.a(lib_a-nano-freer.o)
 .debug_line    0x0000000000002b9e      0x394 ../../libtock-c/newlib/cortex-m/v6-m/libc.a(lib_a-nano-mallocr.o)
 .debug_line    0x0000000000002f32      0x2a4 ../../libtock-c/newlib/cortex-m/v6-m/libc.a(lib_a-printf.o)
 .debug_line    0x00000000000031d6      0x367 ../../libtock-c/newlib/cortex-m/v6-m/libc.a(lib_a-puts.o)
 .debug_line    0x000000000000353d      0x1e4 ../../libtock-c/newlib/cortex-m/v6-m/libc.a(lib_a-sbrkr.o)
 .debug_line    0x0000000000003721      0x299 ../../libtock-c/newlib/cortex-m/v6-m/libc.a(lib_a-sprintf.o)
 .debug_line    0x00000000000039ba       0x88 ../../libtock-c/newlib/cortex-m/v6-m/libc.a(lib_a-strlen.o)
 .debug_line    0x0000000000003a42      0x2fb ../../libtock-c/newlib/cortex-m/v6-m/libc.a(lib_a-wbuf.o)
 .debug_line    0x0000000000003d3d      0x346 ../../libtock-c/newlib/cortex-m/v6-m/libc.a(lib_a-wsetup.o)
 .debug_line    0x0000000000004083      0x478 ../../libtock-c/newlib/cortex-m/v6-m/libc.a(lib_a-fflush.o)
 .debug_line    0x00000000000044fb      0x5b2 ../../libtock-c/newlib/cortex-m/v6-m/libc.a(lib_a-findfp.o)
 .debug_line    0x0000000000004aad      0x301 ../../libtock-c/newlib/cortex-m/v6-m/libc.a(lib_a-fwalk.o)
 .debug_line    0x0000000000004dae      0x3a8 ../../libtock-c/newlib/cortex-m/v6-m/libc.a(lib_a-makebuf.o)
 .debug_line    0x0000000000005156      0x199 ../../libtock-c/newlib/cortex-m/v6-m/libc.a(lib_a-mlock.o)
 .debug_line    0x00000000000052ef      0x915 ../../libtock-c/newlib/cortex-m/v6-m/libc.a(lib_a-nano-svfprintf.o)
 .debug_line    0x0000000000005c04      0x777 ../../libtock-c/newlib/cortex-m/v6-m/libc.a(lib_a-nano-vfprintf.o)
 .debug_line    0x000000000000637b      0x6fb ../../libtock-c/newlib/cortex-m/v6-m/libc.a(lib_a-nano-vfprintf_i.o)
 .debug_line    0x0000000000006a76      0x2cc ../../libtock-c/newlib/cortex-m/v6-m/libc.a(lib_a-reent.o)
 .debug_line    0x0000000000006d42      0x2e3 ../../libtock-c/newlib/cortex-m/v6-m/libc.a(lib_a-stdio.o)
 .debug_line    0x0000000000007025      0x1dc ../../libtock-c/newlib/cortex-m/v6-m/libc.a(lib_a-writer.o)
 .debug_line    0x0000000000007201      0x1e4 ../../libtock-c/newlib/cortex-m/v6-m/libc.a(lib_a-closer.o)
 .debug_line    0x00000000000073e5      0x275 ../../libtock-c/newlib/cortex-m/v6-m/libc.a(lib_a-fstatr.o)
 .debug_line    0x000000000000765a      0x61f ../../libtock-c/newlib/cortex-m/v6-m/libc.a(lib_a-fvwrite.o)
 .debug_line    0x0000000000007c79      0x1e5 ../../libtock-c/newlib/cortex-m/v6-m/libc.a(lib_a-isattyr.o)
 .debug_line    0x0000000000007e5e      0x1dc ../../libtock-c/newlib/cortex-m/v6-m/libc.a(lib_a-lseekr.o)
 .debug_line    0x000000000000803a      0x1d5 ../../libtock-c/newlib/cortex-m/v6-m/libc.a(lib_a-memchr-stub.o)
 .debug_line    0x000000000000820f      0x255 ../../libtock-c/newlib/cortex-m/v6-m/libc.a(lib_a-memmove.o)
 .debug_line    0x0000000000008464      0x22e ../../libtock-c/newlib/cortex-m/v6-m/libc.a(lib_a-nano-reallocr.o)
 .debug_line    0x0000000000008692      0x1db ../../libtock-c/newlib/cortex-m/v6-m/libc.a(lib_a-readr.o)
 .debug_line    0x000000000000886d      0x1c3 ../../libtock-c/newlib/cortex-m/v6-m/libc.a(lib_a-nano-msizer.o)
 .debug_line    0x0000000000008a30      0x2e8 ../../libtock-c/libtock/build/cortex-m0/libtock.a(sys.o)
 .debug_line    0x0000000000008d18      0x419 ../../libtock-c/libtock/build/cortex-m0/libtock.a(console.o)
 .debug_line    0x0000000000009131       0x6b ../../libtock-c/libc++/cortex-m/libgcc.a(_thumb1_case_shi.o)
 .debug_line    0x000000000000919c      0x162 ../../libtock-c/newlib/cortex-m/v6-m/libc.a(lib_a-errno.o)
 .debug_line    0x00000000000092fe      0x1d4 ../../libtock-c/newlib/cortex-m/v6-m/libc.a(lib_a-strncpy.o)

.debug_str      0x0000000000000000     0x2c8f
 .debug_str     0x0000000000000000      0x6b4 build/cortex-m0/main.o
                                        0x7b8 (size before relaxing)
 .debug_str     0x00000000000006b4      0x2bd ../../libtock-c/libtock/build/cortex-m0/libtock.a(alarm_timer.o)
                                        0x948 (size before relaxing)
 .debug_str     0x0000000000000971      0x382 ../../libtock-c/libtock/build/cortex-m0/libtock.a(button.o)
                                        0x9de (size before relaxing)
 .debug_str     0x0000000000000cf3      0x106 ../../libtock-c/libtock/build/cortex-m0/libtock.a(crt0.o)
                                        0x72e (size before relaxing)
 .debug_str     0x0000000000000df9       0x79 ../../libtock-c/libtock/build/cortex-m0/libtock.a(temperature.o)
                                        0xafc (size before relaxing)
 .debug_str     0x0000000000000e72      0x2f5 ../../libtock-c/libtock/build/cortex-m0/libtock.a(tock.o)
                                        0xe27 (size before relaxing)
 .debug_str     0x0000000000001167       0x60 ../../libtock-c/libtock/build/cortex-m0/libtock.a(buzzer.o)
                                        0xae5 (size before relaxing)
 .debug_str     0x00000000000011c7       0x50 ../../libtock-c/libtock/build/cortex-m0/libtock.a(alarm_internal.o)
                                        0xa0b (size before relaxing)
 .debug_str     0x0000000000001217       0xc2 ../drivers/build/cortex-m0/drivers.a(network.o)
                                        0x9da (size before relaxing)
 .debug_str     0x00000000000012d9       0x99 ../../libtock-c/libc++/cortex-m/libgcc.a(_thumb1_case_uqi.o)
 .debug_str     0x0000000000001372       0x99 ../../libtock-c/libc++/cortex-m/libgcc.a(_udivsi3.o)
 .debug_str     0x0000000000001372       0x99 ../../libtock-c/libc++/cortex-m/libgcc.a(_divsi3.o)
 .debug_str     0x0000000000001372       0x99 ../../libtock-c/libc++/cortex-m/libgcc.a(_dvmd_tls.o)
 .debug_str     0x0000000000001372      0x21f ../../libtock-c/newlib/cortex-m/v6-m/libc.a(lib_a-exit.o)
                                        0x69e (size before relaxing)
 .debug_str     0x0000000000001591       0xb4 ../../libtock-c/newlib/cortex-m/v6-m/libc.a(lib_a-impure.o)
                                        0x652 (size before relaxing)
 .debug_str     0x0000000000001645       0x5f ../../libtock-c/newlib/cortex-m/v6-m/libc.a(lib_a-malloc.o)
                                        0x683 (size before relaxing)
 .debug_str     0x00000000000016a4      0x33b ../../libtock-c/newlib/cortex-m/v6-m/libc.a(lib_a-memcpy-stub.o)
                                        0x991 (size before relaxing)
 .debug_str     0x00000000000019df       0xaa ../../libtock-c/newlib/cortex-m/v6-m/libc.a(lib_a-memset.o)
                                        0x96b (size before relaxing)
 .debug_str     0x0000000000001a89      0x144 ../../libtock-c/newlib/cortex-m/v6-m/libc.a(lib_a-nano-freer.o)
                                        0x782 (size before relaxing)
 .debug_str     0x0000000000001bcd       0x49 ../../libtock-c/newlib/cortex-m/v6-m/libc.a(lib_a-nano-mallocr.o)
                                        0x7c3 (size before relaxing)
 .debug_str     0x0000000000001c16      0x1de ../../libtock-c/newlib/cortex-m/v6-m/libc.a(lib_a-printf.o)
                                        0x7cc (size before relaxing)
 .debug_str     0x0000000000001df4       0x76 ../../libtock-c/newlib/cortex-m/v6-m/libc.a(lib_a-puts.o)
                                        0x7d5 (size before relaxing)
 .debug_str     0x0000000000001e6a       0x54 ../../libtock-c/newlib/cortex-m/v6-m/libc.a(lib_a-sbrkr.o)
                                        0x695 (size before relaxing)
 .debug_str     0x0000000000001ebe       0x59 ../../libtock-c/newlib/cortex-m/v6-m/libc.a(lib_a-sprintf.o)
                                        0x7cd (size before relaxing)
 .debug_str     0x0000000000001f17       0x61 ../../libtock-c/newlib/cortex-m/v6-m/libc.a(lib_a-strlen.o)
                                         0xcf (size before relaxing)
 .debug_str     0x0000000000001f78       0x50 ../../libtock-c/newlib/cortex-m/v6-m/libc.a(lib_a-wbuf.o)
                                        0x7db (size before relaxing)
 .debug_str     0x0000000000001fc8       0x4d ../../libtock-c/newlib/cortex-m/v6-m/libc.a(lib_a-wsetup.o)
                                        0x7d6 (size before relaxing)
 .debug_str     0x0000000000002015       0x70 ../../libtock-c/newlib/cortex-m/v6-m/libc.a(lib_a-fflush.o)
                                        0x804 (size before relaxing)
 .debug_str     0x0000000000002085      0x178 ../../libtock-c/newlib/cortex-m/v6-m/libc.a(lib_a-findfp.o)
                                        0x914 (size before relaxing)
 .debug_str     0x00000000000021fd       0x4e ../../libtock-c/newlib/cortex-m/v6-m/libc.a(lib_a-fwalk.o)
                                        0x7c8 (size before relaxing)
 .debug_str     0x000000000000224b      0x16e ../../libtock-c/newlib/cortex-m/v6-m/libc.a(lib_a-makebuf.o)
                                        0x949 (size before relaxing)
 .debug_str     0x00000000000023b9       0x59 ../../libtock-c/newlib/cortex-m/v6-m/libc.a(lib_a-mlock.o)
                                        0x67e (size before relaxing)
 .debug_str     0x0000000000002412      0x15a ../../libtock-c/newlib/cortex-m/v6-m/libc.a(lib_a-nano-svfprintf.o)
                                        0xc47 (size before relaxing)
 .debug_str     0x000000000000256c       0x37 ../../libtock-c/newlib/cortex-m/v6-m/libc.a(lib_a-nano-vfprintf.o)
                                        0xc60 (size before relaxing)
 .debug_str     0x00000000000025a3       0xa1 ../../libtock-c/newlib/cortex-m/v6-m/libc.a(lib_a-nano-vfprintf_i.o)
                                        0xbde (size before relaxing)
 .debug_str     0x0000000000002644       0x6b ../../libtock-c/newlib/cortex-m/v6-m/libc.a(lib_a-reent.o)
                                        0x68e (size before relaxing)
 .debug_str     0x00000000000026af       0x9f ../../libtock-c/newlib/cortex-m/v6-m/libc.a(lib_a-stdio.o)
                                        0x81c (size before relaxing)
 .debug_str     0x000000000000274e       0x40 ../../libtock-c/newlib/cortex-m/v6-m/libc.a(lib_a-writer.o)
                                        0x692 (size before relaxing)
 .debug_str     0x000000000000278e       0x40 ../../libtock-c/newlib/cortex-m/v6-m/libc.a(lib_a-closer.o)
                                        0x682 (size before relaxing)
 .debug_str     0x00000000000027ce       0x4d ../../libtock-c/newlib/cortex-m/v6-m/libc.a(lib_a-fstatr.o)
                                        0x7f0 (size before relaxing)
 .debug_str     0x000000000000281b       0x50 ../../libtock-c/newlib/cortex-m/v6-m/libc.a(lib_a-fvwrite.o)
                                        0x855 (size before relaxing)
 .debug_str     0x000000000000286b       0x49 ../../libtock-c/newlib/cortex-m/v6-m/libc.a(lib_a-isattyr.o)
                                        0x68c (size before relaxing)
 .debug_str     0x00000000000028b4       0x47 ../../libtock-c/newlib/cortex-m/v6-m/libc.a(lib_a-lseekr.o)
                                        0x690 (size before relaxing)
 .debug_str     0x00000000000028fb       0x5e ../../libtock-c/newlib/cortex-m/v6-m/libc.a(lib_a-memchr-stub.o)
                                        0x678 (size before relaxing)
 .debug_str     0x0000000000002959       0x4b ../../libtock-c/newlib/cortex-m/v6-m/libc.a(lib_a-memmove.o)
                                        0x986 (size before relaxing)
 .debug_str     0x00000000000029a4       0x2c ../../libtock-c/newlib/cortex-m/v6-m/libc.a(lib_a-nano-reallocr.o)
                                        0x788 (size before relaxing)
 .debug_str     0x00000000000029d0       0x3f ../../libtock-c/newlib/cortex-m/v6-m/libc.a(lib_a-readr.o)
                                        0x690 (size before relaxing)
 .debug_str     0x0000000000002a0f        0xf ../../libtock-c/newlib/cortex-m/v6-m/libc.a(lib_a-nano-msizer.o)
                                        0x75d (size before relaxing)
 .debug_str     0x0000000000002a1e       0x7e ../../libtock-c/libtock/build/cortex-m0/libtock.a(sys.o)